ARM GAS  C:\Users\220036~1\AppData\Local\Temp\cc5mY3Lr.s 			page 1


   1              		.syntax unified
   2              		.cpu cortex-m0plus
   3              		.fpu softvfp
   4              		.eabi_attribute 20, 1
   5              		.eabi_attribute 21, 1
   6              		.eabi_attribute 23, 3
   7              		.eabi_attribute 24, 1
   8              		.eabi_attribute 25, 1
   9              		.eabi_attribute 26, 1
  10              		.eabi_attribute 30, 1
  11              		.eabi_attribute 34, 0
  12              		.eabi_attribute 18, 4
  13              		.thumb
  14              		.syntax unified
  15              		.file	"cyfitter_cfg.c"
  16              		.text
  17              	.Ltext0:
  18              		.cfi_sections	.debug_frame
  19              		.section	.text.AnalogSetDefault,"ax",%progbits
  20              		.align	2
  21              		.code	16
  22              		.thumb_func
  23              		.type	AnalogSetDefault, %function
  24              	AnalogSetDefault:
  25              	.LFB5:
  26              		.file 1 "Generated_Source\\PSoC4\\cyfitter_cfg.c"
   1:Generated_Source\PSoC4/cyfitter_cfg.c **** 
   2:Generated_Source\PSoC4/cyfitter_cfg.c **** /*******************************************************************************
   3:Generated_Source\PSoC4/cyfitter_cfg.c **** * File Name: cyfitter_cfg.c
   4:Generated_Source\PSoC4/cyfitter_cfg.c **** * 
   5:Generated_Source\PSoC4/cyfitter_cfg.c **** * PSoC Creator  4.2
   6:Generated_Source\PSoC4/cyfitter_cfg.c **** *
   7:Generated_Source\PSoC4/cyfitter_cfg.c **** * Description:
   8:Generated_Source\PSoC4/cyfitter_cfg.c **** * This file contains device initialization code.
   9:Generated_Source\PSoC4/cyfitter_cfg.c **** * Except for the user defined sections in CyClockStartupError(), this file should not be modified.
  10:Generated_Source\PSoC4/cyfitter_cfg.c **** * This file is automatically generated by PSoC Creator.
  11:Generated_Source\PSoC4/cyfitter_cfg.c **** *
  12:Generated_Source\PSoC4/cyfitter_cfg.c **** ********************************************************************************
  13:Generated_Source\PSoC4/cyfitter_cfg.c **** * Copyright (c) 2007-2018 Cypress Semiconductor.  All rights reserved.
  14:Generated_Source\PSoC4/cyfitter_cfg.c **** * You may use this file only in accordance with the license, terms, conditions, 
  15:Generated_Source\PSoC4/cyfitter_cfg.c **** * disclaimers, and limitations in the end user license agreement accompanying 
  16:Generated_Source\PSoC4/cyfitter_cfg.c **** * the software package with which this file was provided.
  17:Generated_Source\PSoC4/cyfitter_cfg.c **** ********************************************************************************/
  18:Generated_Source\PSoC4/cyfitter_cfg.c **** 
  19:Generated_Source\PSoC4/cyfitter_cfg.c **** #include <string.h>
  20:Generated_Source\PSoC4/cyfitter_cfg.c **** #include "cytypes.h"
  21:Generated_Source\PSoC4/cyfitter_cfg.c **** #include "cydevice_trm.h"
  22:Generated_Source\PSoC4/cyfitter_cfg.c **** #include "cyfitter.h"
  23:Generated_Source\PSoC4/cyfitter_cfg.c **** #include "CyLib.h"
  24:Generated_Source\PSoC4/cyfitter_cfg.c **** #include "CyLFClk.h"
  25:Generated_Source\PSoC4/cyfitter_cfg.c **** #include "cyfitter_cfg.h"
  26:Generated_Source\PSoC4/cyfitter_cfg.c **** #include "cyapicallbacks.h"
  27:Generated_Source\PSoC4/cyfitter_cfg.c **** 
  28:Generated_Source\PSoC4/cyfitter_cfg.c **** 
  29:Generated_Source\PSoC4/cyfitter_cfg.c **** #if defined(__GNUC__) || defined(__ARMCC_VERSION)
  30:Generated_Source\PSoC4/cyfitter_cfg.c ****     #define CYPACKED 
  31:Generated_Source\PSoC4/cyfitter_cfg.c ****     #define CYPACKED_ATTR __attribute__ ((packed))
ARM GAS  C:\Users\220036~1\AppData\Local\Temp\cc5mY3Lr.s 			page 2


  32:Generated_Source\PSoC4/cyfitter_cfg.c ****     #define CYALIGNED __attribute__ ((aligned))
  33:Generated_Source\PSoC4/cyfitter_cfg.c ****     #define CY_CFG_UNUSED __attribute__ ((unused))
  34:Generated_Source\PSoC4/cyfitter_cfg.c ****     #ifndef CY_CFG_SECTION
  35:Generated_Source\PSoC4/cyfitter_cfg.c ****         #define CY_CFG_SECTION __attribute__ ((section(".psocinit")))
  36:Generated_Source\PSoC4/cyfitter_cfg.c ****     #endif
  37:Generated_Source\PSoC4/cyfitter_cfg.c ****     
  38:Generated_Source\PSoC4/cyfitter_cfg.c ****     #if defined(__ARMCC_VERSION)
  39:Generated_Source\PSoC4/cyfitter_cfg.c ****         #define CY_CFG_MEMORY_BARRIER() __memory_changed()
  40:Generated_Source\PSoC4/cyfitter_cfg.c ****     #else
  41:Generated_Source\PSoC4/cyfitter_cfg.c ****         #define CY_CFG_MEMORY_BARRIER() __sync_synchronize()
  42:Generated_Source\PSoC4/cyfitter_cfg.c ****     #endif
  43:Generated_Source\PSoC4/cyfitter_cfg.c ****     
  44:Generated_Source\PSoC4/cyfitter_cfg.c **** #elif defined(__ICCARM__)
  45:Generated_Source\PSoC4/cyfitter_cfg.c ****     #include <intrinsics.h>
  46:Generated_Source\PSoC4/cyfitter_cfg.c **** 
  47:Generated_Source\PSoC4/cyfitter_cfg.c ****     #define CYPACKED __packed
  48:Generated_Source\PSoC4/cyfitter_cfg.c ****     #define CYPACKED_ATTR 
  49:Generated_Source\PSoC4/cyfitter_cfg.c ****     #define CYALIGNED _Pragma("data_alignment=4")
  50:Generated_Source\PSoC4/cyfitter_cfg.c ****     #define CY_CFG_UNUSED _Pragma("diag_suppress=Pe177")
  51:Generated_Source\PSoC4/cyfitter_cfg.c ****     #define CY_CFG_SECTION _Pragma("location=\".psocinit\"")
  52:Generated_Source\PSoC4/cyfitter_cfg.c ****     
  53:Generated_Source\PSoC4/cyfitter_cfg.c ****     #define CY_CFG_MEMORY_BARRIER() __DMB()
  54:Generated_Source\PSoC4/cyfitter_cfg.c ****     
  55:Generated_Source\PSoC4/cyfitter_cfg.c **** #else
  56:Generated_Source\PSoC4/cyfitter_cfg.c ****     #error Unsupported toolchain
  57:Generated_Source\PSoC4/cyfitter_cfg.c **** #endif
  58:Generated_Source\PSoC4/cyfitter_cfg.c **** 
  59:Generated_Source\PSoC4/cyfitter_cfg.c **** #ifndef CYCODE
  60:Generated_Source\PSoC4/cyfitter_cfg.c ****     #define CYCODE
  61:Generated_Source\PSoC4/cyfitter_cfg.c **** #endif
  62:Generated_Source\PSoC4/cyfitter_cfg.c **** #ifndef CYDATA
  63:Generated_Source\PSoC4/cyfitter_cfg.c ****     #define CYDATA
  64:Generated_Source\PSoC4/cyfitter_cfg.c **** #endif
  65:Generated_Source\PSoC4/cyfitter_cfg.c **** #ifndef CYFAR
  66:Generated_Source\PSoC4/cyfitter_cfg.c ****     #define CYFAR
  67:Generated_Source\PSoC4/cyfitter_cfg.c **** #endif
  68:Generated_Source\PSoC4/cyfitter_cfg.c **** #ifndef CYXDATA
  69:Generated_Source\PSoC4/cyfitter_cfg.c ****     #define CYXDATA
  70:Generated_Source\PSoC4/cyfitter_cfg.c **** #endif
  71:Generated_Source\PSoC4/cyfitter_cfg.c **** 
  72:Generated_Source\PSoC4/cyfitter_cfg.c **** 
  73:Generated_Source\PSoC4/cyfitter_cfg.c **** CY_CFG_UNUSED
  74:Generated_Source\PSoC4/cyfitter_cfg.c **** static void CYMEMZERO(void *s, size_t n);
  75:Generated_Source\PSoC4/cyfitter_cfg.c **** CY_CFG_UNUSED
  76:Generated_Source\PSoC4/cyfitter_cfg.c **** static void CYMEMZERO(void *s, size_t n)
  77:Generated_Source\PSoC4/cyfitter_cfg.c **** {
  78:Generated_Source\PSoC4/cyfitter_cfg.c **** 	(void)memset(s, 0, n);
  79:Generated_Source\PSoC4/cyfitter_cfg.c **** }
  80:Generated_Source\PSoC4/cyfitter_cfg.c **** CY_CFG_UNUSED
  81:Generated_Source\PSoC4/cyfitter_cfg.c **** static void CYCONFIGCPY(void *dest, const void *src, size_t n);
  82:Generated_Source\PSoC4/cyfitter_cfg.c **** CY_CFG_UNUSED
  83:Generated_Source\PSoC4/cyfitter_cfg.c **** static void CYCONFIGCPY(void *dest, const void *src, size_t n)
  84:Generated_Source\PSoC4/cyfitter_cfg.c **** {
  85:Generated_Source\PSoC4/cyfitter_cfg.c **** 	(void)memcpy(dest, src, n);
  86:Generated_Source\PSoC4/cyfitter_cfg.c **** }
  87:Generated_Source\PSoC4/cyfitter_cfg.c **** CY_CFG_UNUSED
  88:Generated_Source\PSoC4/cyfitter_cfg.c **** static void CYCONFIGCPYCODE(void *dest, const void *src, size_t n);
ARM GAS  C:\Users\220036~1\AppData\Local\Temp\cc5mY3Lr.s 			page 3


  89:Generated_Source\PSoC4/cyfitter_cfg.c **** CY_CFG_UNUSED
  90:Generated_Source\PSoC4/cyfitter_cfg.c **** static void CYCONFIGCPYCODE(void *dest, const void *src, size_t n)
  91:Generated_Source\PSoC4/cyfitter_cfg.c **** {
  92:Generated_Source\PSoC4/cyfitter_cfg.c **** 	(void)memcpy(dest, src, n);
  93:Generated_Source\PSoC4/cyfitter_cfg.c **** }
  94:Generated_Source\PSoC4/cyfitter_cfg.c **** 
  95:Generated_Source\PSoC4/cyfitter_cfg.c **** 
  96:Generated_Source\PSoC4/cyfitter_cfg.c **** 
  97:Generated_Source\PSoC4/cyfitter_cfg.c **** 
  98:Generated_Source\PSoC4/cyfitter_cfg.c **** /* Clock startup error codes                                                   */
  99:Generated_Source\PSoC4/cyfitter_cfg.c **** #define CYCLOCKSTART_NO_ERROR    0u
 100:Generated_Source\PSoC4/cyfitter_cfg.c **** #define CYCLOCKSTART_XTAL_ERROR  1u
 101:Generated_Source\PSoC4/cyfitter_cfg.c **** #define CYCLOCKSTART_32KHZ_ERROR 2u
 102:Generated_Source\PSoC4/cyfitter_cfg.c **** #define CYCLOCKSTART_PLL_ERROR   3u
 103:Generated_Source\PSoC4/cyfitter_cfg.c **** #define CYCLOCKSTART_FLL_ERROR   4u
 104:Generated_Source\PSoC4/cyfitter_cfg.c **** #define CYCLOCKSTART_WCO_ERROR   5u
 105:Generated_Source\PSoC4/cyfitter_cfg.c **** 
 106:Generated_Source\PSoC4/cyfitter_cfg.c **** 
 107:Generated_Source\PSoC4/cyfitter_cfg.c **** #ifdef CY_NEED_CYCLOCKSTARTUPERROR
 108:Generated_Source\PSoC4/cyfitter_cfg.c **** /*******************************************************************************
 109:Generated_Source\PSoC4/cyfitter_cfg.c **** * Function Name: CyClockStartupError
 110:Generated_Source\PSoC4/cyfitter_cfg.c **** ********************************************************************************
 111:Generated_Source\PSoC4/cyfitter_cfg.c **** * Summary:
 112:Generated_Source\PSoC4/cyfitter_cfg.c **** *  If an error is encountered during clock configuration (crystal startup error,
 113:Generated_Source\PSoC4/cyfitter_cfg.c **** *  PLL lock error, etc.), the system will end up here.  Unless reimplemented by
 114:Generated_Source\PSoC4/cyfitter_cfg.c **** *  the customer, this function will stop in an infinite loop.
 115:Generated_Source\PSoC4/cyfitter_cfg.c **** *
 116:Generated_Source\PSoC4/cyfitter_cfg.c **** * Parameters:
 117:Generated_Source\PSoC4/cyfitter_cfg.c **** *   void
 118:Generated_Source\PSoC4/cyfitter_cfg.c **** *
 119:Generated_Source\PSoC4/cyfitter_cfg.c **** * Return:
 120:Generated_Source\PSoC4/cyfitter_cfg.c **** *   void
 121:Generated_Source\PSoC4/cyfitter_cfg.c **** *
 122:Generated_Source\PSoC4/cyfitter_cfg.c **** *******************************************************************************/
 123:Generated_Source\PSoC4/cyfitter_cfg.c **** CY_CFG_UNUSED
 124:Generated_Source\PSoC4/cyfitter_cfg.c **** static void CyClockStartupError(uint8 errorCode);
 125:Generated_Source\PSoC4/cyfitter_cfg.c **** CY_CFG_UNUSED
 126:Generated_Source\PSoC4/cyfitter_cfg.c **** static void CyClockStartupError(uint8 errorCode)
 127:Generated_Source\PSoC4/cyfitter_cfg.c **** {
 128:Generated_Source\PSoC4/cyfitter_cfg.c ****     /* To remove the compiler warning if errorCode not used.                */
 129:Generated_Source\PSoC4/cyfitter_cfg.c ****     errorCode = errorCode;
 130:Generated_Source\PSoC4/cyfitter_cfg.c **** 
 131:Generated_Source\PSoC4/cyfitter_cfg.c ****     /* If we have a clock startup error (bad MHz crystal, PLL lock, etc.),  */
 132:Generated_Source\PSoC4/cyfitter_cfg.c ****     /* we will end up here to allow the customer to implement something to  */
 133:Generated_Source\PSoC4/cyfitter_cfg.c ****     /* deal with the clock condition.                                       */
 134:Generated_Source\PSoC4/cyfitter_cfg.c **** 
 135:Generated_Source\PSoC4/cyfitter_cfg.c **** #ifdef CY_CFG_CLOCK_STARTUP_ERROR_CALLBACK
 136:Generated_Source\PSoC4/cyfitter_cfg.c ****     CY_CFG_Clock_Startup_ErrorCallback();
 137:Generated_Source\PSoC4/cyfitter_cfg.c **** #else
 138:Generated_Source\PSoC4/cyfitter_cfg.c ****     /*  If not using CY_CFG_CLOCK_STARTUP_ERROR_CALLBACK, place your clock startup code here. */
 139:Generated_Source\PSoC4/cyfitter_cfg.c ****     /* `#START CyClockStartupError` */
 140:Generated_Source\PSoC4/cyfitter_cfg.c **** 
 141:Generated_Source\PSoC4/cyfitter_cfg.c **** 
 142:Generated_Source\PSoC4/cyfitter_cfg.c **** 
 143:Generated_Source\PSoC4/cyfitter_cfg.c ****     /* `#END` */
 144:Generated_Source\PSoC4/cyfitter_cfg.c **** 
 145:Generated_Source\PSoC4/cyfitter_cfg.c ****     while(1) {}
ARM GAS  C:\Users\220036~1\AppData\Local\Temp\cc5mY3Lr.s 			page 4


 146:Generated_Source\PSoC4/cyfitter_cfg.c **** #endif /* CY_CFG_CLOCK_STARTUP_ERROR_CALLBACK */
 147:Generated_Source\PSoC4/cyfitter_cfg.c **** }
 148:Generated_Source\PSoC4/cyfitter_cfg.c **** #endif
 149:Generated_Source\PSoC4/cyfitter_cfg.c **** 
 150:Generated_Source\PSoC4/cyfitter_cfg.c **** 
 151:Generated_Source\PSoC4/cyfitter_cfg.c **** 
 152:Generated_Source\PSoC4/cyfitter_cfg.c **** /*******************************************************************************
 153:Generated_Source\PSoC4/cyfitter_cfg.c **** * Function Name: ClockSetup
 154:Generated_Source\PSoC4/cyfitter_cfg.c **** ********************************************************************************
 155:Generated_Source\PSoC4/cyfitter_cfg.c **** *
 156:Generated_Source\PSoC4/cyfitter_cfg.c **** * Summary:
 157:Generated_Source\PSoC4/cyfitter_cfg.c **** *   Performs the initialization of all of the clocks in the device based on the
 158:Generated_Source\PSoC4/cyfitter_cfg.c **** *   settings in the Clock tab of the DWR.  This includes enabling the requested
 159:Generated_Source\PSoC4/cyfitter_cfg.c **** *   clocks and setting the necessary dividers to produce the desired frequency. 
 160:Generated_Source\PSoC4/cyfitter_cfg.c **** *
 161:Generated_Source\PSoC4/cyfitter_cfg.c **** * Parameters:
 162:Generated_Source\PSoC4/cyfitter_cfg.c **** *   void
 163:Generated_Source\PSoC4/cyfitter_cfg.c **** *
 164:Generated_Source\PSoC4/cyfitter_cfg.c **** * Return:
 165:Generated_Source\PSoC4/cyfitter_cfg.c **** *   void
 166:Generated_Source\PSoC4/cyfitter_cfg.c **** *
 167:Generated_Source\PSoC4/cyfitter_cfg.c **** *******************************************************************************/
 168:Generated_Source\PSoC4/cyfitter_cfg.c **** static void ClockSetup(void);
 169:Generated_Source\PSoC4/cyfitter_cfg.c **** CY_CFG_SECTION
 170:Generated_Source\PSoC4/cyfitter_cfg.c **** static void ClockSetup(void)
 171:Generated_Source\PSoC4/cyfitter_cfg.c **** {
 172:Generated_Source\PSoC4/cyfitter_cfg.c **** 
 173:Generated_Source\PSoC4/cyfitter_cfg.c **** 	/* Set Flash Cycles based on max possible frequency in case a glitch occurs during ClockSetup(). *
 174:Generated_Source\PSoC4/cyfitter_cfg.c **** 	CY_SET_REG32((void CYXDATA *)(CYREG_CPUSS_FLASH_CTL), (0x0012u));
 175:Generated_Source\PSoC4/cyfitter_cfg.c **** 	/* Update IMO to new clock speed. */
 176:Generated_Source\PSoC4/cyfitter_cfg.c **** 	CySysClkWriteImoFreq(24u);
 177:Generated_Source\PSoC4/cyfitter_cfg.c **** 
 178:Generated_Source\PSoC4/cyfitter_cfg.c **** 	/* Setup phase aligned clocks */
 179:Generated_Source\PSoC4/cyfitter_cfg.c **** 	CY_SET_REG32((void *)CYREG_PERI_DIV_16_CTL3, 0x00002700u);
 180:Generated_Source\PSoC4/cyfitter_cfg.c **** 	CY_SET_REG32((void *)CYREG_PERI_DIV_CMD, 0x8000FF43u);
 181:Generated_Source\PSoC4/cyfitter_cfg.c **** 	CY_SET_REG32((void *)CYREG_PERI_DIV_16_CTL0, 0x0000FE00u);
 182:Generated_Source\PSoC4/cyfitter_cfg.c **** 	CY_SET_REG32((void *)CYREG_PERI_DIV_CMD, 0x8000FF40u);
 183:Generated_Source\PSoC4/cyfitter_cfg.c **** 	CY_SET_REG32((void *)CYREG_PERI_DIV_16_CTL1, 0x00000100u);
 184:Generated_Source\PSoC4/cyfitter_cfg.c **** 	CY_SET_REG32((void *)CYREG_PERI_DIV_CMD, 0x8000FF41u);
 185:Generated_Source\PSoC4/cyfitter_cfg.c **** 	CY_SET_REG32((void *)CYREG_PERI_DIV_16_CTL2, 0x00000200u);
 186:Generated_Source\PSoC4/cyfitter_cfg.c **** 	CY_SET_REG32((void *)CYREG_PERI_DIV_CMD, 0x8000FF42u);
 187:Generated_Source\PSoC4/cyfitter_cfg.c **** 
 188:Generated_Source\PSoC4/cyfitter_cfg.c **** 	/* CYDEV_CLK_SELECT Starting address: CYDEV_CLK_SELECT */
 189:Generated_Source\PSoC4/cyfitter_cfg.c **** 	CY_SET_REG32((void *)(CYREG_CLK_SELECT), 0x00000000u);
 190:Generated_Source\PSoC4/cyfitter_cfg.c **** 
 191:Generated_Source\PSoC4/cyfitter_cfg.c **** 	/* CYDEV_PERI_PCLK_CTL9 Starting address: CYDEV_PERI_PCLK_CTL9 */
 192:Generated_Source\PSoC4/cyfitter_cfg.c **** 	CY_SET_REG32((void *)(CYREG_PERI_PCLK_CTL9), 0x00000043u);
 193:Generated_Source\PSoC4/cyfitter_cfg.c **** 
 194:Generated_Source\PSoC4/cyfitter_cfg.c **** 	/* CYDEV_PERI_PCLK_CTL8 Starting address: CYDEV_PERI_PCLK_CTL8 */
 195:Generated_Source\PSoC4/cyfitter_cfg.c **** 	CY_SET_REG32((void *)(CYREG_PERI_PCLK_CTL8), 0x00000043u);
 196:Generated_Source\PSoC4/cyfitter_cfg.c **** 
 197:Generated_Source\PSoC4/cyfitter_cfg.c **** 	/* CYDEV_PERI_PCLK_CTL7 Starting address: CYDEV_PERI_PCLK_CTL7 */
 198:Generated_Source\PSoC4/cyfitter_cfg.c **** 	CY_SET_REG32((void *)(CYREG_PERI_PCLK_CTL7), 0x00000043u);
 199:Generated_Source\PSoC4/cyfitter_cfg.c **** 
 200:Generated_Source\PSoC4/cyfitter_cfg.c **** 	/* CYDEV_PERI_PCLK_CTL6 Starting address: CYDEV_PERI_PCLK_CTL6 */
 201:Generated_Source\PSoC4/cyfitter_cfg.c **** 	CY_SET_REG32((void *)(CYREG_PERI_PCLK_CTL6), 0x00000043u);
 202:Generated_Source\PSoC4/cyfitter_cfg.c **** 
ARM GAS  C:\Users\220036~1\AppData\Local\Temp\cc5mY3Lr.s 			page 5


 203:Generated_Source\PSoC4/cyfitter_cfg.c **** 	/* CYDEV_PERI_PCLK_CTL5 Starting address: CYDEV_PERI_PCLK_CTL5 */
 204:Generated_Source\PSoC4/cyfitter_cfg.c **** 	CY_SET_REG32((void *)(CYREG_PERI_PCLK_CTL5), 0x00000040u);
 205:Generated_Source\PSoC4/cyfitter_cfg.c **** 
 206:Generated_Source\PSoC4/cyfitter_cfg.c **** 	/* CYDEV_PERI_PCLK_CTL2 Starting address: CYDEV_PERI_PCLK_CTL2 */
 207:Generated_Source\PSoC4/cyfitter_cfg.c **** 	CY_SET_REG32((void *)(CYREG_PERI_PCLK_CTL2), 0x00000041u);
 208:Generated_Source\PSoC4/cyfitter_cfg.c **** 
 209:Generated_Source\PSoC4/cyfitter_cfg.c **** 	/* CYDEV_PERI_PCLK_CTL0 Starting address: CYDEV_PERI_PCLK_CTL0 */
 210:Generated_Source\PSoC4/cyfitter_cfg.c **** 	CY_SET_REG32((void *)(CYREG_PERI_PCLK_CTL0), 0x00000042u);
 211:Generated_Source\PSoC4/cyfitter_cfg.c **** 
 212:Generated_Source\PSoC4/cyfitter_cfg.c **** 	(void)CyIntSetVector(13u, &CySysTimerIsr);
 213:Generated_Source\PSoC4/cyfitter_cfg.c **** 	CyIntEnable(13u);
 214:Generated_Source\PSoC4/cyfitter_cfg.c **** 	CY_SET_REG32((void *)(CYREG_WCO_WDT_CONFIG), 0x00000000u);
 215:Generated_Source\PSoC4/cyfitter_cfg.c **** 	CySysClkSetTimerSource(CY_SYS_CLK_TIMER_SRC_ILO);
 216:Generated_Source\PSoC4/cyfitter_cfg.c **** 	/* Set Flash Cycles based on newly configured 24.00MHz HFCLK. */
 217:Generated_Source\PSoC4/cyfitter_cfg.c **** 	CY_SET_REG32((void CYXDATA *)(CYREG_CPUSS_FLASH_CTL), (0x0011u));
 218:Generated_Source\PSoC4/cyfitter_cfg.c **** }
 219:Generated_Source\PSoC4/cyfitter_cfg.c **** 
 220:Generated_Source\PSoC4/cyfitter_cfg.c **** 
 221:Generated_Source\PSoC4/cyfitter_cfg.c **** /* Analog API Functions */
 222:Generated_Source\PSoC4/cyfitter_cfg.c **** 
 223:Generated_Source\PSoC4/cyfitter_cfg.c **** 
 224:Generated_Source\PSoC4/cyfitter_cfg.c **** /*******************************************************************************
 225:Generated_Source\PSoC4/cyfitter_cfg.c **** * Function Name: AnalogSetDefault
 226:Generated_Source\PSoC4/cyfitter_cfg.c **** ********************************************************************************
 227:Generated_Source\PSoC4/cyfitter_cfg.c **** *
 228:Generated_Source\PSoC4/cyfitter_cfg.c **** * Summary:
 229:Generated_Source\PSoC4/cyfitter_cfg.c **** *  Sets up the analog portions of the chip to default values based on chip
 230:Generated_Source\PSoC4/cyfitter_cfg.c **** *  configuration options from the project.
 231:Generated_Source\PSoC4/cyfitter_cfg.c **** *
 232:Generated_Source\PSoC4/cyfitter_cfg.c **** * Parameters:
 233:Generated_Source\PSoC4/cyfitter_cfg.c **** *  void
 234:Generated_Source\PSoC4/cyfitter_cfg.c **** *
 235:Generated_Source\PSoC4/cyfitter_cfg.c **** * Return:
 236:Generated_Source\PSoC4/cyfitter_cfg.c **** *  void
 237:Generated_Source\PSoC4/cyfitter_cfg.c **** *
 238:Generated_Source\PSoC4/cyfitter_cfg.c **** *******************************************************************************/
 239:Generated_Source\PSoC4/cyfitter_cfg.c **** static void AnalogSetDefault(void);
 240:Generated_Source\PSoC4/cyfitter_cfg.c **** static void AnalogSetDefault(void)
 241:Generated_Source\PSoC4/cyfitter_cfg.c **** {
  27              		.loc 1 241 0
  28              		.cfi_startproc
  29              		@ args = 0, pretend = 0, frame = 0
  30              		@ frame_needed = 0, uses_anonymous_args = 0
  31              		@ link register save eliminated.
 242:Generated_Source\PSoC4/cyfitter_cfg.c **** 	CY_SET_XTND_REG32((void CYFAR *)CYREG_HSIOM_AMUX_SPLIT_CTL0, 0x00000033u);
  32              		.loc 1 242 0
  33 0000 3323     		movs	r3, #51
  34 0002 074A     		ldr	r2, .L2
  35 0004 1360     		str	r3, [r2]
 243:Generated_Source\PSoC4/cyfitter_cfg.c **** 	CY_SET_XTND_REG32((void CYFAR *)CYREG_HSIOM_AMUX_SPLIT_CTL1, 0x00000033u);
  36              		.loc 1 243 0
  37 0006 074A     		ldr	r2, .L2+4
  38 0008 1360     		str	r3, [r2]
 244:Generated_Source\PSoC4/cyfitter_cfg.c **** 	CY_SET_XTND_REG32((void CYFAR *)CYREG_CSD_SW_DSI_SEL, 0x00000011u);
  39              		.loc 1 244 0
  40 000a 1122     		movs	r2, #17
  41 000c 064B     		ldr	r3, .L2+8
ARM GAS  C:\Users\220036~1\AppData\Local\Temp\cc5mY3Lr.s 			page 6


  42 000e 1A60     		str	r2, [r3]
 245:Generated_Source\PSoC4/cyfitter_cfg.c **** 	CY_SET_XTND_REG32((void CYFAR *)CYREG_CTBM0_DFT_CTRL, 0x00000003u);
  43              		.loc 1 245 0
  44 0010 0E3A     		subs	r2, r2, #14
  45 0012 064B     		ldr	r3, .L2+12
  46 0014 1A60     		str	r2, [r3]
 246:Generated_Source\PSoC4/cyfitter_cfg.c **** 	CY_SET_XTND_REG32((void CYFAR *)CYREG_PASS_DSAB_DSAB_CTRL, 0x00000020u);
  47              		.loc 1 246 0
  48 0016 1D32     		adds	r2, r2, #29
  49 0018 054B     		ldr	r3, .L2+16
  50 001a 1A60     		str	r2, [r3]
 247:Generated_Source\PSoC4/cyfitter_cfg.c **** 	/* Variable VDDA is selected; no pumps are enabled by default */
 248:Generated_Source\PSoC4/cyfitter_cfg.c **** }
  51              		.loc 1 248 0
  52              		@ sp needed
  53 001c 7047     		bx	lr
  54              	.L3:
  55 001e C046     		.align	2
  56              	.L2:
  57 0020 00210240 		.word	1073881344
  58 0024 04210240 		.word	1073881348
  59 0028 C0022940 		.word	1076429504
  60 002c 30003040 		.word	1076887600
  61 0030 000E3F40 		.word	1077874176
  62              		.cfi_endproc
  63              	.LFE5:
  64              		.size	AnalogSetDefault, .-AnalogSetDefault
  65              		.section	.psocinit,"ax",%progbits
  66              		.align	2
  67              		.code	16
  68              		.thumb_func
  69              		.type	ClockSetup, %function
  70              	ClockSetup:
  71              	.LFB4:
 171:Generated_Source\PSoC4/cyfitter_cfg.c **** 
  72              		.loc 1 171 0
  73              		.cfi_startproc
  74              		@ args = 0, pretend = 0, frame = 0
  75              		@ frame_needed = 0, uses_anonymous_args = 0
  76 0000 70B5     		push	{r4, r5, r6, lr}
  77              		.cfi_def_cfa_offset 16
  78              		.cfi_offset 4, -16
  79              		.cfi_offset 5, -12
  80              		.cfi_offset 6, -8
  81              		.cfi_offset 14, -4
 174:Generated_Source\PSoC4/cyfitter_cfg.c **** 	/* Update IMO to new clock speed. */
  82              		.loc 1 174 0
  83 0002 214C     		ldr	r4, .L5
  84 0004 1223     		movs	r3, #18
  85 0006 2360     		str	r3, [r4]
 176:Generated_Source\PSoC4/cyfitter_cfg.c **** 
  86              		.loc 1 176 0
  87 0008 1820     		movs	r0, #24
  88 000a FFF7FEFF 		bl	CySysClkWriteImoFreq
  89              	.LVL0:
 179:Generated_Source\PSoC4/cyfitter_cfg.c **** 	CY_SET_REG32((void *)CYREG_PERI_DIV_CMD, 0x8000FF43u);
  90              		.loc 1 179 0
ARM GAS  C:\Users\220036~1\AppData\Local\Temp\cc5mY3Lr.s 			page 7


  91 000e 9C22     		movs	r2, #156
  92 0010 9201     		lsls	r2, r2, #6
  93 0012 1E4B     		ldr	r3, .L5+4
  94 0014 1A60     		str	r2, [r3]
 180:Generated_Source\PSoC4/cyfitter_cfg.c **** 	CY_SET_REG32((void *)CYREG_PERI_DIV_16_CTL0, 0x0000FE00u);
  95              		.loc 1 180 0
  96 0016 1E4B     		ldr	r3, .L5+8
  97 0018 1E4A     		ldr	r2, .L5+12
  98 001a 1A60     		str	r2, [r3]
 181:Generated_Source\PSoC4/cyfitter_cfg.c **** 	CY_SET_REG32((void *)CYREG_PERI_DIV_CMD, 0x8000FF40u);
  99              		.loc 1 181 0
 100 001c FE21     		movs	r1, #254
 101 001e 0902     		lsls	r1, r1, #8
 102 0020 1D4A     		ldr	r2, .L5+16
 103 0022 1160     		str	r1, [r2]
 182:Generated_Source\PSoC4/cyfitter_cfg.c **** 	CY_SET_REG32((void *)CYREG_PERI_DIV_16_CTL1, 0x00000100u);
 104              		.loc 1 182 0
 105 0024 1D4A     		ldr	r2, .L5+20
 106 0026 1A60     		str	r2, [r3]
 183:Generated_Source\PSoC4/cyfitter_cfg.c **** 	CY_SET_REG32((void *)CYREG_PERI_DIV_CMD, 0x8000FF41u);
 107              		.loc 1 183 0
 108 0028 8021     		movs	r1, #128
 109 002a 4900     		lsls	r1, r1, #1
 110 002c 1C4A     		ldr	r2, .L5+24
 111 002e 1160     		str	r1, [r2]
 184:Generated_Source\PSoC4/cyfitter_cfg.c **** 	CY_SET_REG32((void *)CYREG_PERI_DIV_16_CTL2, 0x00000200u);
 112              		.loc 1 184 0
 113 0030 1C4A     		ldr	r2, .L5+28
 114 0032 1A60     		str	r2, [r3]
 185:Generated_Source\PSoC4/cyfitter_cfg.c **** 	CY_SET_REG32((void *)CYREG_PERI_DIV_CMD, 0x8000FF42u);
 115              		.loc 1 185 0
 116 0034 0131     		adds	r1, r1, #1
 117 0036 FF31     		adds	r1, r1, #255
 118 0038 1B4A     		ldr	r2, .L5+32
 119 003a 1160     		str	r1, [r2]
 186:Generated_Source\PSoC4/cyfitter_cfg.c **** 
 120              		.loc 1 186 0
 121 003c 1B4A     		ldr	r2, .L5+36
 122 003e 1A60     		str	r2, [r3]
 189:Generated_Source\PSoC4/cyfitter_cfg.c **** 
 123              		.loc 1 189 0
 124 0040 0025     		movs	r5, #0
 125 0042 1B4B     		ldr	r3, .L5+40
 126 0044 1D60     		str	r5, [r3]
 192:Generated_Source\PSoC4/cyfitter_cfg.c **** 
 127              		.loc 1 192 0
 128 0046 4323     		movs	r3, #67
 129 0048 1A4A     		ldr	r2, .L5+44
 130 004a 1360     		str	r3, [r2]
 195:Generated_Source\PSoC4/cyfitter_cfg.c **** 
 131              		.loc 1 195 0
 132 004c 1A4A     		ldr	r2, .L5+48
 133 004e 1360     		str	r3, [r2]
 198:Generated_Source\PSoC4/cyfitter_cfg.c **** 
 134              		.loc 1 198 0
 135 0050 1A4A     		ldr	r2, .L5+52
 136 0052 1360     		str	r3, [r2]
ARM GAS  C:\Users\220036~1\AppData\Local\Temp\cc5mY3Lr.s 			page 8


 201:Generated_Source\PSoC4/cyfitter_cfg.c **** 
 137              		.loc 1 201 0
 138 0054 1A4A     		ldr	r2, .L5+56
 139 0056 1360     		str	r3, [r2]
 204:Generated_Source\PSoC4/cyfitter_cfg.c **** 
 140              		.loc 1 204 0
 141 0058 4022     		movs	r2, #64
 142 005a 1A4B     		ldr	r3, .L5+60
 143 005c 1A60     		str	r2, [r3]
 207:Generated_Source\PSoC4/cyfitter_cfg.c **** 
 144              		.loc 1 207 0
 145 005e 0132     		adds	r2, r2, #1
 146 0060 194B     		ldr	r3, .L5+64
 147 0062 1A60     		str	r2, [r3]
 210:Generated_Source\PSoC4/cyfitter_cfg.c **** 
 148              		.loc 1 210 0
 149 0064 0132     		adds	r2, r2, #1
 150 0066 194B     		ldr	r3, .L5+68
 151 0068 1A60     		str	r2, [r3]
 212:Generated_Source\PSoC4/cyfitter_cfg.c **** 	CyIntEnable(13u);
 152              		.loc 1 212 0
 153 006a 1949     		ldr	r1, .L5+72
 154 006c 0D20     		movs	r0, #13
 155 006e FFF7FEFF 		bl	CyIntSetVector
 156              	.LVL1:
 213:Generated_Source\PSoC4/cyfitter_cfg.c **** 	CY_SET_REG32((void *)(CYREG_WCO_WDT_CONFIG), 0x00000000u);
 157              		.loc 1 213 0
 158 0072 0D20     		movs	r0, #13
 159 0074 FFF7FEFF 		bl	CyIntEnable
 160              	.LVL2:
 214:Generated_Source\PSoC4/cyfitter_cfg.c **** 	CySysClkSetTimerSource(CY_SYS_CLK_TIMER_SRC_ILO);
 161              		.loc 1 214 0
 162 0078 164B     		ldr	r3, .L5+76
 163 007a 1D60     		str	r5, [r3]
 215:Generated_Source\PSoC4/cyfitter_cfg.c **** 	/* Set Flash Cycles based on newly configured 24.00MHz HFCLK. */
 164              		.loc 1 215 0
 165 007c 0020     		movs	r0, #0
 166 007e FFF7FEFF 		bl	CySysClkSetTimerSource
 167              	.LVL3:
 217:Generated_Source\PSoC4/cyfitter_cfg.c **** }
 168              		.loc 1 217 0
 169 0082 1123     		movs	r3, #17
 170 0084 2360     		str	r3, [r4]
 218:Generated_Source\PSoC4/cyfitter_cfg.c **** 
 171              		.loc 1 218 0
 172              		@ sp needed
 173 0086 70BD     		pop	{r4, r5, r6, pc}
 174              	.L6:
 175              		.align	2
 176              	.L5:
 177 0088 30001040 		.word	1074790448
 178 008c 0C030140 		.word	1073808140
 179 0090 00000140 		.word	1073807360
 180 0094 43FF0080 		.word	-2147418301
 181 0098 00030140 		.word	1073808128
 182 009c 40FF0080 		.word	-2147418304
 183 00a0 04030140 		.word	1073808132
ARM GAS  C:\Users\220036~1\AppData\Local\Temp\cc5mY3Lr.s 			page 9


 184 00a4 41FF0080 		.word	-2147418303
 185 00a8 08030140 		.word	1073808136
 186 00ac 42FF0080 		.word	-2147418302
 187 00b0 28000340 		.word	1073938472
 188 00b4 24010140 		.word	1073807652
 189 00b8 20010140 		.word	1073807648
 190 00bc 1C010140 		.word	1073807644
 191 00c0 18010140 		.word	1073807640
 192 00c4 14010140 		.word	1073807636
 193 00c8 08010140 		.word	1073807624
 194 00cc 00010140 		.word	1073807616
 195 00d0 00000000 		.word	CySysTimerIsr
 196 00d4 0C022240 		.word	1075970572
 197              		.cfi_endproc
 198              	.LFE4:
 199              		.size	ClockSetup, .-ClockSetup
 200              		.section	.text.SetAnalogRoutingPumps,"ax",%progbits
 201              		.align	2
 202              		.global	SetAnalogRoutingPumps
 203              		.code	16
 204              		.thumb_func
 205              		.type	SetAnalogRoutingPumps, %function
 206              	SetAnalogRoutingPumps:
 207              	.LFB6:
 249:Generated_Source\PSoC4/cyfitter_cfg.c **** 
 250:Generated_Source\PSoC4/cyfitter_cfg.c **** 
 251:Generated_Source\PSoC4/cyfitter_cfg.c **** /*******************************************************************************
 252:Generated_Source\PSoC4/cyfitter_cfg.c **** * Function Name: SetAnalogRoutingPumps
 253:Generated_Source\PSoC4/cyfitter_cfg.c **** ********************************************************************************
 254:Generated_Source\PSoC4/cyfitter_cfg.c **** *
 255:Generated_Source\PSoC4/cyfitter_cfg.c **** * Summary:
 256:Generated_Source\PSoC4/cyfitter_cfg.c **** * Enables or disables the analog pumps feeding analog routing switches.
 257:Generated_Source\PSoC4/cyfitter_cfg.c **** * Intended to be called at startup, based on the Vdda system configuration;
 258:Generated_Source\PSoC4/cyfitter_cfg.c **** * may be called during operation when the user informs us that the Vdda voltage crossed the pump th
 259:Generated_Source\PSoC4/cyfitter_cfg.c **** *
 260:Generated_Source\PSoC4/cyfitter_cfg.c **** * Parameters:
 261:Generated_Source\PSoC4/cyfitter_cfg.c **** *  enabled - 1 to enable the pumps, 0 to disable the pumps
 262:Generated_Source\PSoC4/cyfitter_cfg.c **** *
 263:Generated_Source\PSoC4/cyfitter_cfg.c **** * Return:
 264:Generated_Source\PSoC4/cyfitter_cfg.c **** *  void
 265:Generated_Source\PSoC4/cyfitter_cfg.c **** *
 266:Generated_Source\PSoC4/cyfitter_cfg.c **** *******************************************************************************/
 267:Generated_Source\PSoC4/cyfitter_cfg.c **** void SetAnalogRoutingPumps(uint8 enabled)
 268:Generated_Source\PSoC4/cyfitter_cfg.c **** {
 208              		.loc 1 268 0
 209              		.cfi_startproc
 210              		@ args = 0, pretend = 0, frame = 0
 211              		@ frame_needed = 0, uses_anonymous_args = 0
 212              		@ link register save eliminated.
 213              	.LVL4:
 269:Generated_Source\PSoC4/cyfitter_cfg.c **** 	uint32 regValue = CY_GET_XTND_REG32((void *)(CYREG_SAR_PUMP_CTRL));
 214              		.loc 1 269 0
 215 0000 0B4B     		ldr	r3, .L12
 216 0002 1B68     		ldr	r3, [r3]
 217              	.LVL5:
 270:Generated_Source\PSoC4/cyfitter_cfg.c **** 	if (enabled != 0u)
 218              		.loc 1 270 0
ARM GAS  C:\Users\220036~1\AppData\Local\Temp\cc5mY3Lr.s 			page 10


 219 0004 0028     		cmp	r0, #0
 220 0006 03D0     		beq	.L8
 271:Generated_Source\PSoC4/cyfitter_cfg.c **** 	{
 272:Generated_Source\PSoC4/cyfitter_cfg.c **** 		regValue |= 0x80000000u;
 221              		.loc 1 272 0
 222 0008 8022     		movs	r2, #128
 223 000a 1206     		lsls	r2, r2, #24
 224 000c 1343     		orrs	r3, r2
 225              	.LVL6:
 226 000e 01E0     		b	.L9
 227              	.L8:
 273:Generated_Source\PSoC4/cyfitter_cfg.c **** 	}
 274:Generated_Source\PSoC4/cyfitter_cfg.c **** 	else
 275:Generated_Source\PSoC4/cyfitter_cfg.c **** 	{
 276:Generated_Source\PSoC4/cyfitter_cfg.c **** 		regValue &= ~0x80000000u;
 228              		.loc 1 276 0
 229 0010 5B00     		lsls	r3, r3, #1
 230              	.LVL7:
 231 0012 5B08     		lsrs	r3, r3, #1
 232              	.LVL8:
 233              	.L9:
 277:Generated_Source\PSoC4/cyfitter_cfg.c **** 	}
 278:Generated_Source\PSoC4/cyfitter_cfg.c **** 	CY_SET_XTND_REG32((void *)(CYREG_SAR_PUMP_CTRL), regValue);
 234              		.loc 1 278 0
 235 0014 064A     		ldr	r2, .L12
 236 0016 1360     		str	r3, [r2]
 279:Generated_Source\PSoC4/cyfitter_cfg.c **** 	regValue = CY_GET_XTND_REG32((void *)(CYREG_CLK_SELECT));
 237              		.loc 1 279 0
 238 0018 064B     		ldr	r3, .L12+4
 239              	.LVL9:
 240 001a 1B68     		ldr	r3, [r3]
 241              	.LVL10:
 280:Generated_Source\PSoC4/cyfitter_cfg.c **** 	if (enabled != 0u)
 242              		.loc 1 280 0
 243 001c 0028     		cmp	r0, #0
 244 001e 02D0     		beq	.L10
 281:Generated_Source\PSoC4/cyfitter_cfg.c **** 	{
 282:Generated_Source\PSoC4/cyfitter_cfg.c **** 		regValue |= 0x00000020u;
 245              		.loc 1 282 0
 246 0020 2022     		movs	r2, #32
 247 0022 1343     		orrs	r3, r2
 248              	.LVL11:
 249 0024 01E0     		b	.L11
 250              	.L10:
 283:Generated_Source\PSoC4/cyfitter_cfg.c **** 	}
 284:Generated_Source\PSoC4/cyfitter_cfg.c **** 	else
 285:Generated_Source\PSoC4/cyfitter_cfg.c **** 	{
 286:Generated_Source\PSoC4/cyfitter_cfg.c **** 		regValue &= ~0x00000020u;
 251              		.loc 1 286 0
 252 0026 2022     		movs	r2, #32
 253 0028 9343     		bics	r3, r2
 254              	.LVL12:
 255              	.L11:
 287:Generated_Source\PSoC4/cyfitter_cfg.c **** 	}
 288:Generated_Source\PSoC4/cyfitter_cfg.c **** 	CY_SET_XTND_REG32((void *)(CYREG_CLK_SELECT), regValue);
 256              		.loc 1 288 0
 257 002a 024A     		ldr	r2, .L12+4
ARM GAS  C:\Users\220036~1\AppData\Local\Temp\cc5mY3Lr.s 			page 11


 258 002c 1360     		str	r3, [r2]
 289:Generated_Source\PSoC4/cyfitter_cfg.c **** }
 259              		.loc 1 289 0
 260              		@ sp needed
 261 002e 7047     		bx	lr
 262              	.L13:
 263              		.align	2
 264              	.L12:
 265 0030 80033A40 		.word	1077543808
 266 0034 28000340 		.word	1073938472
 267              		.cfi_endproc
 268              	.LFE6:
 269              		.size	SetAnalogRoutingPumps, .-SetAnalogRoutingPumps
 270              		.section	.psocinit
 271              		.align	2
 272              		.global	cyfitter_cfg
 273              		.code	16
 274              		.thumb_func
 275              		.type	cyfitter_cfg, %function
 276              	cyfitter_cfg:
 277              	.LFB7:
 290:Generated_Source\PSoC4/cyfitter_cfg.c **** 
 291:Generated_Source\PSoC4/cyfitter_cfg.c **** 
 292:Generated_Source\PSoC4/cyfitter_cfg.c **** #define CY_AMUX_UNUSED CYREG_CM0P_ROM_DWT
 293:Generated_Source\PSoC4/cyfitter_cfg.c **** 
 294:Generated_Source\PSoC4/cyfitter_cfg.c **** 
 295:Generated_Source\PSoC4/cyfitter_cfg.c **** /*******************************************************************************
 296:Generated_Source\PSoC4/cyfitter_cfg.c **** * Function Name: cyfitter_cfg
 297:Generated_Source\PSoC4/cyfitter_cfg.c **** ********************************************************************************
 298:Generated_Source\PSoC4/cyfitter_cfg.c **** * Summary:
 299:Generated_Source\PSoC4/cyfitter_cfg.c **** *  This function is called by the start-up code for the selected device. It
 300:Generated_Source\PSoC4/cyfitter_cfg.c **** *  performs all of the necessary device configuration based on the design
 301:Generated_Source\PSoC4/cyfitter_cfg.c **** *  settings.  This includes settings from the Design Wide Resources (DWR) such
 302:Generated_Source\PSoC4/cyfitter_cfg.c **** *  as Clocks and Pins as well as any component configuration that is necessary.
 303:Generated_Source\PSoC4/cyfitter_cfg.c **** *
 304:Generated_Source\PSoC4/cyfitter_cfg.c **** * Parameters:
 305:Generated_Source\PSoC4/cyfitter_cfg.c **** *   void
 306:Generated_Source\PSoC4/cyfitter_cfg.c **** *
 307:Generated_Source\PSoC4/cyfitter_cfg.c **** * Return:
 308:Generated_Source\PSoC4/cyfitter_cfg.c **** *   void
 309:Generated_Source\PSoC4/cyfitter_cfg.c **** *
 310:Generated_Source\PSoC4/cyfitter_cfg.c **** *******************************************************************************/
 311:Generated_Source\PSoC4/cyfitter_cfg.c **** CY_CFG_SECTION
 312:Generated_Source\PSoC4/cyfitter_cfg.c **** void cyfitter_cfg(void)
 313:Generated_Source\PSoC4/cyfitter_cfg.c **** {
 278              		.loc 1 313 0
 279              		.cfi_startproc
 280              		@ args = 0, pretend = 0, frame = 0
 281              		@ frame_needed = 0, uses_anonymous_args = 0
 282 00d8 10B5     		push	{r4, lr}
 283              		.cfi_def_cfa_offset 8
 284              		.cfi_offset 4, -8
 285              		.cfi_offset 14, -4
 314:Generated_Source\PSoC4/cyfitter_cfg.c **** 	/* Disable interrupts by default. Let user enable if/when they want. */
 315:Generated_Source\PSoC4/cyfitter_cfg.c **** 	CyGlobalIntDisable;
 286              		.loc 1 315 0
 287              		.syntax divided
ARM GAS  C:\Users\220036~1\AppData\Local\Temp\cc5mY3Lr.s 			page 12


 288              	@ 315 "Generated_Source\PSoC4\cyfitter_cfg.c" 1
 289 00da 72B6     		CPSID   i
 290              	@ 0 "" 2
 316:Generated_Source\PSoC4/cyfitter_cfg.c **** 
 317:Generated_Source\PSoC4/cyfitter_cfg.c **** 	{
 318:Generated_Source\PSoC4/cyfitter_cfg.c **** 		/* HSIOM Starting address: CYDEV_HSIOM_BASE */
 319:Generated_Source\PSoC4/cyfitter_cfg.c **** 		CY_SET_REG32((void *)(CYREG_HSIOM_PORT_SEL3), 0x0808EE00u);
 291              		.loc 1 319 0
 292              		.thumb
 293              		.syntax unified
 294 00dc 194A     		ldr	r2, .L15
 295 00de 1A4B     		ldr	r3, .L15+4
 296 00e0 1A60     		str	r2, [r3]
 320:Generated_Source\PSoC4/cyfitter_cfg.c **** 		CY_SET_REG32((void *)(CYREG_HSIOM_PORT_SEL4), 0x000000EEu);
 297              		.loc 1 320 0
 298 00e2 EE22     		movs	r2, #238
 299 00e4 194B     		ldr	r3, .L15+8
 300 00e6 1A60     		str	r2, [r3]
 321:Generated_Source\PSoC4/cyfitter_cfg.c **** 		CY_SET_REG32((void *)(CYREG_HSIOM_PORT_SEL5), 0x0000FF0Fu);
 301              		.loc 1 321 0
 302 00e8 194A     		ldr	r2, .L15+12
 303 00ea 1A4B     		ldr	r3, .L15+16
 304 00ec 1A60     		str	r2, [r3]
 322:Generated_Source\PSoC4/cyfitter_cfg.c **** 
 323:Generated_Source\PSoC4/cyfitter_cfg.c **** 	}
 324:Generated_Source\PSoC4/cyfitter_cfg.c **** 
 325:Generated_Source\PSoC4/cyfitter_cfg.c **** 	/* Perform second pass device configuration. These items must be configured in specific order afte
 326:Generated_Source\PSoC4/cyfitter_cfg.c **** 	/* IOPINS0_2 Starting address: CYDEV_GPIO_PRT2_BASE */
 327:Generated_Source\PSoC4/cyfitter_cfg.c **** 	CY_SET_REG32((void *)(CYDEV_GPIO_PRT2_BASE), 0x000000FEu);
 305              		.loc 1 327 0
 306 00ee FE22     		movs	r2, #254
 307 00f0 194B     		ldr	r3, .L15+20
 308 00f2 1A60     		str	r2, [r3]
 328:Generated_Source\PSoC4/cyfitter_cfg.c **** 	CY_SET_REG32((void *)(CYREG_GPIO_PRT2_PC2), 0x000000FFu);
 309              		.loc 1 328 0
 310 00f4 0132     		adds	r2, r2, #1
 311 00f6 194B     		ldr	r3, .L15+24
 312 00f8 1A60     		str	r2, [r3]
 329:Generated_Source\PSoC4/cyfitter_cfg.c **** 
 330:Generated_Source\PSoC4/cyfitter_cfg.c **** 	/* IOPINS0_3 Starting address: CYDEV_GPIO_PRT3_BASE */
 331:Generated_Source\PSoC4/cyfitter_cfg.c **** 	CY_SET_REG32((void *)(CYDEV_GPIO_PRT3_BASE), 0x00000051u);
 313              		.loc 1 331 0
 314 00fa AE3A     		subs	r2, r2, #174
 315 00fc 184B     		ldr	r3, .L15+28
 316 00fe 1A60     		str	r2, [r3]
 332:Generated_Source\PSoC4/cyfitter_cfg.c **** 	CY_SET_REG32((void *)(CYREG_GPIO_PRT3_PC), 0x00186D80u);
 317              		.loc 1 332 0
 318 0100 184A     		ldr	r2, .L15+32
 319 0102 194B     		ldr	r3, .L15+36
 320 0104 1A60     		str	r2, [r3]
 333:Generated_Source\PSoC4/cyfitter_cfg.c **** 	CY_SET_REG32((void *)(CYREG_GPIO_PRT3_PC2), 0x00000001u);
 321              		.loc 1 333 0
 322 0106 0122     		movs	r2, #1
 323 0108 184B     		ldr	r3, .L15+40
 324 010a 1A60     		str	r2, [r3]
 334:Generated_Source\PSoC4/cyfitter_cfg.c **** 
 335:Generated_Source\PSoC4/cyfitter_cfg.c **** 	/* IOPINS0_4 Starting address: CYDEV_GPIO_PRT4_BASE */
ARM GAS  C:\Users\220036~1\AppData\Local\Temp\cc5mY3Lr.s 			page 13


 336:Generated_Source\PSoC4/cyfitter_cfg.c **** 	CY_SET_REG32((void *)(CYDEV_GPIO_PRT4_BASE), 0x00000003u);
 325              		.loc 1 336 0
 326 010c 0232     		adds	r2, r2, #2
 327 010e 184B     		ldr	r3, .L15+44
 328 0110 1A60     		str	r2, [r3]
 337:Generated_Source\PSoC4/cyfitter_cfg.c **** 	CY_SET_REG32((void *)(CYREG_GPIO_PRT4_PC), 0x00000024u);
 329              		.loc 1 337 0
 330 0112 2132     		adds	r2, r2, #33
 331 0114 174B     		ldr	r3, .L15+48
 332 0116 1A60     		str	r2, [r3]
 338:Generated_Source\PSoC4/cyfitter_cfg.c **** 	CY_SET_REG32((void *)(CYREG_GPIO_PRT4_PC2), 0x0000000Cu);
 333              		.loc 1 338 0
 334 0118 183A     		subs	r2, r2, #24
 335 011a 174B     		ldr	r3, .L15+52
 336 011c 1A60     		str	r2, [r3]
 339:Generated_Source\PSoC4/cyfitter_cfg.c **** 
 340:Generated_Source\PSoC4/cyfitter_cfg.c **** 	/* IOPINS0_5 Starting address: CYDEV_GPIO_PRT5_BASE */
 341:Generated_Source\PSoC4/cyfitter_cfg.c **** 	CY_SET_REG32((void *)(CYDEV_GPIO_PRT5_BASE), 0x0000000Du);
 337              		.loc 1 341 0
 338 011e 0D23     		movs	r3, #13
 339 0120 164A     		ldr	r2, .L15+56
 340 0122 1360     		str	r3, [r2]
 342:Generated_Source\PSoC4/cyfitter_cfg.c **** 	CY_SET_REG32((void *)(CYREG_GPIO_PRT5_PC), 0x00030DB6u);
 341              		.loc 1 342 0
 342 0124 1649     		ldr	r1, .L15+60
 343 0126 174A     		ldr	r2, .L15+64
 344 0128 1160     		str	r1, [r2]
 343:Generated_Source\PSoC4/cyfitter_cfg.c **** 	CY_SET_REG32((void *)(CYREG_GPIO_PRT5_PC2), 0x0000000Du);
 345              		.loc 1 343 0
 346 012a 174A     		ldr	r2, .L15+68
 347 012c 1360     		str	r3, [r2]
 344:Generated_Source\PSoC4/cyfitter_cfg.c **** 
 345:Generated_Source\PSoC4/cyfitter_cfg.c **** 	/* IOPINS0_6 Starting address: CYDEV_GPIO_PRT6_BASE */
 346:Generated_Source\PSoC4/cyfitter_cfg.c **** 	CY_SET_REG32((void *)(CYDEV_GPIO_PRT6_BASE), 0x00000017u);
 348              		.loc 1 346 0
 349 012e 1722     		movs	r2, #23
 350 0130 164B     		ldr	r3, .L15+72
 351 0132 1A60     		str	r2, [r3]
 347:Generated_Source\PSoC4/cyfitter_cfg.c **** 	CY_SET_REG32((void *)(CYREG_GPIO_PRT6_PC2), 0x00000037u);
 352              		.loc 1 347 0
 353 0134 2032     		adds	r2, r2, #32
 354 0136 164B     		ldr	r3, .L15+76
 355 0138 1A60     		str	r2, [r3]
 348:Generated_Source\PSoC4/cyfitter_cfg.c **** 
 349:Generated_Source\PSoC4/cyfitter_cfg.c **** 
 350:Generated_Source\PSoC4/cyfitter_cfg.c **** 	/* Setup clocks based on selections from Clock DWR */
 351:Generated_Source\PSoC4/cyfitter_cfg.c **** 	ClockSetup();
 356              		.loc 1 351 0
 357 013a FFF761FF 		bl	ClockSetup
 358              	.LVL13:
 352:Generated_Source\PSoC4/cyfitter_cfg.c **** 
 353:Generated_Source\PSoC4/cyfitter_cfg.c **** 	/* Perform basic analog initialization to defaults */
 354:Generated_Source\PSoC4/cyfitter_cfg.c **** 	AnalogSetDefault();
 359              		.loc 1 354 0
 360 013e FFF7FEFF 		bl	AnalogSetDefault
 361              	.LVL14:
 355:Generated_Source\PSoC4/cyfitter_cfg.c **** 
ARM GAS  C:\Users\220036~1\AppData\Local\Temp\cc5mY3Lr.s 			page 14


 356:Generated_Source\PSoC4/cyfitter_cfg.c **** }
 362              		.loc 1 356 0
 363              		@ sp needed
 364 0142 10BD     		pop	{r4, pc}
 365              	.L16:
 366              		.align	2
 367              	.L15:
 368 0144 00EE0808 		.word	134802944
 369 0148 00030240 		.word	1073873664
 370 014c 00040240 		.word	1073873920
 371 0150 0FFF0000 		.word	65295
 372 0154 00050240 		.word	1073874176
 373 0158 00020440 		.word	1074004480
 374 015c 18020440 		.word	1074004504
 375 0160 00030440 		.word	1074004736
 376 0164 806D1800 		.word	1600896
 377 0168 08030440 		.word	1074004744
 378 016c 18030440 		.word	1074004760
 379 0170 00040440 		.word	1074004992
 380 0174 08040440 		.word	1074005000
 381 0178 18040440 		.word	1074005016
 382 017c 00050440 		.word	1074005248
 383 0180 B60D0300 		.word	200118
 384 0184 08050440 		.word	1074005256
 385 0188 18050440 		.word	1074005272
 386 018c 00060440 		.word	1074005504
 387 0190 18060440 		.word	1074005528
 388              		.cfi_endproc
 389              	.LFE7:
 390              		.size	cyfitter_cfg, .-cyfitter_cfg
 391              		.text
 392              	.Letext0:
 393              		.file 2 "Generated_Source\\PSoC4\\cytypes.h"
 394              		.file 3 "Generated_Source\\PSoC4\\CyLib.h"
 395              		.file 4 "Generated_Source\\PSoC4\\CyLFClk.h"
 396              		.section	.debug_info,"",%progbits
 397              	.Ldebug_info0:
 398 0000 AE010000 		.4byte	0x1ae
 399 0004 0400     		.2byte	0x4
 400 0006 00000000 		.4byte	.Ldebug_abbrev0
 401 000a 04       		.byte	0x4
 402 000b 01       		.uleb128 0x1
 403 000c 9A010000 		.4byte	.LASF23
 404 0010 0C       		.byte	0xc
 405 0011 38020000 		.4byte	.LASF24
 406 0015 48000000 		.4byte	.LASF25
 407 0019 00000000 		.4byte	.Ldebug_ranges0+0
 408 001d 00000000 		.4byte	0
 409 0021 00000000 		.4byte	.Ldebug_line0
 410 0025 02       		.uleb128 0x2
 411 0026 04       		.byte	0x4
 412 0027 05       		.byte	0x5
 413 0028 696E7400 		.ascii	"int\000"
 414 002c 03       		.uleb128 0x3
 415 002d 04       		.byte	0x4
 416 002e 07       		.byte	0x7
 417 002f 1E010000 		.4byte	.LASF0
ARM GAS  C:\Users\220036~1\AppData\Local\Temp\cc5mY3Lr.s 			page 15


 418 0033 03       		.uleb128 0x3
 419 0034 08       		.byte	0x8
 420 0035 05       		.byte	0x5
 421 0036 4B010000 		.4byte	.LASF1
 422 003a 03       		.uleb128 0x3
 423 003b 08       		.byte	0x8
 424 003c 04       		.byte	0x4
 425 003d 8E010000 		.4byte	.LASF2
 426 0041 03       		.uleb128 0x3
 427 0042 01       		.byte	0x1
 428 0043 06       		.byte	0x6
 429 0044 2C020000 		.4byte	.LASF3
 430 0048 03       		.uleb128 0x3
 431 0049 01       		.byte	0x1
 432 004a 08       		.byte	0x8
 433 004b BB000000 		.4byte	.LASF4
 434 004f 03       		.uleb128 0x3
 435 0050 02       		.byte	0x2
 436 0051 05       		.byte	0x5
 437 0052 66010000 		.4byte	.LASF5
 438 0056 03       		.uleb128 0x3
 439 0057 02       		.byte	0x2
 440 0058 07       		.byte	0x7
 441 0059 A2000000 		.4byte	.LASF6
 442 005d 03       		.uleb128 0x3
 443 005e 04       		.byte	0x4
 444 005f 05       		.byte	0x5
 445 0060 85010000 		.4byte	.LASF7
 446 0064 03       		.uleb128 0x3
 447 0065 04       		.byte	0x4
 448 0066 07       		.byte	0x7
 449 0067 C9000000 		.4byte	.LASF8
 450 006b 03       		.uleb128 0x3
 451 006c 08       		.byte	0x8
 452 006d 07       		.byte	0x7
 453 006e 2B010000 		.4byte	.LASF9
 454 0072 03       		.uleb128 0x3
 455 0073 04       		.byte	0x4
 456 0074 07       		.byte	0x7
 457 0075 42010000 		.4byte	.LASF10
 458 0079 03       		.uleb128 0x3
 459 007a 01       		.byte	0x1
 460 007b 08       		.byte	0x8
 461 007c 59010000 		.4byte	.LASF11
 462 0080 04       		.uleb128 0x4
 463 0081 DB000000 		.4byte	.LASF12
 464 0085 02       		.byte	0x2
 465 0086 E401     		.2byte	0x1e4
 466 0088 48000000 		.4byte	0x48
 467 008c 04       		.uleb128 0x4
 468 008d 17010000 		.4byte	.LASF13
 469 0091 02       		.byte	0x2
 470 0092 E601     		.2byte	0x1e6
 471 0094 64000000 		.4byte	0x64
 472 0098 03       		.uleb128 0x3
 473 0099 04       		.byte	0x4
 474 009a 04       		.byte	0x4
ARM GAS  C:\Users\220036~1\AppData\Local\Temp\cc5mY3Lr.s 			page 16


 475 009b B5000000 		.4byte	.LASF14
 476 009f 03       		.uleb128 0x3
 477 00a0 08       		.byte	0x8
 478 00a1 04       		.byte	0x4
 479 00a2 04010000 		.4byte	.LASF15
 480 00a6 04       		.uleb128 0x4
 481 00a7 00000000 		.4byte	.LASF16
 482 00ab 02       		.byte	0x2
 483 00ac 9002     		.2byte	0x290
 484 00ae B2000000 		.4byte	0xb2
 485 00b2 05       		.uleb128 0x5
 486 00b3 8C000000 		.4byte	0x8c
 487 00b7 06       		.uleb128 0x6
 488 00b8 06000000 		.4byte	.LASF26
 489 00bc 01       		.byte	0x1
 490 00bd F0       		.byte	0xf0
 491 00be 00000000 		.4byte	.LFB5
 492 00c2 34000000 		.4byte	.LFE5-.LFB5
 493 00c6 01       		.uleb128 0x1
 494 00c7 9C       		.byte	0x9c
 495 00c8 07       		.uleb128 0x7
 496 00c9 3D000000 		.4byte	.LASF27
 497 00cd 01       		.byte	0x1
 498 00ce AA       		.byte	0xaa
 499 00cf 00000000 		.4byte	.LFB4
 500 00d3 D8000000 		.4byte	.LFE4-.LFB4
 501 00d7 01       		.uleb128 0x1
 502 00d8 9C       		.byte	0x9c
 503 00d9 27010000 		.4byte	0x127
 504 00dd 08       		.uleb128 0x8
 505 00de 0E000000 		.4byte	.LVL0
 506 00e2 85010000 		.4byte	0x185
 507 00e6 F0000000 		.4byte	0xf0
 508 00ea 09       		.uleb128 0x9
 509 00eb 01       		.uleb128 0x1
 510 00ec 50       		.byte	0x50
 511 00ed 01       		.uleb128 0x1
 512 00ee 48       		.byte	0x48
 513 00ef 00       		.byte	0
 514 00f0 08       		.uleb128 0x8
 515 00f1 72000000 		.4byte	.LVL1
 516 00f5 90010000 		.4byte	0x190
 517 00f9 03010000 		.4byte	0x103
 518 00fd 09       		.uleb128 0x9
 519 00fe 01       		.uleb128 0x1
 520 00ff 50       		.byte	0x50
 521 0100 01       		.uleb128 0x1
 522 0101 3D       		.byte	0x3d
 523 0102 00       		.byte	0
 524 0103 08       		.uleb128 0x8
 525 0104 78000000 		.4byte	.LVL2
 526 0108 9B010000 		.4byte	0x19b
 527 010c 16010000 		.4byte	0x116
 528 0110 09       		.uleb128 0x9
 529 0111 01       		.uleb128 0x1
 530 0112 50       		.byte	0x50
 531 0113 01       		.uleb128 0x1
ARM GAS  C:\Users\220036~1\AppData\Local\Temp\cc5mY3Lr.s 			page 17


 532 0114 3D       		.byte	0x3d
 533 0115 00       		.byte	0
 534 0116 0A       		.uleb128 0xa
 535 0117 82000000 		.4byte	.LVL3
 536 011b A6010000 		.4byte	0x1a6
 537 011f 09       		.uleb128 0x9
 538 0120 01       		.uleb128 0x1
 539 0121 50       		.byte	0x50
 540 0122 02       		.uleb128 0x2
 541 0123 75       		.byte	0x75
 542 0124 00       		.sleb128 0
 543 0125 00       		.byte	0
 544 0126 00       		.byte	0
 545 0127 0B       		.uleb128 0xb
 546 0128 EE000000 		.4byte	.LASF17
 547 012c 01       		.byte	0x1
 548 012d 0B01     		.2byte	0x10b
 549 012f 00000000 		.4byte	.LFB6
 550 0133 38000000 		.4byte	.LFE6-.LFB6
 551 0137 01       		.uleb128 0x1
 552 0138 9C       		.byte	0x9c
 553 0139 5C010000 		.4byte	0x15c
 554 013d 0C       		.uleb128 0xc
 555 013e 5E010000 		.4byte	.LASF28
 556 0142 01       		.byte	0x1
 557 0143 0B01     		.2byte	0x10b
 558 0145 80000000 		.4byte	0x80
 559 0149 01       		.uleb128 0x1
 560 014a 50       		.byte	0x50
 561 014b 0D       		.uleb128 0xd
 562 014c 5E020000 		.4byte	.LASF29
 563 0150 01       		.byte	0x1
 564 0151 0D01     		.2byte	0x10d
 565 0153 8C000000 		.4byte	0x8c
 566 0157 00000000 		.4byte	.LLST0
 567 015b 00       		.byte	0
 568 015c 0B       		.uleb128 0xb
 569 015d E1000000 		.4byte	.LASF18
 570 0161 01       		.byte	0x1
 571 0162 3801     		.2byte	0x138
 572 0164 D8000000 		.4byte	.LFB7
 573 0168 BC000000 		.4byte	.LFE7-.LFB7
 574 016c 01       		.uleb128 0x1
 575 016d 9C       		.byte	0x9c
 576 016e 85010000 		.4byte	0x185
 577 0172 0E       		.uleb128 0xe
 578 0173 3E010000 		.4byte	.LVL13
 579 0177 C8000000 		.4byte	0xc8
 580 017b 0E       		.uleb128 0xe
 581 017c 42010000 		.4byte	.LVL14
 582 0180 B7000000 		.4byte	0xb7
 583 0184 00       		.byte	0
 584 0185 0F       		.uleb128 0xf
 585 0186 70010000 		.4byte	.LASF19
 586 018a 70010000 		.4byte	.LASF19
 587 018e 03       		.byte	0x3
 588 018f 6C       		.byte	0x6c
ARM GAS  C:\Users\220036~1\AppData\Local\Temp\cc5mY3Lr.s 			page 18


 589 0190 0F       		.uleb128 0xf
 590 0191 2E000000 		.4byte	.LASF20
 591 0195 2E000000 		.4byte	.LASF20
 592 0199 03       		.byte	0x3
 593 019a BD       		.byte	0xbd
 594 019b 0F       		.uleb128 0xf
 595 019c 0B010000 		.4byte	.LASF21
 596 01a0 0B010000 		.4byte	.LASF21
 597 01a4 03       		.byte	0x3
 598 01a5 C3       		.byte	0xc3
 599 01a6 0F       		.uleb128 0xf
 600 01a7 17000000 		.4byte	.LASF22
 601 01ab 17000000 		.4byte	.LASF22
 602 01af 04       		.byte	0x4
 603 01b0 9F       		.byte	0x9f
 604 01b1 00       		.byte	0
 605              		.section	.debug_abbrev,"",%progbits
 606              	.Ldebug_abbrev0:
 607 0000 01       		.uleb128 0x1
 608 0001 11       		.uleb128 0x11
 609 0002 01       		.byte	0x1
 610 0003 25       		.uleb128 0x25
 611 0004 0E       		.uleb128 0xe
 612 0005 13       		.uleb128 0x13
 613 0006 0B       		.uleb128 0xb
 614 0007 03       		.uleb128 0x3
 615 0008 0E       		.uleb128 0xe
 616 0009 1B       		.uleb128 0x1b
 617 000a 0E       		.uleb128 0xe
 618 000b 55       		.uleb128 0x55
 619 000c 17       		.uleb128 0x17
 620 000d 11       		.uleb128 0x11
 621 000e 01       		.uleb128 0x1
 622 000f 10       		.uleb128 0x10
 623 0010 17       		.uleb128 0x17
 624 0011 00       		.byte	0
 625 0012 00       		.byte	0
 626 0013 02       		.uleb128 0x2
 627 0014 24       		.uleb128 0x24
 628 0015 00       		.byte	0
 629 0016 0B       		.uleb128 0xb
 630 0017 0B       		.uleb128 0xb
 631 0018 3E       		.uleb128 0x3e
 632 0019 0B       		.uleb128 0xb
 633 001a 03       		.uleb128 0x3
 634 001b 08       		.uleb128 0x8
 635 001c 00       		.byte	0
 636 001d 00       		.byte	0
 637 001e 03       		.uleb128 0x3
 638 001f 24       		.uleb128 0x24
 639 0020 00       		.byte	0
 640 0021 0B       		.uleb128 0xb
 641 0022 0B       		.uleb128 0xb
 642 0023 3E       		.uleb128 0x3e
 643 0024 0B       		.uleb128 0xb
 644 0025 03       		.uleb128 0x3
 645 0026 0E       		.uleb128 0xe
ARM GAS  C:\Users\220036~1\AppData\Local\Temp\cc5mY3Lr.s 			page 19


 646 0027 00       		.byte	0
 647 0028 00       		.byte	0
 648 0029 04       		.uleb128 0x4
 649 002a 16       		.uleb128 0x16
 650 002b 00       		.byte	0
 651 002c 03       		.uleb128 0x3
 652 002d 0E       		.uleb128 0xe
 653 002e 3A       		.uleb128 0x3a
 654 002f 0B       		.uleb128 0xb
 655 0030 3B       		.uleb128 0x3b
 656 0031 05       		.uleb128 0x5
 657 0032 49       		.uleb128 0x49
 658 0033 13       		.uleb128 0x13
 659 0034 00       		.byte	0
 660 0035 00       		.byte	0
 661 0036 05       		.uleb128 0x5
 662 0037 35       		.uleb128 0x35
 663 0038 00       		.byte	0
 664 0039 49       		.uleb128 0x49
 665 003a 13       		.uleb128 0x13
 666 003b 00       		.byte	0
 667 003c 00       		.byte	0
 668 003d 06       		.uleb128 0x6
 669 003e 2E       		.uleb128 0x2e
 670 003f 00       		.byte	0
 671 0040 03       		.uleb128 0x3
 672 0041 0E       		.uleb128 0xe
 673 0042 3A       		.uleb128 0x3a
 674 0043 0B       		.uleb128 0xb
 675 0044 3B       		.uleb128 0x3b
 676 0045 0B       		.uleb128 0xb
 677 0046 27       		.uleb128 0x27
 678 0047 19       		.uleb128 0x19
 679 0048 11       		.uleb128 0x11
 680 0049 01       		.uleb128 0x1
 681 004a 12       		.uleb128 0x12
 682 004b 06       		.uleb128 0x6
 683 004c 40       		.uleb128 0x40
 684 004d 18       		.uleb128 0x18
 685 004e 9742     		.uleb128 0x2117
 686 0050 19       		.uleb128 0x19
 687 0051 00       		.byte	0
 688 0052 00       		.byte	0
 689 0053 07       		.uleb128 0x7
 690 0054 2E       		.uleb128 0x2e
 691 0055 01       		.byte	0x1
 692 0056 03       		.uleb128 0x3
 693 0057 0E       		.uleb128 0xe
 694 0058 3A       		.uleb128 0x3a
 695 0059 0B       		.uleb128 0xb
 696 005a 3B       		.uleb128 0x3b
 697 005b 0B       		.uleb128 0xb
 698 005c 27       		.uleb128 0x27
 699 005d 19       		.uleb128 0x19
 700 005e 11       		.uleb128 0x11
 701 005f 01       		.uleb128 0x1
 702 0060 12       		.uleb128 0x12
ARM GAS  C:\Users\220036~1\AppData\Local\Temp\cc5mY3Lr.s 			page 20


 703 0061 06       		.uleb128 0x6
 704 0062 40       		.uleb128 0x40
 705 0063 18       		.uleb128 0x18
 706 0064 9742     		.uleb128 0x2117
 707 0066 19       		.uleb128 0x19
 708 0067 01       		.uleb128 0x1
 709 0068 13       		.uleb128 0x13
 710 0069 00       		.byte	0
 711 006a 00       		.byte	0
 712 006b 08       		.uleb128 0x8
 713 006c 898201   		.uleb128 0x4109
 714 006f 01       		.byte	0x1
 715 0070 11       		.uleb128 0x11
 716 0071 01       		.uleb128 0x1
 717 0072 31       		.uleb128 0x31
 718 0073 13       		.uleb128 0x13
 719 0074 01       		.uleb128 0x1
 720 0075 13       		.uleb128 0x13
 721 0076 00       		.byte	0
 722 0077 00       		.byte	0
 723 0078 09       		.uleb128 0x9
 724 0079 8A8201   		.uleb128 0x410a
 725 007c 00       		.byte	0
 726 007d 02       		.uleb128 0x2
 727 007e 18       		.uleb128 0x18
 728 007f 9142     		.uleb128 0x2111
 729 0081 18       		.uleb128 0x18
 730 0082 00       		.byte	0
 731 0083 00       		.byte	0
 732 0084 0A       		.uleb128 0xa
 733 0085 898201   		.uleb128 0x4109
 734 0088 01       		.byte	0x1
 735 0089 11       		.uleb128 0x11
 736 008a 01       		.uleb128 0x1
 737 008b 31       		.uleb128 0x31
 738 008c 13       		.uleb128 0x13
 739 008d 00       		.byte	0
 740 008e 00       		.byte	0
 741 008f 0B       		.uleb128 0xb
 742 0090 2E       		.uleb128 0x2e
 743 0091 01       		.byte	0x1
 744 0092 3F       		.uleb128 0x3f
 745 0093 19       		.uleb128 0x19
 746 0094 03       		.uleb128 0x3
 747 0095 0E       		.uleb128 0xe
 748 0096 3A       		.uleb128 0x3a
 749 0097 0B       		.uleb128 0xb
 750 0098 3B       		.uleb128 0x3b
 751 0099 05       		.uleb128 0x5
 752 009a 27       		.uleb128 0x27
 753 009b 19       		.uleb128 0x19
 754 009c 11       		.uleb128 0x11
 755 009d 01       		.uleb128 0x1
 756 009e 12       		.uleb128 0x12
 757 009f 06       		.uleb128 0x6
 758 00a0 40       		.uleb128 0x40
 759 00a1 18       		.uleb128 0x18
ARM GAS  C:\Users\220036~1\AppData\Local\Temp\cc5mY3Lr.s 			page 21


 760 00a2 9742     		.uleb128 0x2117
 761 00a4 19       		.uleb128 0x19
 762 00a5 01       		.uleb128 0x1
 763 00a6 13       		.uleb128 0x13
 764 00a7 00       		.byte	0
 765 00a8 00       		.byte	0
 766 00a9 0C       		.uleb128 0xc
 767 00aa 05       		.uleb128 0x5
 768 00ab 00       		.byte	0
 769 00ac 03       		.uleb128 0x3
 770 00ad 0E       		.uleb128 0xe
 771 00ae 3A       		.uleb128 0x3a
 772 00af 0B       		.uleb128 0xb
 773 00b0 3B       		.uleb128 0x3b
 774 00b1 05       		.uleb128 0x5
 775 00b2 49       		.uleb128 0x49
 776 00b3 13       		.uleb128 0x13
 777 00b4 02       		.uleb128 0x2
 778 00b5 18       		.uleb128 0x18
 779 00b6 00       		.byte	0
 780 00b7 00       		.byte	0
 781 00b8 0D       		.uleb128 0xd
 782 00b9 34       		.uleb128 0x34
 783 00ba 00       		.byte	0
 784 00bb 03       		.uleb128 0x3
 785 00bc 0E       		.uleb128 0xe
 786 00bd 3A       		.uleb128 0x3a
 787 00be 0B       		.uleb128 0xb
 788 00bf 3B       		.uleb128 0x3b
 789 00c0 05       		.uleb128 0x5
 790 00c1 49       		.uleb128 0x49
 791 00c2 13       		.uleb128 0x13
 792 00c3 02       		.uleb128 0x2
 793 00c4 17       		.uleb128 0x17
 794 00c5 00       		.byte	0
 795 00c6 00       		.byte	0
 796 00c7 0E       		.uleb128 0xe
 797 00c8 898201   		.uleb128 0x4109
 798 00cb 00       		.byte	0
 799 00cc 11       		.uleb128 0x11
 800 00cd 01       		.uleb128 0x1
 801 00ce 31       		.uleb128 0x31
 802 00cf 13       		.uleb128 0x13
 803 00d0 00       		.byte	0
 804 00d1 00       		.byte	0
 805 00d2 0F       		.uleb128 0xf
 806 00d3 2E       		.uleb128 0x2e
 807 00d4 00       		.byte	0
 808 00d5 3F       		.uleb128 0x3f
 809 00d6 19       		.uleb128 0x19
 810 00d7 3C       		.uleb128 0x3c
 811 00d8 19       		.uleb128 0x19
 812 00d9 6E       		.uleb128 0x6e
 813 00da 0E       		.uleb128 0xe
 814 00db 03       		.uleb128 0x3
 815 00dc 0E       		.uleb128 0xe
 816 00dd 3A       		.uleb128 0x3a
ARM GAS  C:\Users\220036~1\AppData\Local\Temp\cc5mY3Lr.s 			page 22


 817 00de 0B       		.uleb128 0xb
 818 00df 3B       		.uleb128 0x3b
 819 00e0 0B       		.uleb128 0xb
 820 00e1 00       		.byte	0
 821 00e2 00       		.byte	0
 822 00e3 00       		.byte	0
 823              		.section	.debug_loc,"",%progbits
 824              	.Ldebug_loc0:
 825              	.LLST0:
 826 0000 04000000 		.4byte	.LVL5
 827 0004 12000000 		.4byte	.LVL7
 828 0008 0100     		.2byte	0x1
 829 000a 53       		.byte	0x53
 830 000b 14000000 		.4byte	.LVL8
 831 000f 1A000000 		.4byte	.LVL9
 832 0013 0100     		.2byte	0x1
 833 0015 53       		.byte	0x53
 834 0016 1A000000 		.4byte	.LVL9
 835 001a 1C000000 		.4byte	.LVL10
 836 001e 0200     		.2byte	0x2
 837 0020 72       		.byte	0x72
 838 0021 00       		.sleb128 0
 839 0022 1C000000 		.4byte	.LVL10
 840 0026 38000000 		.4byte	.LFE6
 841 002a 0100     		.2byte	0x1
 842 002c 53       		.byte	0x53
 843 002d 00000000 		.4byte	0
 844 0031 00000000 		.4byte	0
 845              		.section	.debug_aranges,"",%progbits
 846 0000 34000000 		.4byte	0x34
 847 0004 0200     		.2byte	0x2
 848 0006 00000000 		.4byte	.Ldebug_info0
 849 000a 04       		.byte	0x4
 850 000b 00       		.byte	0
 851 000c 0000     		.2byte	0
 852 000e 0000     		.2byte	0
 853 0010 00000000 		.4byte	.LFB5
 854 0014 34000000 		.4byte	.LFE5-.LFB5
 855 0018 00000000 		.4byte	.LFB4
 856 001c D8000000 		.4byte	.LFE4-.LFB4
 857 0020 00000000 		.4byte	.LFB6
 858 0024 38000000 		.4byte	.LFE6-.LFB6
 859 0028 D8000000 		.4byte	.LFB7
 860 002c BC000000 		.4byte	.LFE7-.LFB7
 861 0030 00000000 		.4byte	0
 862 0034 00000000 		.4byte	0
 863              		.section	.debug_ranges,"",%progbits
 864              	.Ldebug_ranges0:
 865 0000 00000000 		.4byte	.LFB5
 866 0004 34000000 		.4byte	.LFE5
 867 0008 00000000 		.4byte	.LFB4
 868 000c D8000000 		.4byte	.LFE4
 869 0010 00000000 		.4byte	.LFB6
 870 0014 38000000 		.4byte	.LFE6
 871 0018 D8000000 		.4byte	.LFB7
 872 001c 94010000 		.4byte	.LFE7
 873 0020 00000000 		.4byte	0
ARM GAS  C:\Users\220036~1\AppData\Local\Temp\cc5mY3Lr.s 			page 23


 874 0024 00000000 		.4byte	0
 875              		.section	.debug_line,"",%progbits
 876              	.Ldebug_line0:
 877 0000 DA000000 		.section	.debug_str,"MS",%progbits,1
 877      02006100 
 877      00000201 
 877      FB0E0D00 
 877      01010101 
 878              	.LASF16:
 879 0000 72656733 		.ascii	"reg32\000"
 879      3200
 880              	.LASF26:
 881 0006 416E616C 		.ascii	"AnalogSetDefault\000"
 881      6F675365 
 881      74446566 
 881      61756C74 
 881      00
 882              	.LASF22:
 883 0017 43795379 		.ascii	"CySysClkSetTimerSource\000"
 883      73436C6B 
 883      53657454 
 883      696D6572 
 883      536F7572 
 884              	.LASF20:
 885 002e 4379496E 		.ascii	"CyIntSetVector\000"
 885      74536574 
 885      56656374 
 885      6F7200
 886              	.LASF27:
 887 003d 436C6F63 		.ascii	"ClockSetup\000"
 887      6B536574 
 887      757000
 888              	.LASF25:
 889 0048 433A5C47 		.ascii	"C:\\GEA_Cypress_proj\\NGFL\\Tuning_SW\\_old\\NGFLUI"
 889      45415F43 
 889      79707265 
 889      73735F70 
 889      726F6A5C 
 890 0076 2E637977 		.ascii	".cywrk.Archive01\\NGFLUI\\NGFLUI_Vikram.cydsn\000"
 890      726B2E41 
 890      72636869 
 890      76653031 
 890      5C4E4746 
 891              	.LASF6:
 892 00a2 73686F72 		.ascii	"short unsigned int\000"
 892      7420756E 
 892      7369676E 
 892      65642069 
 892      6E7400
 893              	.LASF14:
 894 00b5 666C6F61 		.ascii	"float\000"
 894      7400
 895              	.LASF4:
 896 00bb 756E7369 		.ascii	"unsigned char\000"
 896      676E6564 
 896      20636861 
 896      7200
ARM GAS  C:\Users\220036~1\AppData\Local\Temp\cc5mY3Lr.s 			page 24


 897              	.LASF8:
 898 00c9 6C6F6E67 		.ascii	"long unsigned int\000"
 898      20756E73 
 898      69676E65 
 898      6420696E 
 898      7400
 899              	.LASF12:
 900 00db 75696E74 		.ascii	"uint8\000"
 900      3800
 901              	.LASF18:
 902 00e1 63796669 		.ascii	"cyfitter_cfg\000"
 902      74746572 
 902      5F636667 
 902      00
 903              	.LASF17:
 904 00ee 53657441 		.ascii	"SetAnalogRoutingPumps\000"
 904      6E616C6F 
 904      67526F75 
 904      74696E67 
 904      50756D70 
 905              	.LASF15:
 906 0104 646F7562 		.ascii	"double\000"
 906      6C6500
 907              	.LASF21:
 908 010b 4379496E 		.ascii	"CyIntEnable\000"
 908      74456E61 
 908      626C6500 
 909              	.LASF13:
 910 0117 75696E74 		.ascii	"uint32\000"
 910      333200
 911              	.LASF0:
 912 011e 756E7369 		.ascii	"unsigned int\000"
 912      676E6564 
 912      20696E74 
 912      00
 913              	.LASF9:
 914 012b 6C6F6E67 		.ascii	"long long unsigned int\000"
 914      206C6F6E 
 914      6720756E 
 914      7369676E 
 914      65642069 
 915              	.LASF10:
 916 0142 73697A65 		.ascii	"sizetype\000"
 916      74797065 
 916      00
 917              	.LASF1:
 918 014b 6C6F6E67 		.ascii	"long long int\000"
 918      206C6F6E 
 918      6720696E 
 918      7400
 919              	.LASF11:
 920 0159 63686172 		.ascii	"char\000"
 920      00
 921              	.LASF28:
 922 015e 656E6162 		.ascii	"enabled\000"
 922      6C656400 
 923              	.LASF5:
ARM GAS  C:\Users\220036~1\AppData\Local\Temp\cc5mY3Lr.s 			page 25


 924 0166 73686F72 		.ascii	"short int\000"
 924      7420696E 
 924      7400
 925              	.LASF19:
 926 0170 43795379 		.ascii	"CySysClkWriteImoFreq\000"
 926      73436C6B 
 926      57726974 
 926      65496D6F 
 926      46726571 
 927              	.LASF7:
 928 0185 6C6F6E67 		.ascii	"long int\000"
 928      20696E74 
 928      00
 929              	.LASF2:
 930 018e 6C6F6E67 		.ascii	"long double\000"
 930      20646F75 
 930      626C6500 
 931              	.LASF23:
 932 019a 474E5520 		.ascii	"GNU C11 5.4.1 20160609 (release) [ARM/embedded-5-br"
 932      43313120 
 932      352E342E 
 932      31203230 
 932      31363036 
 933 01cd 616E6368 		.ascii	"anch revision 237715] -mcpu=cortex-m0plus -mthumb -"
 933      20726576 
 933      6973696F 
 933      6E203233 
 933      37373135 
 934 0200 67202D4F 		.ascii	"g -Og -ffunction-sections -ffat-lto-objects\000"
 934      67202D66 
 934      66756E63 
 934      74696F6E 
 934      2D736563 
 935              	.LASF3:
 936 022c 7369676E 		.ascii	"signed char\000"
 936      65642063 
 936      68617200 
 937              	.LASF24:
 938 0238 47656E65 		.ascii	"Generated_Source\\PSoC4\\cyfitter_cfg.c\000"
 938      72617465 
 938      645F536F 
 938      75726365 
 938      5C50536F 
 939              	.LASF29:
 940 025e 72656756 		.ascii	"regValue\000"
 940      616C7565 
 940      00
 941              		.ident	"GCC: (GNU Tools for ARM Embedded Processors) 5.4.1 20160609 (release) [ARM/embedded-5-bran
