Archive member included to satisfy reference by file (symbol)

.\CortexM0p\ARM_GCC_541\Debug\NGFLUI_Vikram.a(EZI2C.o)
                              .\CortexM0p\ARM_GCC_541\Debug\main.o (EZI2C_Start)
.\CortexM0p\ARM_GCC_541\Debug\NGFLUI_Vikram.a(EZI2C_EZI2C.o)
                              .\CortexM0p\ARM_GCC_541\Debug\NGFLUI_Vikram.a(EZI2C.o) (EZI2C_EzI2CInit)
.\CortexM0p\ARM_GCC_541\Debug\NGFLUI_Vikram.a(EZI2C_EZI2C_INT.o)
                              .\CortexM0p\ARM_GCC_541\Debug\NGFLUI_Vikram.a(EZI2C_EZI2C.o) (EZI2C_EZI2C_STRETCH_ISR)
.\CortexM0p\ARM_GCC_541\Debug\NGFLUI_Vikram.a(HB_LED.o)
                              .\CortexM0p\ARM_GCC_541\Debug\main.o (HB_LED_Write)
.\CortexM0p\ARM_GCC_541\Debug\NGFLUI_Vikram.a(CyLib.o)
                              .\CortexM0p\ARM_GCC_541\Debug\cyfitter_cfg.o (CyIntEnable)
.\CortexM0p\ARM_GCC_541\Debug\NGFLUI_Vikram.a(CyLFClk.o)
                              .\CortexM0p\ARM_GCC_541\Debug\NGFLUI_Vikram.a(CyLib.o) (CySysClkWcoEnabled)
.\CortexM0p\ARM_GCC_541\Debug\NGFLUI_Vikram.a(CapSense_Control.o)
                              .\CortexM0p\ARM_GCC_541\Debug\main.o (CapSense_Start)
.\CortexM0p\ARM_GCC_541\Debug\NGFLUI_Vikram.a(CapSense_Processing.o)
                              .\CortexM0p\ARM_GCC_541\Debug\NGFLUI_Vikram.a(CapSense_Control.o) (CapSense_DpInitialize)
.\CortexM0p\ARM_GCC_541\Debug\NGFLUI_Vikram.a(CapSense_Structure.o)
                              .\CortexM0p\ARM_GCC_541\Debug\NGFLUI_Vikram.a(CapSense_Control.o) (CapSense_DsInitialize)
.\CortexM0p\ARM_GCC_541\Debug\NGFLUI_Vikram.a(CapSense_Tuner.o)
                              .\CortexM0p\ARM_GCC_541\Debug\NGFLUI_Vikram.a(CapSense_Control.o) (CapSense_TuInitialize)
.\CortexM0p\ARM_GCC_541\Debug\NGFLUI_Vikram.a(CapSense_Filter.o)
                              .\CortexM0p\ARM_GCC_541\Debug\NGFLUI_Vikram.a(CapSense_Control.o) (CapSense_FtInitialize)
.\CortexM0p\ARM_GCC_541\Debug\NGFLUI_Vikram.a(CapSense_Sensing.o)
                              .\CortexM0p\ARM_GCC_541\Debug\main.o (CapSense_IsBusy)
.\CortexM0p\ARM_GCC_541\Debug\NGFLUI_Vikram.a(CapSense_SensingCSD_LL.o)
                              .\CortexM0p\ARM_GCC_541\Debug\NGFLUI_Vikram.a(CapSense_Sensing.o) (CapSense_SsCSDDisableShieldElectrodes)
.\CortexM0p\ARM_GCC_541\Debug\NGFLUI_Vikram.a(CapSense_SelfTest.o)
                              .\CortexM0p\ARM_GCC_541\Debug\NGFLUI_Vikram.a(CapSense_Structure.o) (CapSense_DsUpdateGlobalCrc)
.\CortexM0p\ARM_GCC_541\Debug\NGFLUI_Vikram.a(CapSense_ISR.o)
                              .\CortexM0p\ARM_GCC_541\Debug\NGFLUI_Vikram.a(CapSense_Sensing.o) (CapSense_ISR_StartEx)
.\CortexM0p\ARM_GCC_541\Debug\NGFLUI_Vikram.a(PWM_Volume.o)
                              .\CortexM0p\ARM_GCC_541\Debug\main.o (PWM_Volume_Stop)
.\CortexM0p\ARM_GCC_541\Debug\NGFLUI_Vikram.a(isr_TimeOut.o)
                              .\CortexM0p\ARM_GCC_541\Debug\main.o (isr_TimeOut_StartEx)
.\CortexM0p\ARM_GCC_541\Debug\NGFLUI_Vikram.a(TimeOut.o)
                              .\CortexM0p\ARM_GCC_541\Debug\main.o (TimeOut_Start)
.\CortexM0p\ARM_GCC_541\Debug\NGFLUI_Vikram.a(PWM_Freq.o)
                              .\CortexM0p\ARM_GCC_541\Debug\main.o (PWM_Freq_Stop)
.\CortexM0p\ARM_GCC_541\Debug\NGFLUI_Vikram.a(MatrixTimer.o)
                              .\CortexM0p\ARM_GCC_541\Debug\main.o (MatrixTimer_Start)
.\CortexM0p\ARM_GCC_541\Debug\NGFLUI_Vikram.a(isr_MatrixTimer.o)
                              .\CortexM0p\ARM_GCC_541\Debug\main.o (isr_MatrixTimer_StartEx)
.\CortexM0p\ARM_GCC_541\Debug\NGFLUI_Vikram.a(SPI.o)
                              .\CortexM0p\ARM_GCC_541\Debug\main.o (SPI_Start)
.\CortexM0p\ARM_GCC_541\Debug\NGFLUI_Vikram.a(SPI_SPI_UART.o)
                              .\CortexM0p\ARM_GCC_541\Debug\main.o (SPI_SpiUartWriteTxData)
.\CortexM0p\ARM_GCC_541\Debug\NGFLUI_Vikram.a(SPI_SPI.o)
                              .\CortexM0p\ARM_GCC_541\Debug\NGFLUI_Vikram.a(SPI.o) (SPI_SpiPostEnable)
.\CortexM0p\ARM_GCC_541\Debug\NGFLUI_Vikram.a(SPI_sclk_m.o)
                              .\CortexM0p\ARM_GCC_541\Debug\NGFLUI_Vikram.a(SPI_SPI.o) (SPI_sclk_m_Write)
.\CortexM0p\ARM_GCC_541\Debug\NGFLUI_Vikram.a(SPI_ss0_m.o)
                              .\CortexM0p\ARM_GCC_541\Debug\NGFLUI_Vikram.a(SPI_SPI.o) (SPI_ss0_m_Write)
.\CortexM0p\ARM_GCC_541\Debug\NGFLUI_Vikram.a(SPI_OE.o)
                              .\CortexM0p\ARM_GCC_541\Debug\main.o (SPI_OE_Write)
.\CortexM0p\ARM_GCC_541\Debug\NGFLUI_Vikram.a(isr_SPI_Done.o)
                              .\CortexM0p\ARM_GCC_541\Debug\main.o (isr_SPI_Done_StartEx)
.\CortexM0p\ARM_GCC_541\Debug\NGFLUI_Vikram.a(CyBootAsmGnu.o)
                              .\CortexM0p\ARM_GCC_541\Debug\NGFLUI_Vikram.a(CyLib.o) (CyDelayCycles)
.\CortexM0p\ARM_GCC_541\Debug\NGFLUI_Vikram.a(CyFlash.o)
                              .\CortexM0p\ARM_GCC_541\Debug\NGFLUI_Vikram.a(CyLib.o) (CySysFlashSetWaitCycles)
[...]
Memory Configuration

Name             Origin             Length             Attributes
rom              0x00000000         0x00020000         xr
ram              0x20000000         0x00004000         xrw
*default*        0x00000000         0xffffffff

Linker script and memory map

LOAD c:/program files (x86)/cypress/psoc creator/4.2/psoc creator/import/gnu/arm/5.4.1/bin/../lib/gcc/arm-none-eabi/5.4.1/armv6-m/crti.o
LOAD c:/program files (x86)/cypress/psoc creator/4.2/psoc creator/import/gnu/arm/5.4.1/bin/../lib/gcc/arm-none-eabi/5.4.1/armv6-m/crtbegin.o
LOAD c:/program files (x86)/cypress/psoc creator/4.2/psoc creator/import/gnu/arm/5.4.1/bin/../lib/gcc/arm-none-eabi/5.4.1/../../../../arm-none-eabi/lib/armv6-m/crt0.o
START GROUP
LOAD .\CortexM0p\ARM_GCC_541\Debug\main.o
LOAD .\CortexM0p\ARM_GCC_541\Debug\cyfitter_cfg.o
LOAD .\CortexM0p\ARM_GCC_541\Debug\cymetadata.o
LOAD .\CortexM0p\ARM_GCC_541\Debug\Cm0plusStart.o
LOAD .\CortexM0p\ARM_GCC_541\Debug\NGFLUI_Vikram.a
LOAD C:\Users\220036621\Documents\PSoC Creator\4.2\Downloads ( 4.2).cylib\CapSense_P4_v6_0\PSoC4\Library\Capsense_P4Library_GCCp.a
END GROUP
START GROUP
LOAD c:/program files (x86)/cypress/psoc creator/4.2/psoc creator/import/gnu/arm/5.4.1/bin/../lib/gcc/arm-none-eabi/5.4.1/armv6-m\libgcc.a
LOAD c:/program files (x86)/cypress/psoc creator/4.2/psoc creator/import/gnu/arm/5.4.1/bin/../lib/gcc/arm-none-eabi/5.4.1/../../../../arm-none-eabi/lib/armv6-m\libg_nano.a
LOAD c:/program files (x86)/cypress/psoc creator/4.2/psoc creator/import/gnu/arm/5.4.1/bin/../lib/gcc/arm-none-eabi/5.4.1/../../../../arm-none-eabi/lib/armv6-m\libc_nano.a
END GROUP
START GROUP
LOAD c:/program files (x86)/cypress/psoc creator/4.2/psoc creator/import/gnu/arm/5.4.1/bin/../lib/gcc/arm-none-eabi/5.4.1/armv6-m\libgcc.a
LOAD c:/program files (x86)/cypress/psoc creator/4.2/psoc creator/import/gnu/arm/5.4.1/bin/../lib/gcc/arm-none-eabi/5.4.1/../../../../arm-none-eabi/lib/armv6-m\libc_nano.a
END GROUP
LOAD c:/program files (x86)/cypress/psoc creator/4.2/psoc creator/import/gnu/arm/5.4.1/bin/../lib/gcc/arm-none-eabi/5.4.1/armv6-m/crtend.o
LOAD c:/program files (x86)/cypress/psoc creator/4.2/psoc creator/import/gnu/arm/5.4.1/bin/../lib/gcc/arm-none-eabi/5.4.1/armv6-m/crtn.o
START GROUP
LOAD c:/program files (x86)/cypress/psoc creator/4.2/psoc creator/import/gnu/arm/5.4.1/bin/../lib/gcc/arm-none-eabi/5.4.1/armv6-m\libgcc.a
LOAD c:/program files (x86)/cypress/psoc creator/4.2/psoc creator/import/gnu/arm/5.4.1/bin/../lib/gcc/arm-none-eabi/5.4.1/../../../../arm-none-eabi/lib/armv6-m\libc.a
LOAD c:/program files (x86)/cypress/psoc creator/4.2/psoc creator/import/gnu/arm/5.4.1/bin/../lib/gcc/arm-none-eabi/5.4.1/../../../../arm-none-eabi/lib/armv6-m\libnosys.a
END GROUP
                0x00000000                CY_APPL_ORIGIN = 0x0
                0x00000100                CY_FLASH_ROW_SIZE = 0x100
                0x00000001                CY_APPL_NUM = 0x1
                0x00000001                CY_APPL_MAX = 0x1
                0x00000040                CY_METADATA_SIZE = 0x40
                0x00000000                CY_APPL_LOADABLE = 0x0
                0x00000000                CY_CHECKSUM_EXCLUDE_SIZE = ALIGN (0x0, CY_FLASH_ROW_SIZE)
                0x00000000                CY_APP_FOR_STACK_AND_COPIER = 0x0
                [!provide]                PROVIDE (__cy_heap_start, _end)
                0x00000001                PROVIDE (__cy_region_num, ((__cy_regions_end - __cy_regions) / 0x10))
                0x20004000                PROVIDE (__cy_stack, (ORIGIN (ram) + LENGTH (ram)))
                [!provide]                PROVIDE (__cy_heap_end, (__cy_stack - 0x800))

.cybootloader   0x00000000        0x0
 *(.cybootloader)
                0x00000000                appl1_start = CY_APPL_ORIGIN?CY_APPL_ORIGIN:ALIGN (CY_FLASH_ROW_SIZE)
                0x0000ff00                appl2_start = (appl1_start + ALIGN ((((LENGTH (rom) - appl1_start) - (0x2 * CY_FLASH_ROW_SIZE)) / 0x2), CY_FLASH_ROW_SIZE))
                0x00000000                appl_start = (CY_APPL_NUM == 0x1)?appl1_start:appl2_start
                0x00000001                cy_project_type_bootloader = (appl_start == 0x0)?0x1:0x0
                0x00000000                cy_project_type_app_for_stack_and_copier = (CY_APP_FOR_STACK_AND_COPIER == 0x1)?0x1:0x0

.text           0x00000000     0x442a
 CREATE_OBJECT_SYMBOLS
                0x00000000                PROVIDE (__cy_interrupt_vector, RomVectors)
 *(.romvectors)
 .romvectors    0x00000000       0x10 .\CortexM0p\ARM_GCC_541\Debug\Cm0plusStart.o
                0x00000000                RomVectors
                0x00000001                ASSERT ((. != __cy_interrupt_vector), No interrupt vector)
                0x00000001                ASSERT (CY_APPL_ORIGIN?(SIZEOF (.cybootloader) <= CY_APPL_ORIGIN):0x1, Wrong image location)
                0x00000010                PROVIDE (__cy_reset, Reset)
 *(.text.Reset)
 .text.Reset    0x00000010        0xc .\CortexM0p\ARM_GCC_541\Debug\Cm0plusStart.o
                0x00000010                Reset
                0x00000001                ASSERT ((. != __cy_reset), No reset code)
 *(.psocinit)
 .psocinit      0x0000001c      0x194 .\CortexM0p\ARM_GCC_541\Debug\cyfitter_cfg.o
                0x000000f4                cyfitter_cfg
                0x000001b0                . = MAX (., 0x100)
 *(.text .text.* .gnu.linkonce.t.*)
 .text          0x000001b0       0x60 c:/program files (x86)/cypress/psoc creator/4.2/psoc creator/import/gnu/arm/5.4.1/bin/../lib/gcc/arm-none-eabi/5.4.1/armv6-m/crtbegin.o
 .text.LED_MatrixISR
                0x00000210       0x48 .\CortexM0p\ARM_GCC_541\Debug\main.o
                0x00000210                LED_MatrixISR
 .text.TimeOutISR
                0x00000258       0x18 .\CortexM0p\ARM_GCC_541\Debug\main.o
                0x00000258                TimeOutISR
 .text.SPI_DoneISR
                0x00000270       0x1c .\CortexM0p\ARM_GCC_541\Debug\main.o
                0x00000270                SPI_DoneISR
 .text.main     0x0000028c      0x2cc .\CortexM0p\ARM_GCC_541\Debug\main.o
                0x0000028c                main
 .text.AnalogSetDefault
                0x00000558       0x34 .\CortexM0p\ARM_GCC_541\Debug\cyfitter_cfg.o
 .text.IntDefaultHandler
                0x0000058c       0x10 .\CortexM0p\ARM_GCC_541\Debug\Cm0plusStart.o
                0x0000058c                IntDefaultHandler
 .text._sbrk    0x0000059c       0x30 .\CortexM0p\ARM_GCC_541\Debug\Cm0plusStart.o
                0x0000059c                _sbrk
 .text.Start_c  0x000005cc       0x48 .\CortexM0p\ARM_GCC_541\Debug\Cm0plusStart.o
                0x000005cc                Start_c
 .text.initialize_psoc
                0x00000614       0x40 .\CortexM0p\ARM_GCC_541\Debug\Cm0plusStart.o
                0x00000614                initialize_psoc
 .text.EZI2C_ScbEnableIntr
                0x00000654        0xc .\CortexM0p\ARM_GCC_541\Debug\NGFLUI_Vikram.a(EZI2C.o)
 .text.EZI2C_Init
                0x00000660        0x8 .\CortexM0p\ARM_GCC_541\Debug\NGFLUI_Vikram.a(EZI2C.o)
                0x00000660                EZI2C_Init
 .text.EZI2C_Enable
                0x00000668       0x18 .\CortexM0p\ARM_GCC_541\Debug\NGFLUI_Vikram.a(EZI2C.o)
                0x00000668                EZI2C_Enable
 .text.EZI2C_Start
                0x00000680       0x20 .\CortexM0p\ARM_GCC_541\Debug\NGFLUI_Vikram.a(EZI2C.o)
                0x00000680                EZI2C_Start
 .text.EZI2C_EzI2CInit
                0x000006a0       0xec .\CortexM0p\ARM_GCC_541\Debug\NGFLUI_Vikram.a(EZI2C_EZI2C.o)
                0x000006a0                EZI2C_EzI2CInit
 .text.EZI2C_EzI2CSetBuffer1
                0x0000078c       0x30 .\CortexM0p\ARM_GCC_541\Debug\NGFLUI_Vikram.a(EZI2C_EZI2C.o)
                0x0000078c                EZI2C_EzI2CSetBuffer1
 .text.EZI2C_EzI2CSetBuffer2
                0x000007bc       0x30 .\CortexM0p\ARM_GCC_541\Debug\NGFLUI_Vikram.a(EZI2C_EZI2C.o)
                0x000007bc                EZI2C_EzI2CSetBuffer2
 .text.EZI2C_EZI2C_STRETCH_ISR
                0x000007ec      0x460 .\CortexM0p\ARM_GCC_541\Debug\NGFLUI_Vikram.a(EZI2C_EZI2C_INT.o)
                0x000007ec                EZI2C_EZI2C_STRETCH_ISR
 .text.HB_LED_Write
                0x00000c4c       0x18 .\CortexM0p\ARM_GCC_541\Debug\NGFLUI_Vikram.a(HB_LED.o)
                0x00000c4c                HB_LED_Write
 .text.CySysClkImoDisableWcoLock
                0x00000c64       0x4c .\CortexM0p\ARM_GCC_541\Debug\NGFLUI_Vikram.a(CyLib.o)
                0x00000c64                CySysClkImoDisableWcoLock
 .text.CySysClkImoGetWcoLock
                0x00000cb0       0x14 .\CortexM0p\ARM_GCC_541\Debug\NGFLUI_Vikram.a(CyLib.o)
                0x00000cb0                CySysClkImoGetWcoLock
 .text.CyIntEnable
                0x00000cc4       0x14 .\CortexM0p\ARM_GCC_541\Debug\NGFLUI_Vikram.a(CyLib.o)
                0x00000cc4                CyIntEnable
 .text.CyIntDisable
                0x00000cd8       0x14 .\CortexM0p\ARM_GCC_541\Debug\NGFLUI_Vikram.a(CyLib.o)
                0x00000cd8                CyIntDisable
 .text.CyIntClearPending
                0x00000cec       0x14 .\CortexM0p\ARM_GCC_541\Debug\NGFLUI_Vikram.a(CyLib.o)
                0x00000cec                CyIntClearPending
 .text.CyHalt   0x00000d00        0x4 .\CortexM0p\ARM_GCC_541\Debug\NGFLUI_Vikram.a(CyLib.o)
                0x00000d00                CyHalt
 .text.CyIntSetVector
                0x00000d04       0x24 .\CortexM0p\ARM_GCC_541\Debug\NGFLUI_Vikram.a(CyLib.o)
                0x00000d04                CyIntSetVector
 .text.CyIntSetPriority
                0x00000d28       0x4c .\CortexM0p\ARM_GCC_541\Debug\NGFLUI_Vikram.a(CyLib.o)
                0x00000d28                CyIntSetPriority
 .text.CyDelay  0x00000d74       0x30 .\CortexM0p\ARM_GCC_541\Debug\NGFLUI_Vikram.a(CyLib.o)
                0x00000d74                CyDelay
 .text.CySysClkImoEnableWcoLock
                0x00000da4       0xd0 .\CortexM0p\ARM_GCC_541\Debug\NGFLUI_Vikram.a(CyLib.o)
                0x00000da4                CySysClkImoEnableWcoLock
 .text.CySysClkWriteImoFreq
                0x00000e74       0xd8 .\CortexM0p\ARM_GCC_541\Debug\NGFLUI_Vikram.a(CyLib.o)
                0x00000e74                CySysClkWriteImoFreq
 .text.CyDelayUs
                0x00000f4c       0x14 .\CortexM0p\ARM_GCC_541\Debug\NGFLUI_Vikram.a(CyLib.o)
                0x00000f4c                CyDelayUs
 .text.CySysClkGetTimerSource
                0x00000f60       0x10 .\CortexM0p\ARM_GCC_541\Debug\NGFLUI_Vikram.a(CyLFClk.o)
 .text.CySysClkWcoEnabled
                0x00000f70       0x14 .\CortexM0p\ARM_GCC_541\Debug\NGFLUI_Vikram.a(CyLFClk.o)
                0x00000f70                CySysClkWcoEnabled
 .text.CySysWdtDisable
                0x00000f84       0x10 .\CortexM0p\ARM_GCC_541\Debug\NGFLUI_Vikram.a(CyLFClk.o)
                0x00000f84                CySysWdtDisable
 .text.CySysClkSetTimerSource
                0x00000f94       0x68 .\CortexM0p\ARM_GCC_541\Debug\NGFLUI_Vikram.a(CyLFClk.o)
                0x00000f94                CySysClkSetTimerSource
 .text.CySysTimerClearInterrupt
                0x00000ffc       0x2c .\CortexM0p\ARM_GCC_541\Debug\NGFLUI_Vikram.a(CyLFClk.o)
                0x00000ffc                CySysTimerClearInterrupt
 .text.CySysTimerIsr
                0x00001028       0xa4 .\CortexM0p\ARM_GCC_541\Debug\NGFLUI_Vikram.a(CyLFClk.o)
                0x00001028                CySysTimerIsr
 .text.CapSense_Initialize
                0x000010cc       0x28 .\CortexM0p\ARM_GCC_541\Debug\NGFLUI_Vikram.a(CapSense_Control.o)
                0x000010cc                CapSense_Initialize
 .text.CapSense_Start
                0x000010f4       0x34 .\CortexM0p\ARM_GCC_541\Debug\NGFLUI_Vikram.a(CapSense_Control.o)
                0x000010f4                CapSense_Start
 .text.CapSense_ProcessAllWidgets
                0x00001128       0x5c .\CortexM0p\ARM_GCC_541\Debug\NGFLUI_Vikram.a(CapSense_Control.o)
                0x00001128                CapSense_ProcessAllWidgets
 .text.CapSense_DpInitialize
                0x00001184       0x5c .\CortexM0p\ARM_GCC_541\Debug\NGFLUI_Vikram.a(CapSense_Processing.o)
                0x00001184                CapSense_DpInitialize
 .text.CapSense_DpUpdateDifferences
                0x000011e0       0x18 .\CortexM0p\ARM_GCC_541\Debug\NGFLUI_Vikram.a(CapSense_Processing.o)
                0x000011e0                CapSense_DpUpdateDifferences
 .text.CapSense_DpProcessCsdWidgetRawCounts
                0x000011f8       0x48 .\CortexM0p\ARM_GCC_541\Debug\NGFLUI_Vikram.a(CapSense_Processing.o)
                0x000011f8                CapSense_DpProcessCsdWidgetRawCounts
 .text.CapSense_DpProcessButton
                0x00001240       0x64 .\CortexM0p\ARM_GCC_541\Debug\NGFLUI_Vikram.a(CapSense_Processing.o)
                0x00001240                CapSense_DpProcessButton
 .text.CapSense_DpProcessCsdWidgetStatus
                0x000012a4       0x54 .\CortexM0p\ARM_GCC_541\Debug\NGFLUI_Vikram.a(CapSense_Processing.o)
                0x000012a4                CapSense_DpProcessCsdWidgetStatus
 .text.CapSense_DsInitialize
                0x000012f8       0x84 .\CortexM0p\ARM_GCC_541\Debug\NGFLUI_Vikram.a(CapSense_Structure.o)
                0x000012f8                CapSense_DsInitialize
 .text.CapSense_IsAnyWidgetActive
                0x0000137c       0x20 .\CortexM0p\ARM_GCC_541\Debug\NGFLUI_Vikram.a(CapSense_Structure.o)
                0x0000137c                CapSense_IsAnyWidgetActive
 .text.CapSense_IsWidgetActive
                0x0000139c       0x24 .\CortexM0p\ARM_GCC_541\Debug\NGFLUI_Vikram.a(CapSense_Structure.o)
                0x0000139c                CapSense_IsWidgetActive
 .text.CapSense_TuInitialize
                0x000013c0       0x14 .\CortexM0p\ARM_GCC_541\Debug\NGFLUI_Vikram.a(CapSense_Tuner.o)
                0x000013c0                CapSense_TuInitialize
 .text.CapSense_RunTuner
                0x000013d4      0x118 .\CortexM0p\ARM_GCC_541\Debug\NGFLUI_Vikram.a(CapSense_Tuner.o)
                0x000013d4                CapSense_RunTuner
 .text.CapSense_FtInitialize
                0x000014ec        0x4 .\CortexM0p\ARM_GCC_541\Debug\NGFLUI_Vikram.a(CapSense_Filter.o)
                0x000014ec                CapSense_FtInitialize
 .text.CapSense_FtInitializeBaselineChannel
                0x000014f0       0x24 .\CortexM0p\ARM_GCC_541\Debug\NGFLUI_Vikram.a(CapSense_Filter.o)
                0x000014f0                CapSense_FtInitializeBaselineChannel
 .text.CapSense_FtInitializeBaseline
                0x00001514       0x20 .\CortexM0p\ARM_GCC_541\Debug\NGFLUI_Vikram.a(CapSense_Filter.o)
                0x00001514                CapSense_FtInitializeBaseline
 .text.CapSense_InitializeSensorBaseline
                0x00001534       0x20 .\CortexM0p\ARM_GCC_541\Debug\NGFLUI_Vikram.a(CapSense_Filter.o)
                0x00001534                CapSense_InitializeSensorBaseline
 .text.CapSense_InitializeWidgetBaseline
                0x00001554       0x24 .\CortexM0p\ARM_GCC_541\Debug\NGFLUI_Vikram.a(CapSense_Filter.o)
                0x00001554                CapSense_InitializeWidgetBaseline
 .text.CapSense_InitializeAllBaselines
                0x00001578       0x18 .\CortexM0p\ARM_GCC_541\Debug\NGFLUI_Vikram.a(CapSense_Filter.o)
                0x00001578                CapSense_InitializeAllBaselines
 .text.CapSense_FtIIR1stOrder
                0x00001590       0x14 .\CortexM0p\ARM_GCC_541\Debug\NGFLUI_Vikram.a(CapSense_Filter.o)
                0x00001590                CapSense_FtIIR1stOrder
 .text.CapSense_FtUpdateBaseline
                0x000015a4       0xc4 .\CortexM0p\ARM_GCC_541\Debug\NGFLUI_Vikram.a(CapSense_Filter.o)
                0x000015a4                CapSense_FtUpdateBaseline
 .text.CapSense_SsCalcLfsrSize
                0x00001668       0x84 .\CortexM0p\ARM_GCC_541\Debug\NGFLUI_Vikram.a(CapSense_Sensing.o)
 .text.CapSense_SsCalcLfsrScale
                0x000016ec       0x44 .\CortexM0p\ARM_GCC_541\Debug\NGFLUI_Vikram.a(CapSense_Sensing.o)
 .text.CapSense_SsCSDDisableMode
                0x00001730       0x38 .\CortexM0p\ARM_GCC_541\Debug\NGFLUI_Vikram.a(CapSense_Sensing.o)
 .text.CapSense_IsBusy
                0x00001768       0x10 .\CortexM0p\ARM_GCC_541\Debug\NGFLUI_Vikram.a(CapSense_Sensing.o)
                0x00001768                CapSense_IsBusy
 .text.CapSense_SetupWidget
                0x00001778       0x4c .\CortexM0p\ARM_GCC_541\Debug\NGFLUI_Vikram.a(CapSense_Sensing.o)
                0x00001778                CapSense_SetupWidget
 .text.CapSense_Scan
                0x000017c4       0x2c .\CortexM0p\ARM_GCC_541\Debug\NGFLUI_Vikram.a(CapSense_Sensing.o)
                0x000017c4                CapSense_Scan
 .text.CapSense_ScanAllWidgets
                0x000017f0       0x48 .\CortexM0p\ARM_GCC_541\Debug\NGFLUI_Vikram.a(CapSense_Sensing.o)
                0x000017f0                CapSense_ScanAllWidgets
 .text.CapSense_SsSwitchSensingMode
                0x00001838       0x5c .\CortexM0p\ARM_GCC_541\Debug\NGFLUI_Vikram.a(CapSense_Sensing.o)
                0x00001838                CapSense_SsSwitchSensingMode
 .text.CapSense_SsSetIOsInDefaultState
                0x00001894       0x40 .\CortexM0p\ARM_GCC_541\Debug\NGFLUI_Vikram.a(CapSense_Sensing.o)
                0x00001894                CapSense_SsSetIOsInDefaultState
 .text.CapSense_SsPostAllWidgetsScan
                0x000018d4       0x78 .\CortexM0p\ARM_GCC_541\Debug\NGFLUI_Vikram.a(CapSense_Sensing.o)
                0x000018d4                CapSense_SsPostAllWidgetsScan
 .text.CapSense_SsSetModClkClockDivider
                0x0000194c       0x30 .\CortexM0p\ARM_GCC_541\Debug\NGFLUI_Vikram.a(CapSense_Sensing.o)
                0x0000194c                CapSense_SsSetModClkClockDivider
 .text.CapSense_CalibrateWidget
                0x0000197c       0x44 .\CortexM0p\ARM_GCC_541\Debug\NGFLUI_Vikram.a(CapSense_Sensing.o)
                0x0000197c                CapSense_CalibrateWidget
 .text.CapSense_CalibrateAllWidgets
                0x000019c0       0x1c .\CortexM0p\ARM_GCC_541\Debug\NGFLUI_Vikram.a(CapSense_Sensing.o)
                0x000019c0                CapSense_CalibrateAllWidgets
 .text.CapSense_SsClearCSDSensors
                0x000019dc       0x34 .\CortexM0p\ARM_GCC_541\Debug\NGFLUI_Vikram.a(CapSense_Sensing.o)
                0x000019dc                CapSense_SsClearCSDSensors
 .text.CapSense_SsCSDGetColSnsClkDivider
                0x00001a10       0x10 .\CortexM0p\ARM_GCC_541\Debug\NGFLUI_Vikram.a(CapSense_Sensing.o)
                0x00001a10                CapSense_SsCSDGetColSnsClkDivider
 .text.CapSense_SsCSDCalcPrsSize
                0x00001a20       0x24 .\CortexM0p\ARM_GCC_541\Debug\NGFLUI_Vikram.a(CapSense_Sensing.o)
                0x00001a20                CapSense_SsCSDCalcPrsSize
 .text.CapSense_SsSetWidgetSenseClkSrc
                0x00001a44       0x3c .\CortexM0p\ARM_GCC_541\Debug\NGFLUI_Vikram.a(CapSense_Sensing.o)
 .text.CapSense_SsInitializeSourceSenseClk
                0x00001a80       0x28 .\CortexM0p\ARM_GCC_541\Debug\NGFLUI_Vikram.a(CapSense_Sensing.o)
                0x00001a80                CapSense_SsInitializeSourceSenseClk
 .text.CapSense_SsInitialize
                0x00001aa8       0x14 .\CortexM0p\ARM_GCC_541\Debug\NGFLUI_Vikram.a(CapSense_Sensing.o)
                0x00001aa8                CapSense_SsInitialize
 .text.CapSense_BistDischargeExtCapacitors
                0x00001abc       0x68 .\CortexM0p\ARM_GCC_541\Debug\NGFLUI_Vikram.a(CapSense_Sensing.o)
                0x00001abc                CapSense_BistDischargeExtCapacitors
 .text.CapSense_SsSetShieldDelay
                0x00001b24       0x18 .\CortexM0p\ARM_GCC_541\Debug\NGFLUI_Vikram.a(CapSense_SensingCSD_LL.o)
 .text.CapSense_SsCSDEnableShieldTank
                0x00001b3c       0x1c .\CortexM0p\ARM_GCC_541\Debug\NGFLUI_Vikram.a(CapSense_SensingCSD_LL.o)
 .text.CapSense_SsCSDEnableShieldElectrodes
                0x00001b58       0x44 .\CortexM0p\ARM_GCC_541\Debug\NGFLUI_Vikram.a(CapSense_SensingCSD_LL.o)
 .text.CapSense_SsCSDSetModeSnsClockDivider
                0x00001b9c       0x10 .\CortexM0p\ARM_GCC_541\Debug\NGFLUI_Vikram.a(CapSense_SensingCSD_LL.o)
 .text.CapSense_SsCSDSetFilterDelay
                0x00001bac       0x54 .\CortexM0p\ARM_GCC_541\Debug\NGFLUI_Vikram.a(CapSense_SensingCSD_LL.o)
 .text.CapSense_SsCSDConfigIDACs
                0x00001c00       0x1c .\CortexM0p\ARM_GCC_541\Debug\NGFLUI_Vikram.a(CapSense_SensingCSD_LL.o)
 .text.CapSense_SsCSDSetSingleIdacMode
                0x00001c1c       0x2c .\CortexM0p\ARM_GCC_541\Debug\NGFLUI_Vikram.a(CapSense_SensingCSD_LL.o)
 .text.CapSense_SsCSDRestoreIdacMode
                0x00001c48       0x30 .\CortexM0p\ARM_GCC_541\Debug\NGFLUI_Vikram.a(CapSense_SensingCSD_LL.o)
 .text.CapSense_SsCSDCalibrateCheck
                0x00001c78       0x44 .\CortexM0p\ARM_GCC_541\Debug\NGFLUI_Vikram.a(CapSense_SensingCSD_LL.o)
 .text.CapSense_SsCSDDisableShieldElectrodes
                0x00001cbc       0x50 .\CortexM0p\ARM_GCC_541\Debug\NGFLUI_Vikram.a(CapSense_SensingCSD_LL.o)
                0x00001cbc                CapSense_SsCSDDisableShieldElectrodes
 .text.CapSense_SsCSDInitialize
                0x00001d0c      0x140 .\CortexM0p\ARM_GCC_541\Debug\NGFLUI_Vikram.a(CapSense_SensingCSD_LL.o)
                0x00001d0c                CapSense_SsCSDInitialize
 .text.CapSense_SsCSDSetUpIdacs
                0x00001e4c       0x4c .\CortexM0p\ARM_GCC_541\Debug\NGFLUI_Vikram.a(CapSense_SensingCSD_LL.o)
                0x00001e4c                CapSense_SsCSDSetUpIdacs
 .text.CapSense_SsCSDGetNumberOfConversions
                0x00001e98       0x28 .\CortexM0p\ARM_GCC_541\Debug\NGFLUI_Vikram.a(CapSense_SensingCSD_LL.o)
                0x00001e98                CapSense_SsCSDGetNumberOfConversions
 .text.CapSense_SsCSDConfigClock
                0x00001ec0       0x3c .\CortexM0p\ARM_GCC_541\Debug\NGFLUI_Vikram.a(CapSense_SensingCSD_LL.o)
                0x00001ec0                CapSense_SsCSDConfigClock
 .text.CapSense_SsCSDCalculateScanDuration
                0x00001efc       0x1c .\CortexM0p\ARM_GCC_541\Debug\NGFLUI_Vikram.a(CapSense_SensingCSD_LL.o)
                0x00001efc                CapSense_SsCSDCalculateScanDuration
 .text.CapSense_SsCSDStartSample
                0x00001f18      0x128 .\CortexM0p\ARM_GCC_541\Debug\NGFLUI_Vikram.a(CapSense_SensingCSD_LL.o)
                0x00001f18                CapSense_SsCSDStartSample
 .text.CapSense_CSDScanExt
                0x00002040       0x20 .\CortexM0p\ARM_GCC_541\Debug\NGFLUI_Vikram.a(CapSense_SensingCSD_LL.o)
                0x00002040                CapSense_CSDScanExt
 .text.CapSense_CSDConnectSns
                0x00002060       0x34 .\CortexM0p\ARM_GCC_541\Debug\NGFLUI_Vikram.a(CapSense_SensingCSD_LL.o)
                0x00002060                CapSense_CSDConnectSns
 .text.CapSense_CSDScan
                0x00002094       0x68 .\CortexM0p\ARM_GCC_541\Debug\NGFLUI_Vikram.a(CapSense_SensingCSD_LL.o)
                0x00002094                CapSense_CSDScan
 .text.CapSense_SsCSDConnectSensorExt
                0x000020fc       0x20 .\CortexM0p\ARM_GCC_541\Debug\NGFLUI_Vikram.a(CapSense_SensingCSD_LL.o)
                0x000020fc                CapSense_SsCSDConnectSensorExt
 .text.CapSense_CSDDisconnectSns
                0x0000211c       0x28 .\CortexM0p\ARM_GCC_541\Debug\NGFLUI_Vikram.a(CapSense_SensingCSD_LL.o)
                0x0000211c                CapSense_CSDDisconnectSns
 .text.CapSense_SsCSDElectrodeCheck
                0x00002144       0x24 .\CortexM0p\ARM_GCC_541\Debug\NGFLUI_Vikram.a(CapSense_SensingCSD_LL.o)
                0x00002144                CapSense_SsCSDElectrodeCheck
 .text.CapSense_CSDSetupWidget
                0x00002168       0x54 .\CortexM0p\ARM_GCC_541\Debug\NGFLUI_Vikram.a(CapSense_SensingCSD_LL.o)
                0x00002168                CapSense_CSDSetupWidget
 .text.CapSense_CSDSetupWidgetExt
                0x000021bc       0x64 .\CortexM0p\ARM_GCC_541\Debug\NGFLUI_Vikram.a(CapSense_SensingCSD_LL.o)
                0x000021bc                CapSense_CSDSetupWidgetExt
 .text.CapSense_SsCSDCalibrateOneSensor
                0x00002220       0xd8 .\CortexM0p\ARM_GCC_541\Debug\NGFLUI_Vikram.a(CapSense_SensingCSD_LL.o)
 .text.CapSense_CSDCalibrateWidget
                0x000022f8       0xfc .\CortexM0p\ARM_GCC_541\Debug\NGFLUI_Vikram.a(CapSense_SensingCSD_LL.o)
                0x000022f8                CapSense_CSDCalibrateWidget
 .text.CapSense_DsCalculateCrc16
                0x000023f4       0x50 .\CortexM0p\ARM_GCC_541\Debug\NGFLUI_Vikram.a(CapSense_SelfTest.o)
 .text.CapSense_BistEnableShieldElectrodes
                0x00002444       0x44 .\CortexM0p\ARM_GCC_541\Debug\NGFLUI_Vikram.a(CapSense_SelfTest.o)
 .text.CapSense_BistEnableShieldTank
                0x00002488       0x1c .\CortexM0p\ARM_GCC_541\Debug\NGFLUI_Vikram.a(CapSense_SelfTest.o)
 .text.CapSense_BistDisableShieldElectrodes
                0x000024a4       0x50 .\CortexM0p\ARM_GCC_541\Debug\NGFLUI_Vikram.a(CapSense_SelfTest.o)
 .text.CapSense_BistPostSingleScan
                0x000024f4       0x4c .\CortexM0p\ARM_GCC_541\Debug\NGFLUI_Vikram.a(CapSense_SelfTest.o)
                0x000024f4                CapSense_BistPostSingleScan
 .text.CapSense_BistConfigClock
                0x00002540       0x10 .\CortexM0p\ARM_GCC_541\Debug\NGFLUI_Vikram.a(CapSense_SelfTest.o)
 .text.CapSense_BistSetScanDuration
                0x00002550       0x1c .\CortexM0p\ARM_GCC_541\Debug\NGFLUI_Vikram.a(CapSense_SelfTest.o)
 .text.CapSense_BistSetIdac
                0x0000256c       0x20 .\CortexM0p\ARM_GCC_541\Debug\NGFLUI_Vikram.a(CapSense_SelfTest.o)
 .text.CapSense_BistCmodPrecharge
                0x0000258c       0xd8 .\CortexM0p\ARM_GCC_541\Debug\NGFLUI_Vikram.a(CapSense_SelfTest.o)
 .text.CapSense_WaitEndOfScan
                0x00002664       0x28 .\CortexM0p\ARM_GCC_541\Debug\NGFLUI_Vikram.a(CapSense_SelfTest.o)
 .text.CapSense_SetElectrodeHsiom
                0x0000268c       0x20 .\CortexM0p\ARM_GCC_541\Debug\NGFLUI_Vikram.a(CapSense_SelfTest.o)
 .text.CapSense_SetAllIOHsiomState
                0x000026ac       0x20 .\CortexM0p\ARM_GCC_541\Debug\NGFLUI_Vikram.a(CapSense_SelfTest.o)
 .text.CapSense_BistDisableHwSnsCap
                0x000026cc       0x4c .\CortexM0p\ARM_GCC_541\Debug\NGFLUI_Vikram.a(CapSense_SelfTest.o)
 .text.CapSense_SetElectrodePc
                0x00002718       0x24 .\CortexM0p\ARM_GCC_541\Debug\NGFLUI_Vikram.a(CapSense_SelfTest.o)
 .text.CapSense_SetAllIOPcState
                0x0000273c       0x20 .\CortexM0p\ARM_GCC_541\Debug\NGFLUI_Vikram.a(CapSense_SelfTest.o)
 .text.CapSense_BistSetInactiveSensorConnection
                0x0000275c       0x8c .\CortexM0p\ARM_GCC_541\Debug\NGFLUI_Vikram.a(CapSense_SelfTest.o)
 .text.CapSense_BistSetAllInactiveSensorConnection
                0x000027e8       0x2c .\CortexM0p\ARM_GCC_541\Debug\NGFLUI_Vikram.a(CapSense_SelfTest.o)
 .text.CapSense_SwitchAllIOState
                0x00002814       0x48 .\CortexM0p\ARM_GCC_541\Debug\NGFLUI_Vikram.a(CapSense_SelfTest.o)
 .text.CapSense_BistConnectSensor
                0x0000285c       0x54 .\CortexM0p\ARM_GCC_541\Debug\NGFLUI_Vikram.a(CapSense_SelfTest.o)
 .text.CapSense_SetElectrodeDr
                0x000028b0       0x20 .\CortexM0p\ARM_GCC_541\Debug\NGFLUI_Vikram.a(CapSense_SelfTest.o)
 .text.CapSense_SetAllIODrState
                0x000028d0       0x20 .\CortexM0p\ARM_GCC_541\Debug\NGFLUI_Vikram.a(CapSense_SelfTest.o)
 .text.CapSense_BistConnectExtCapacitor
                0x000028f0       0x60 .\CortexM0p\ARM_GCC_541\Debug\NGFLUI_Vikram.a(CapSense_SelfTest.o)
 .text.CapSense_BistConnectShieldAsSensor
                0x00002950       0x64 .\CortexM0p\ARM_GCC_541\Debug\NGFLUI_Vikram.a(CapSense_SelfTest.o)
 .text.CapSense_BistEnableVddaMeasurement
                0x000029b4       0xfc .\CortexM0p\ARM_GCC_541\Debug\NGFLUI_Vikram.a(CapSense_SelfTest.o)
 .text.CapSense_BistDisconnectExtCapacitor
                0x00002ab0      0x108 .\CortexM0p\ARM_GCC_541\Debug\NGFLUI_Vikram.a(CapSense_SelfTest.o)
 .text.CapSense_BistEnableHwSnsCap
                0x00002bb8      0x1b8 .\CortexM0p\ARM_GCC_541\Debug\NGFLUI_Vikram.a(CapSense_SelfTest.o)
 .text.CapSense_BistSwitchHwConfig
                0x00002d70       0x74 .\CortexM0p\ARM_GCC_541\Debug\NGFLUI_Vikram.a(CapSense_SelfTest.o)
 .text.CapSense_BistTriggerScan
                0x00002de4       0xe4 .\CortexM0p\ARM_GCC_541\Debug\NGFLUI_Vikram.a(CapSense_SelfTest.o)
 .text.CapSense_BistStartSample
                0x00002ec8       0x30 .\CortexM0p\ARM_GCC_541\Debug\NGFLUI_Vikram.a(CapSense_SelfTest.o)
 .text.CapSense_GetCapacitanceExt
                0x00002ef8       0xcc .\CortexM0p\ARM_GCC_541\Debug\NGFLUI_Vikram.a(CapSense_SelfTest.o)
 .text.CapSense_GetSensorCapacitanceExt
                0x00002fc4       0x34 .\CortexM0p\ARM_GCC_541\Debug\NGFLUI_Vikram.a(CapSense_SelfTest.o)
 .text.CapSense_GetExtCapCapacitanceExt
                0x00002ff8       0x2c .\CortexM0p\ARM_GCC_541\Debug\NGFLUI_Vikram.a(CapSense_SelfTest.o)
 .text.CapSense_MeasureExtCapCapacitance
                0x00003024       0x6c .\CortexM0p\ARM_GCC_541\Debug\NGFLUI_Vikram.a(CapSense_SelfTest.o)
 .text.CapSense_DsUpdateWidgetCrc
                0x00003090       0x20 .\CortexM0p\ARM_GCC_541\Debug\NGFLUI_Vikram.a(CapSense_SelfTest.o)
                0x00003090                CapSense_DsUpdateWidgetCrc
 .text.CapSense_UpdateTestResultBaselineDuplication
                0x000030b0       0x40 .\CortexM0p\ARM_GCC_541\Debug\NGFLUI_Vikram.a(CapSense_SelfTest.o)
                0x000030b0                CapSense_UpdateTestResultBaselineDuplication
 .text.CapSense_GetExtCapCapacitance
                0x000030f0       0x30 .\CortexM0p\ARM_GCC_541\Debug\NGFLUI_Vikram.a(CapSense_SelfTest.o)
                0x000030f0                CapSense_GetExtCapCapacitance
 .text.CapSense_BistDisableMode
                0x00003120       0x14 .\CortexM0p\ARM_GCC_541\Debug\NGFLUI_Vikram.a(CapSense_SelfTest.o)
                0x00003120                CapSense_BistDisableMode
 .text.CapSense_BistInitialize
                0x00003134       0x10 .\CortexM0p\ARM_GCC_541\Debug\NGFLUI_Vikram.a(CapSense_SelfTest.o)
                0x00003134                CapSense_BistInitialize
 .text.CapSense_GetSensorCapacitance
                0x00003144       0x3c .\CortexM0p\ARM_GCC_541\Debug\NGFLUI_Vikram.a(CapSense_SelfTest.o)
                0x00003144                CapSense_GetSensorCapacitance
 .text.CapSense_GetShieldCapacitance
                0x00003180       0x34 .\CortexM0p\ARM_GCC_541\Debug\NGFLUI_Vikram.a(CapSense_SelfTest.o)
                0x00003180                CapSense_GetShieldCapacitance
 .text.CapSense_ISR_SetVector
                0x000031b4        0xc .\CortexM0p\ARM_GCC_541\Debug\NGFLUI_Vikram.a(CapSense_ISR.o)
                0x000031b4                CapSense_ISR_SetVector
 .text.CapSense_ISR_SetPriority
                0x000031c0       0x20 .\CortexM0p\ARM_GCC_541\Debug\NGFLUI_Vikram.a(CapSense_ISR.o)
                0x000031c0                CapSense_ISR_SetPriority
 .text.CapSense_ISR_Enable
                0x000031e0       0x10 .\CortexM0p\ARM_GCC_541\Debug\NGFLUI_Vikram.a(CapSense_ISR.o)
                0x000031e0                CapSense_ISR_Enable
 .text.CapSense_ISR_Disable
                0x000031f0       0x10 .\CortexM0p\ARM_GCC_541\Debug\NGFLUI_Vikram.a(CapSense_ISR.o)
                0x000031f0                CapSense_ISR_Disable
 .text.CapSense_ISR_StartEx
                0x00003200       0x1c .\CortexM0p\ARM_GCC_541\Debug\NGFLUI_Vikram.a(CapSense_ISR.o)
                0x00003200                CapSense_ISR_StartEx
 .text.PWM_Volume_Stop
                0x0000321c       0x1c .\CortexM0p\ARM_GCC_541\Debug\NGFLUI_Vikram.a(PWM_Volume.o)
                0x0000321c                PWM_Volume_Stop
 .text.PWM_Volume_WriteCounter
                0x00003238       0x10 .\CortexM0p\ARM_GCC_541\Debug\NGFLUI_Vikram.a(PWM_Volume.o)
                0x00003238                PWM_Volume_WriteCounter
 .text.PWM_Volume_WritePeriod
                0x00003248       0x10 .\CortexM0p\ARM_GCC_541\Debug\NGFLUI_Vikram.a(PWM_Volume.o)
                0x00003248                PWM_Volume_WritePeriod
 .text.PWM_Volume_WriteCompare
                0x00003258       0x10 .\CortexM0p\ARM_GCC_541\Debug\NGFLUI_Vikram.a(PWM_Volume.o)
                0x00003258                PWM_Volume_WriteCompare
 .text.PWM_Volume_TriggerCommand
                0x00003268       0x1c .\CortexM0p\ARM_GCC_541\Debug\NGFLUI_Vikram.a(PWM_Volume.o)
                0x00003268                PWM_Volume_TriggerCommand
 .text.PWM_Volume_Enable
                0x00003284       0x24 .\CortexM0p\ARM_GCC_541\Debug\NGFLUI_Vikram.a(PWM_Volume.o)
                0x00003284                PWM_Volume_Enable
 .text.PWM_Volume_SetInterruptMode
                0x000032a8        0xc .\CortexM0p\ARM_GCC_541\Debug\NGFLUI_Vikram.a(PWM_Volume.o)
                0x000032a8                PWM_Volume_SetInterruptMode
 .text.PWM_Volume_Init
                0x000032b4       0x44 .\CortexM0p\ARM_GCC_541\Debug\NGFLUI_Vikram.a(PWM_Volume.o)
                0x000032b4                PWM_Volume_Init
 .text.PWM_Volume_Start
                0x000032f8       0x20 .\CortexM0p\ARM_GCC_541\Debug\NGFLUI_Vikram.a(PWM_Volume.o)
                0x000032f8                PWM_Volume_Start
 .text.isr_TimeOut_SetVector
                0x00003318        0xc .\CortexM0p\ARM_GCC_541\Debug\NGFLUI_Vikram.a(isr_TimeOut.o)
                0x00003318                isr_TimeOut_SetVector
 .text.isr_TimeOut_SetPriority
                0x00003324       0x24 .\CortexM0p\ARM_GCC_541\Debug\NGFLUI_Vikram.a(isr_TimeOut.o)
                0x00003324                isr_TimeOut_SetPriority
 .text.isr_TimeOut_Enable
                0x00003348       0x10 .\CortexM0p\ARM_GCC_541\Debug\NGFLUI_Vikram.a(isr_TimeOut.o)
                0x00003348                isr_TimeOut_Enable
 .text.isr_TimeOut_Disable
                0x00003358       0x10 .\CortexM0p\ARM_GCC_541\Debug\NGFLUI_Vikram.a(isr_TimeOut.o)
                0x00003358                isr_TimeOut_Disable
 .text.isr_TimeOut_StartEx
                0x00003368       0x1c .\CortexM0p\ARM_GCC_541\Debug\NGFLUI_Vikram.a(isr_TimeOut.o)
                0x00003368                isr_TimeOut_StartEx
 .text.isr_TimeOut_ClearPending
                0x00003384       0x10 .\CortexM0p\ARM_GCC_541\Debug\NGFLUI_Vikram.a(isr_TimeOut.o)
                0x00003384                isr_TimeOut_ClearPending
 .text.TimeOut_WriteCounter
                0x00003394       0x10 .\CortexM0p\ARM_GCC_541\Debug\NGFLUI_Vikram.a(TimeOut.o)
                0x00003394                TimeOut_WriteCounter
 .text.TimeOut_WritePeriod
                0x000033a4       0x10 .\CortexM0p\ARM_GCC_541\Debug\NGFLUI_Vikram.a(TimeOut.o)
                0x000033a4                TimeOut_WritePeriod
 .text.TimeOut_TriggerCommand
                0x000033b4       0x1c .\CortexM0p\ARM_GCC_541\Debug\NGFLUI_Vikram.a(TimeOut.o)
                0x000033b4                TimeOut_TriggerCommand
 .text.TimeOut_Enable
                0x000033d0       0x24 .\CortexM0p\ARM_GCC_541\Debug\NGFLUI_Vikram.a(TimeOut.o)
                0x000033d0                TimeOut_Enable
 .text.TimeOut_SetInterruptMode
                0x000033f4        0xc .\CortexM0p\ARM_GCC_541\Debug\NGFLUI_Vikram.a(TimeOut.o)
                0x000033f4                TimeOut_SetInterruptMode
 .text.TimeOut_Init
                0x00003400       0x30 .\CortexM0p\ARM_GCC_541\Debug\NGFLUI_Vikram.a(TimeOut.o)
                0x00003400                TimeOut_Init
 .text.TimeOut_Start
                0x00003430       0x20 .\CortexM0p\ARM_GCC_541\Debug\NGFLUI_Vikram.a(TimeOut.o)
                0x00003430                TimeOut_Start
 .text.TimeOut_ClearInterrupt
                0x00003450        0xc .\CortexM0p\ARM_GCC_541\Debug\NGFLUI_Vikram.a(TimeOut.o)
                0x00003450                TimeOut_ClearInterrupt
 .text.PWM_Freq_Stop
                0x0000345c       0x1c .\CortexM0p\ARM_GCC_541\Debug\NGFLUI_Vikram.a(PWM_Freq.o)
                0x0000345c                PWM_Freq_Stop
 .text.PWM_Freq_WriteCounter
                0x00003478       0x10 .\CortexM0p\ARM_GCC_541\Debug\NGFLUI_Vikram.a(PWM_Freq.o)
                0x00003478                PWM_Freq_WriteCounter
 .text.PWM_Freq_WritePeriod
                0x00003488       0x10 .\CortexM0p\ARM_GCC_541\Debug\NGFLUI_Vikram.a(PWM_Freq.o)
                0x00003488                PWM_Freq_WritePeriod
 .text.PWM_Freq_WriteCompare
                0x00003498       0x10 .\CortexM0p\ARM_GCC_541\Debug\NGFLUI_Vikram.a(PWM_Freq.o)
                0x00003498                PWM_Freq_WriteCompare
 .text.PWM_Freq_TriggerCommand
                0x000034a8       0x1c .\CortexM0p\ARM_GCC_541\Debug\NGFLUI_Vikram.a(PWM_Freq.o)
                0x000034a8                PWM_Freq_TriggerCommand
 .text.PWM_Freq_Enable
                0x000034c4       0x24 .\CortexM0p\ARM_GCC_541\Debug\NGFLUI_Vikram.a(PWM_Freq.o)
                0x000034c4                PWM_Freq_Enable
 .text.PWM_Freq_SetInterruptMode
                0x000034e8        0xc .\CortexM0p\ARM_GCC_541\Debug\NGFLUI_Vikram.a(PWM_Freq.o)
                0x000034e8                PWM_Freq_SetInterruptMode
 .text.PWM_Freq_Init
                0x000034f4       0x44 .\CortexM0p\ARM_GCC_541\Debug\NGFLUI_Vikram.a(PWM_Freq.o)
                0x000034f4                PWM_Freq_Init
 .text.PWM_Freq_Start
                0x00003538       0x20 .\CortexM0p\ARM_GCC_541\Debug\NGFLUI_Vikram.a(PWM_Freq.o)
                0x00003538                PWM_Freq_Start
 .text.MatrixTimer_WriteCounter
                0x00003558       0x10 .\CortexM0p\ARM_GCC_541\Debug\NGFLUI_Vikram.a(MatrixTimer.o)
                0x00003558                MatrixTimer_WriteCounter
 .text.MatrixTimer_WritePeriod
                0x00003568       0x10 .\CortexM0p\ARM_GCC_541\Debug\NGFLUI_Vikram.a(MatrixTimer.o)
                0x00003568                MatrixTimer_WritePeriod
 .text.MatrixTimer_TriggerCommand
                0x00003578       0x1c .\CortexM0p\ARM_GCC_541\Debug\NGFLUI_Vikram.a(MatrixTimer.o)
                0x00003578                MatrixTimer_TriggerCommand
 .text.MatrixTimer_Enable
                0x00003594       0x24 .\CortexM0p\ARM_GCC_541\Debug\NGFLUI_Vikram.a(MatrixTimer.o)
                0x00003594                MatrixTimer_Enable
 .text.MatrixTimer_SetInterruptMode
                0x000035b8        0xc .\CortexM0p\ARM_GCC_541\Debug\NGFLUI_Vikram.a(MatrixTimer.o)
                0x000035b8                MatrixTimer_SetInterruptMode
 .text.MatrixTimer_Init
                0x000035c4       0x30 .\CortexM0p\ARM_GCC_541\Debug\NGFLUI_Vikram.a(MatrixTimer.o)
                0x000035c4                MatrixTimer_Init
 .text.MatrixTimer_Start
                0x000035f4       0x20 .\CortexM0p\ARM_GCC_541\Debug\NGFLUI_Vikram.a(MatrixTimer.o)
                0x000035f4                MatrixTimer_Start
 .text.MatrixTimer_ClearInterrupt
                0x00003614        0xc .\CortexM0p\ARM_GCC_541\Debug\NGFLUI_Vikram.a(MatrixTimer.o)
                0x00003614                MatrixTimer_ClearInterrupt
 .text.isr_MatrixTimer_SetVector
                0x00003620        0xc .\CortexM0p\ARM_GCC_541\Debug\NGFLUI_Vikram.a(isr_MatrixTimer.o)
                0x00003620                isr_MatrixTimer_SetVector
 .text.isr_MatrixTimer_SetPriority
                0x0000362c       0x24 .\CortexM0p\ARM_GCC_541\Debug\NGFLUI_Vikram.a(isr_MatrixTimer.o)
                0x0000362c                isr_MatrixTimer_SetPriority
 .text.isr_MatrixTimer_Enable
                0x00003650       0x10 .\CortexM0p\ARM_GCC_541\Debug\NGFLUI_Vikram.a(isr_MatrixTimer.o)
                0x00003650                isr_MatrixTimer_Enable
 .text.isr_MatrixTimer_Disable
                0x00003660       0x10 .\CortexM0p\ARM_GCC_541\Debug\NGFLUI_Vikram.a(isr_MatrixTimer.o)
                0x00003660                isr_MatrixTimer_Disable
 .text.isr_MatrixTimer_StartEx
                0x00003670       0x1c .\CortexM0p\ARM_GCC_541\Debug\NGFLUI_Vikram.a(isr_MatrixTimer.o)
                0x00003670                isr_MatrixTimer_StartEx
 .text.isr_MatrixTimer_ClearPending
                0x0000368c       0x10 .\CortexM0p\ARM_GCC_541\Debug\NGFLUI_Vikram.a(isr_MatrixTimer.o)
                0x0000368c                isr_MatrixTimer_ClearPending
 .text.SPI_ScbModePostEnable
                0x0000369c        0x8 .\CortexM0p\ARM_GCC_541\Debug\NGFLUI_Vikram.a(SPI.o)
 .text.SPI_Init
                0x000036a4        0x8 .\CortexM0p\ARM_GCC_541\Debug\NGFLUI_Vikram.a(SPI.o)
                0x000036a4                SPI_Init
 .text.SPI_Enable
                0x000036ac       0x18 .\CortexM0p\ARM_GCC_541\Debug\NGFLUI_Vikram.a(SPI.o)
                0x000036ac                SPI_Enable
 .text.SPI_Start
                0x000036c4       0x20 .\CortexM0p\ARM_GCC_541\Debug\NGFLUI_Vikram.a(SPI.o)
                0x000036c4                SPI_Start
 .text.SPI_SpiUartWriteTxData
                0x000036e4       0x1c .\CortexM0p\ARM_GCC_541\Debug\NGFLUI_Vikram.a(SPI_SPI_UART.o)
                0x000036e4                SPI_SpiUartWriteTxData
 .text.SPI_SpiPostEnable
                0x00003700       0x2c .\CortexM0p\ARM_GCC_541\Debug\NGFLUI_Vikram.a(SPI_SPI.o)
                0x00003700                SPI_SpiPostEnable
 .text.SPI_SpiSetActiveSlaveSelect
                0x0000372c       0x20 .\CortexM0p\ARM_GCC_541\Debug\NGFLUI_Vikram.a(SPI_SPI.o)
                0x0000372c                SPI_SpiSetActiveSlaveSelect
 .text.SPI_SpiInit
                0x0000374c       0x90 .\CortexM0p\ARM_GCC_541\Debug\NGFLUI_Vikram.a(SPI_SPI.o)
                0x0000374c                SPI_SpiInit
 .text.SPI_OE_Write
                0x000037dc       0x18 .\CortexM0p\ARM_GCC_541\Debug\NGFLUI_Vikram.a(SPI_OE.o)
                0x000037dc                SPI_OE_Write
 .text.isr_SPI_Done_SetVector
                0x000037f4        0xc .\CortexM0p\ARM_GCC_541\Debug\NGFLUI_Vikram.a(isr_SPI_Done.o)
                0x000037f4                isr_SPI_Done_SetVector
 .text.isr_SPI_Done_SetPriority
                0x00003800       0x24 .\CortexM0p\ARM_GCC_541\Debug\NGFLUI_Vikram.a(isr_SPI_Done.o)
                0x00003800                isr_SPI_Done_SetPriority
 .text.isr_SPI_Done_Enable
                0x00003824       0x10 .\CortexM0p\ARM_GCC_541\Debug\NGFLUI_Vikram.a(isr_SPI_Done.o)
                0x00003824                isr_SPI_Done_Enable
 .text.isr_SPI_Done_Disable
                0x00003834       0x10 .\CortexM0p\ARM_GCC_541\Debug\NGFLUI_Vikram.a(isr_SPI_Done.o)
                0x00003834                isr_SPI_Done_Disable
 .text.isr_SPI_Done_StartEx
                0x00003844       0x1c .\CortexM0p\ARM_GCC_541\Debug\NGFLUI_Vikram.a(isr_SPI_Done.o)
                0x00003844                isr_SPI_Done_StartEx
 .text.isr_SPI_Done_ClearPending
                0x00003860       0x10 .\CortexM0p\ARM_GCC_541\Debug\NGFLUI_Vikram.a(isr_SPI_Done.o)
                0x00003860                isr_SPI_Done_ClearPending
 .text          0x00003870       0x20 .\CortexM0p\ARM_GCC_541\Debug\NGFLUI_Vikram.a(CyBootAsmGnu.o)
                0x00003870                CyDelayCycles
                0x00003882                CyEnterCriticalSection
                0x0000388a                CyExitCriticalSection
 .text.CySysFlashSetWaitCycles
                0x00003890       0x54 .\CortexM0p\ARM_GCC_541\Debug\NGFLUI_Vikram.a(CyFlash.o)
                0x00003890                CySysFlashSetWaitCycles
 .text.CapSense_SsCSDPostScan
                0x000038e4       0x5c .\CortexM0p\ARM_GCC_541\Debug\NGFLUI_Vikram.a(CapSense_INT.o)
 .text.CapSense_SsCSDInitNextScan
                0x00003940       0xa8 .\CortexM0p\ARM_GCC_541\Debug\NGFLUI_Vikram.a(CapSense_INT.o)
 .text.CapSense_CSDPostSingleScan
                0x000039e8       0x2c .\CortexM0p\ARM_GCC_541\Debug\NGFLUI_Vikram.a(CapSense_INT.o)
                0x000039e8                CapSense_CSDPostSingleScan
 .text.CapSense_CSDPostMultiScan
                0x00003a14       0x3c .\CortexM0p\ARM_GCC_541\Debug\NGFLUI_Vikram.a(CapSense_INT.o)
                0x00003a14                CapSense_CSDPostMultiScan
 .text          0x00003a50      0x114 c:/program files (x86)/cypress/psoc creator/4.2/psoc creator/import/gnu/arm/5.4.1/bin/../lib/gcc/arm-none-eabi/5.4.1/armv6-m\libgcc.a(_udivsi3.o)
                0x00003a50                __aeabi_uidiv
                0x00003a50                __udivsi3
                0x00003b5c                __aeabi_uidivmod
 .text          0x00003b64        0x4 c:/program files (x86)/cypress/psoc creator/4.2/psoc creator/import/gnu/arm/5.4.1/bin/../lib/gcc/arm-none-eabi/5.4.1/armv6-m\libgcc.a(_dvmd_tls.o)
                0x00003b64                __aeabi_idiv0
                0x00003b64                __aeabi_ldiv0
 .text.__errno  0x00003b68        0xc c:/program files (x86)/cypress/psoc creator/4.2/psoc creator/import/gnu/arm/5.4.1/bin/../lib/gcc/arm-none-eabi/5.4.1/../../../../arm-none-eabi/lib/armv6-m\libg_nano.a(lib_a-errno.o)
                0x00003b68                __errno
 .text.__libc_init_array
                0x00003b74       0x4c c:/program files (x86)/cypress/psoc creator/4.2/psoc creator/import/gnu/arm/5.4.1/bin/../lib/gcc/arm-none-eabi/5.4.1/../../../../arm-none-eabi/lib/armv6-m\libg_nano.a(lib_a-init.o)
                0x00003b74                __libc_init_array
 .text.memcpy   0x00003bc0       0x12 c:/program files (x86)/cypress/psoc creator/4.2/psoc creator/import/gnu/arm/5.4.1/bin/../lib/gcc/arm-none-eabi/5.4.1/../../../../arm-none-eabi/lib/armv6-m\libg_nano.a(lib_a-memcpy-stub.o)
                0x00003bc0                memcpy
 .text.memset   0x00003bd2       0x10 c:/program files (x86)/cypress/psoc creator/4.2/psoc creator/import/gnu/arm/5.4.1/bin/../lib/gcc/arm-none-eabi/5.4.1/../../../../arm-none-eabi/lib/armv6-m\libg_nano.a(lib_a-memset.o)
                0x00003bd2                memset
 *fill*         0x00003be2        0x2 
 .text.sprintf  0x00003be4       0x44 c:/program files (x86)/cypress/psoc creator/4.2/psoc creator/import/gnu/arm/5.4.1/bin/../lib/gcc/arm-none-eabi/5.4.1/../../../../arm-none-eabi/lib/armv6-m\libg_nano.a(lib_a-sprintf.o)
                0x00003be4                siprintf
                0x00003be4                sprintf
 .text.__ssputs_r
                0x00003c28       0xc4 c:/program files (x86)/cypress/psoc creator/4.2/psoc creator/import/gnu/arm/5.4.1/bin/../lib/gcc/arm-none-eabi/5.4.1/../../../../arm-none-eabi/lib/armv6-m\libg_nano.a(lib_a-nano-svfprintf.o)
                0x00003c28                __ssputs_r
 .text._svfprintf_r
                0x00003cec      0x1fc c:/program files (x86)/cypress/psoc creator/4.2/psoc creator/import/gnu/arm/5.4.1/bin/../lib/gcc/arm-none-eabi/5.4.1/../../../../arm-none-eabi/lib/armv6-m\libg_nano.a(lib_a-nano-svfprintf.o)
                0x00003cec                _svfiprintf_r
                0x00003cec                _svfprintf_r
 .text._printf_common
                0x00003ee8       0xdc c:/program files (x86)/cypress/psoc creator/4.2/psoc creator/import/gnu/arm/5.4.1/bin/../lib/gcc/arm-none-eabi/5.4.1/../../../../arm-none-eabi/lib/armv6-m\libg_nano.a(lib_a-nano-vfprintf_i.o)
                0x00003ee8                _printf_common
 .text._printf_i
                0x00003fc4      0x244 c:/program files (x86)/cypress/psoc creator/4.2/psoc creator/import/gnu/arm/5.4.1/bin/../lib/gcc/arm-none-eabi/5.4.1/../../../../arm-none-eabi/lib/armv6-m\libg_nano.a(lib_a-nano-vfprintf_i.o)
                0x00003fc4                _printf_i
 .text.memchr   0x00004208       0x16 c:/program files (x86)/cypress/psoc creator/4.2/psoc creator/import/gnu/arm/5.4.1/bin/../lib/gcc/arm-none-eabi/5.4.1/../../../../arm-none-eabi/lib/armv6-m\libg_nano.a(lib_a-memchr-stub.o)
                0x00004208                memchr
 .text.memmove  0x0000421e       0x2a c:/program files (x86)/cypress/psoc creator/4.2/psoc creator/import/gnu/arm/5.4.1/bin/../lib/gcc/arm-none-eabi/5.4.1/../../../../arm-none-eabi/lib/armv6-m\libg_nano.a(lib_a-memmove.o)
                0x0000421e                memmove
 .text._free_r  0x00004248       0x98 c:/program files (x86)/cypress/psoc creator/4.2/psoc creator/import/gnu/arm/5.4.1/bin/../lib/gcc/arm-none-eabi/5.4.1/../../../../arm-none-eabi/lib/armv6-m\libg_nano.a(lib_a-nano-freer.o)
                0x00004248                _free_r
 .text._malloc_r
                0x000042e0       0xc0 c:/program files (x86)/cypress/psoc creator/4.2/psoc creator/import/gnu/arm/5.4.1/bin/../lib/gcc/arm-none-eabi/5.4.1/../../../../arm-none-eabi/lib/armv6-m\libg_nano.a(lib_a-nano-mallocr.o)
                0x000042e0                _malloc_r
 .text._realloc_r
                0x000043a0       0x4c c:/program files (x86)/cypress/psoc creator/4.2/psoc creator/import/gnu/arm/5.4.1/bin/../lib/gcc/arm-none-eabi/5.4.1/../../../../arm-none-eabi/lib/armv6-m\libg_nano.a(lib_a-nano-reallocr.o)
                0x000043a0                _realloc_r
 .text._sbrk_r  0x000043ec       0x24 c:/program files (x86)/cypress/psoc creator/4.2/psoc creator/import/gnu/arm/5.4.1/bin/../lib/gcc/arm-none-eabi/5.4.1/../../../../arm-none-eabi/lib/armv6-m\libg_nano.a(lib_a-sbrkr.o)
                0x000043ec                _sbrk_r
 .text.__malloc_lock
                0x00004410        0x2 c:/program files (x86)/cypress/psoc creator/4.2/psoc creator/import/gnu/arm/5.4.1/bin/../lib/gcc/arm-none-eabi/5.4.1/../../../../arm-none-eabi/lib/armv6-m\libg_nano.a(lib_a-mlock.o)
                0x00004410                __malloc_lock
 .text.__malloc_unlock
                0x00004412        0x2 c:/program files (x86)/cypress/psoc creator/4.2/psoc creator/import/gnu/arm/5.4.1/bin/../lib/gcc/arm-none-eabi/5.4.1/../../../../arm-none-eabi/lib/armv6-m\libg_nano.a(lib_a-mlock.o)
                0x00004412                __malloc_unlock
 .text._malloc_usable_size_r
                0x00004414       0x16 c:/program files (x86)/cypress/psoc creator/4.2/psoc creator/import/gnu/arm/5.4.1/bin/../lib/gcc/arm-none-eabi/5.4.1/../../../../arm-none-eabi/lib/armv6-m\libg_nano.a(lib_a-nano-msizer.o)
                0x00004414                _malloc_usable_size_r
 *(.plt)
 *(.gnu.warning)
 *(.glue_7t)
 .glue_7t       0x0000442a        0x0 linker stubs
 *(.glue_7)
 .glue_7        0x0000442a        0x0 linker stubs
 *(.vfp11_veneer)
 .vfp11_veneer  0x0000442a        0x0 linker stubs
 *(.bootloader)
 *(.ARM.extab* .gnu.linkonce.armextab.*)
 *(.gcc_except_table)

.v4_bx          0x0000442c        0x0
 .v4_bx         0x0000442c        0x0 linker stubs

.iplt           0x0000442c        0x0
 .iplt          0x0000442c        0x0 c:/program files (x86)/cypress/psoc creator/4.2/psoc creator/import/gnu/arm/5.4.1/bin/../lib/gcc/arm-none-eabi/5.4.1/armv6-m/crtbegin.o

.eh_frame_hdr
 *(.eh_frame_hdr)

.eh_frame       0x0000442c        0x4
 *(.eh_frame)
 .eh_frame      0x0000442c        0x0 c:/program files (x86)/cypress/psoc creator/4.2/psoc creator/import/gnu/arm/5.4.1/bin/../lib/gcc/arm-none-eabi/5.4.1/armv6-m/crtbegin.o
 .eh_frame      0x0000442c        0x4 c:/program files (x86)/cypress/psoc creator/4.2/psoc creator/import/gnu/arm/5.4.1/bin/../lib/gcc/arm-none-eabi/5.4.1/armv6-m/crtend.o
                [!provide]                PROVIDE (__exidx_start, .)

.ARM.exidx
 *(.ARM.exidx* .gnu.linkonce.armexidx.*)
                0x00004430                __exidx_end = .

.rodata         0x00004430      0x578
 *(.rodata .rodata.* .gnu.linkonce.r.*)
 .rodata        0x00004430       0x40 .\CortexM0p\ARM_GCC_541\Debug\main.o
                0x00004464                ScanMask
 .rodata.str1.4
                0x00004470       0x1c .\CortexM0p\ARM_GCC_541\Debug\main.o
 .rodata        0x0000448c      0x44c .\CortexM0p\ARM_GCC_541\Debug\NGFLUI_Vikram.a(CapSense_Structure.o)
                0x0000449c                CapSense_ramIdacInit
                0x000044ac                CapSense_dsFlash
                0x0000464c                CapSense_ramWidgetInit
                0x0000471c                CapSense_extCapMap
                0x00004720                CapSense_shieldIoList
                0x00004738                CapSense_ioList
 .rodata        0x000048d8       0x1c .\CortexM0p\ARM_GCC_541\Debug\NGFLUI_Vikram.a(CapSense_Tuner.o)
 .rodata        0x000048f4        0x1 .\CortexM0p\ARM_GCC_541\Debug\NGFLUI_Vikram.a(CapSense_Sensing.o)
                0x000048f4                CapSense_scanFreqIndex
 *fill*         0x000048f5        0x3 
 .rodata        0x000048f8       0x40 .\CortexM0p\ARM_GCC_541\Debug\NGFLUI_Vikram.a(CapSense_SelfTest.o)
 .rodata.str1.1
                0x00004938        0x2 c:/program files (x86)/cypress/psoc creator/4.2/psoc creator/import/gnu/arm/5.4.1/bin/../lib/gcc/arm-none-eabi/5.4.1/../../../../arm-none-eabi/lib/armv6-m\libg_nano.a(lib_a-impure.o)
 .rodata.str1.1
                0x0000493a       0x11 c:/program files (x86)/cypress/psoc creator/4.2/psoc creator/import/gnu/arm/5.4.1/bin/../lib/gcc/arm-none-eabi/5.4.1/../../../../arm-none-eabi/lib/armv6-m\libg_nano.a(lib_a-nano-svfprintf.o)
 .rodata.str1.1
                0x0000494b       0x22 c:/program files (x86)/cypress/psoc creator/4.2/psoc creator/import/gnu/arm/5.4.1/bin/../lib/gcc/arm-none-eabi/5.4.1/../../../../arm-none-eabi/lib/armv6-m\libg_nano.a(lib_a-nano-vfprintf_i.o)
                0x00004970                . = ALIGN (0x4)
 *fill*         0x0000496d        0x3 
 *(.init)
 .init          0x00004970        0x4 c:/program files (x86)/cypress/psoc creator/4.2/psoc creator/import/gnu/arm/5.4.1/bin/../lib/gcc/arm-none-eabi/5.4.1/armv6-m/crti.o
                0x00004970                _init
 .init          0x00004974        0x8 c:/program files (x86)/cypress/psoc creator/4.2/psoc creator/import/gnu/arm/5.4.1/bin/../lib/gcc/arm-none-eabi/5.4.1/armv6-m/crtn.o
                0x0000497c                . = ALIGN (0x4)
                0x0000497c                __preinit_array_start = .
 *(.preinit_array)
                0x0000497c                __preinit_array_end = .
                0x0000497c                . = ALIGN (0x4)
                0x0000497c                __init_array_start = .
 *(SORT(.init_array.*))
 *(.init_array)
 .init_array    0x0000497c        0x4 c:/program files (x86)/cypress/psoc creator/4.2/psoc creator/import/gnu/arm/5.4.1/bin/../lib/gcc/arm-none-eabi/5.4.1/armv6-m/crtbegin.o
 .init_array    0x00004980        0x4 .\CortexM0p\ARM_GCC_541\Debug\Cm0plusStart.o
                0x00004984                __init_array_end = .
                0x00004984                . = ALIGN (0x4)
 *(.fini)
 .fini          0x00004984        0x4 c:/program files (x86)/cypress/psoc creator/4.2/psoc creator/import/gnu/arm/5.4.1/bin/../lib/gcc/arm-none-eabi/5.4.1/armv6-m/crti.o
                0x00004984                _fini
 .fini          0x00004988        0x8 c:/program files (x86)/cypress/psoc creator/4.2/psoc creator/import/gnu/arm/5.4.1/bin/../lib/gcc/arm-none-eabi/5.4.1/armv6-m/crtn.o
                0x00004990                . = ALIGN (0x4)
                0x00004990                __fini_array_start = .
 *(.fini_array)
 .fini_array    0x00004990        0x4 c:/program files (x86)/cypress/psoc creator/4.2/psoc creator/import/gnu/arm/5.4.1/bin/../lib/gcc/arm-none-eabi/5.4.1/armv6-m/crtbegin.o
 *(SORT(.fini_array.*))
                0x00004994                __fini_array_end = .
                0x00004994                . = ALIGN (0x4)
 *crtbegin.o(.ctors)
 *(EXCLUDE_FILE(*crtend.o) .ctors)
 *(SORT(.ctors.*))
 *crtend.o(.ctors)
                0x00004994                . = ALIGN (0x4)
 *crtbegin.o(.dtors)
 *(EXCLUDE_FILE(*crtend.o) .dtors)
 *(SORT(.dtors.*))
 *crtend.o(.dtors)
                0x00004994                . = ALIGN (0x4)
                0x00004994                __cy_regions = .
                0x00004994        0x4 LONG 0x49a8 __cy_region_init_ram
                0x00004998        0x4 LONG 0x200000b0 __cy_region_start_data
                0x0000499c        0x4 LONG 0x90 __cy_region_init_size_ram
                0x000049a0        0x4 LONG 0x2a8 __cy_region_zero_size_ram
                0x000049a4                __cy_regions_end = .
                0x000049a8                . = ALIGN (0x8)
 *fill*         0x000049a4        0x4 
                0x000049a8                _etext = .

.cy_checksum_exclude
                0x000049a8        0x0
 *(.cy_checksum_exclude)

.ramvectors     0x20000000       0xb0
                0x20000000                __cy_region_start_ram = .
 *(.ramvectors)
 .ramvectors    0x20000000       0xb0 .\CortexM0p\ARM_GCC_541\Debug\Cm0plusStart.o
                0x20000000                CyRamVectors

.noinit
 *(.noinit)

.data           0x200000b0       0x90 load address 0x000049a8
                0x200000b0                __cy_region_start_data = .
 *(.jcr)
 .jcr           0x200000b0        0x0 c:/program files (x86)/cypress/psoc creator/4.2/psoc creator/import/gnu/arm/5.4.1/bin/../lib/gcc/arm-none-eabi/5.4.1/armv6-m/crtbegin.o
 .jcr           0x200000b0        0x4 c:/program files (x86)/cypress/psoc creator/4.2/psoc creator/import/gnu/arm/5.4.1/bin/../lib/gcc/arm-none-eabi/5.4.1/armv6-m/crtend.o
 *(.got.plt)
 *(.got)
 *(.shdata)
 *(.data .data.* .gnu.linkonce.d.*)
 .data          0x200000b4        0x4 .\CortexM0p\ARM_GCC_541\Debug\Cm0plusStart.o
 .data          0x200000b8       0x14 .\CortexM0p\ARM_GCC_541\Debug\NGFLUI_Vikram.a(CyLib.o)
                0x200000b8                CySysClkPumpConfig
                0x200000bc                cydelay32kMs
                0x200000c0                cydelayFreqKhz
                0x200000c4                cydelayFreqMhz
                0x200000c8                cydelayFreqHz
 .data          0x200000cc        0x4 .\CortexM0p\ARM_GCC_541\Debug\NGFLUI_Vikram.a(CyLFClk.o)
 .data          0x200000d0        0x4 .\CortexM0p\ARM_GCC_541\Debug\NGFLUI_Vikram.a(CapSense_SensingCSD_LL.o)
                0x200000d0                CapSense_configCsd
 .data          0x200000d4        0x4 .\CortexM0p\ARM_GCC_541\Debug\NGFLUI_Vikram.a(CapSense_SelfTest.o)
 .data.impure_data
                0x200000d8       0x60 c:/program files (x86)/cypress/psoc creator/4.2/psoc creator/import/gnu/arm/5.4.1/bin/../lib/gcc/arm-none-eabi/5.4.1/../../../../arm-none-eabi/lib/armv6-m\libg_nano.a(lib_a-impure.o)
 .data._impure_ptr
                0x20000138        0x4 c:/program files (x86)/cypress/psoc creator/4.2/psoc creator/import/gnu/arm/5.4.1/bin/../lib/gcc/arm-none-eabi/5.4.1/../../../../arm-none-eabi/lib/armv6-m\libg_nano.a(lib_a-impure.o)
                0x20000138                _impure_ptr
                0x20000140                . = ALIGN (0x8)
 *fill*         0x2000013c        0x4 
 *(.ram)
                0x20000140                _edata = .

.igot.plt       0x20000140        0x0 load address 0x00004a38
 .igot.plt      0x20000140        0x0 c:/program files (x86)/cypress/psoc creator/4.2/psoc creator/import/gnu/arm/5.4.1/bin/../lib/gcc/arm-none-eabi/5.4.1/armv6-m/crtbegin.o

.bss            0x20000140      0x2a8 load address 0x00004a38
                0x20000140                PROVIDE (__bss_start__, .)
 *(.shbss)
 *(.bss .bss.* .gnu.linkonce.b.*)
 .bss           0x20000140       0x1c c:/program files (x86)/cypress/psoc creator/4.2/psoc creator/import/gnu/arm/5.4.1/bin/../lib/gcc/arm-none-eabi/5.4.1/armv6-m/crtbegin.o
 .bss           0x2000015c       0x10 .\CortexM0p\ARM_GCC_541\Debug\main.o
                0x20000160                LED_Matrix
 .bss           0x2000016c        0x8 .\CortexM0p\ARM_GCC_541\Debug\NGFLUI_Vikram.a(EZI2C.o)
                0x2000016c                EZI2C_initVar
                0x20000170                EZI2C_customIntrHandler
 .bss           0x20000174        0xc .\CortexM0p\ARM_GCC_541\Debug\NGFLUI_Vikram.a(EZI2C_EZI2C_INT.o)
 .bss           0x20000180       0x18 .\CortexM0p\ARM_GCC_541\Debug\NGFLUI_Vikram.a(CyLFClk.o)
 .bss           0x20000198        0x1 .\CortexM0p\ARM_GCC_541\Debug\NGFLUI_Vikram.a(CapSense_Control.o)
 *fill*         0x20000199        0x3 
 .bss           0x2000019c       0x31 .\CortexM0p\ARM_GCC_541\Debug\NGFLUI_Vikram.a(CapSense_Structure.o)
 *fill*         0x200001cd        0x3 
 .bss           0x200001d0        0x4 .\CortexM0p\ARM_GCC_541\Debug\NGFLUI_Vikram.a(CapSense_Tuner.o)
 .bss           0x200001d4        0x4 .\CortexM0p\ARM_GCC_541\Debug\NGFLUI_Vikram.a(CapSense_Sensing.o)
                0x200001d4                CapSense_currentSenseMethod
                0x200001d5                CapSense_requestScanAllWidget
                0x200001d6                CapSense_widgetIndex
                0x200001d7                CapSense_sensorIndex
 .bss           0x200001d8        0x1 .\CortexM0p\ARM_GCC_541\Debug\NGFLUI_Vikram.a(CapSense_SensingCSD_LL.o)
 *fill*         0x200001d9        0x1 
 .bss           0x200001da        0x4 .\CortexM0p\ARM_GCC_541\Debug\NGFLUI_Vikram.a(CapSense_SelfTest.o)
 .bss           0x200001de        0x1 .\CortexM0p\ARM_GCC_541\Debug\NGFLUI_Vikram.a(PWM_Volume.o)
                0x200001de                PWM_Volume_initVar
 .bss           0x200001df        0x1 .\CortexM0p\ARM_GCC_541\Debug\NGFLUI_Vikram.a(TimeOut.o)
                0x200001df                TimeOut_initVar
 .bss           0x200001e0        0x1 .\CortexM0p\ARM_GCC_541\Debug\NGFLUI_Vikram.a(PWM_Freq.o)
                0x200001e0                PWM_Freq_initVar
 .bss           0x200001e1        0x1 .\CortexM0p\ARM_GCC_541\Debug\NGFLUI_Vikram.a(MatrixTimer.o)
                0x200001e1                MatrixTimer_initVar
 .bss           0x200001e2        0x4 .\CortexM0p\ARM_GCC_541\Debug\NGFLUI_Vikram.a(SPI.o)
                0x200001e2                SPI_initVar
                0x200001e4                SPI_IntrTxMask
 *fill*         0x200001e6        0x2 
 .bss.__malloc_sbrk_start
                0x200001e8        0x4 c:/program files (x86)/cypress/psoc creator/4.2/psoc creator/import/gnu/arm/5.4.1/bin/../lib/gcc/arm-none-eabi/5.4.1/../../../../arm-none-eabi/lib/armv6-m\libg_nano.a(lib_a-nano-mallocr.o)
                0x200001e8                __malloc_sbrk_start
 .bss.__malloc_free_list
                0x200001ec        0x4 c:/program files (x86)/cypress/psoc creator/4.2/psoc creator/import/gnu/arm/5.4.1/bin/../lib/gcc/arm-none-eabi/5.4.1/../../../../arm-none-eabi/lib/armv6-m\libg_nano.a(lib_a-nano-mallocr.o)
                0x200001ec                __malloc_free_list
 *(COMMON)
 COMMON         0x200001f0       0x1e .\CortexM0p\ARM_GCC_541\Debug\NGFLUI_Vikram.a(EZI2C_EZI2C.o)
                0x200001f0                EZI2C_offsetBuf1
                0x200001f2                EZI2C_indexBuf2
                0x200001f4                EZI2C_addrBuf2
                0x200001f6                EZI2C_indexBuf1
                0x200001f8                EZI2C_fsmState
                0x200001fa                EZI2C_protectBuf1
                0x200001fc                EZI2C_curStatus
                0x200001fd                EZI2C_addrBuf1
                0x200001fe                EZI2C_bufSizeBuf2
                0x20000200                EZI2C_dataBuffer2
                0x20000204                EZI2C_dataBuffer1
                0x20000208                EZI2C_bufSizeBuf1
                0x2000020a                EZI2C_protectBuf2
                0x2000020c                EZI2C_offsetBuf2
 *fill*         0x2000020e        0x2 
 COMMON         0x20000210      0x1c8 .\CortexM0p\ARM_GCC_541\Debug\NGFLUI_Vikram.a(CapSense_Structure.o)
                0x20000210                CapSense_dsRam
 COMMON         0x200003d8        0x8 .\CortexM0p\ARM_GCC_541\Debug\NGFLUI_Vikram.a(CapSense_Sensing.o)
                0x200003d8                CapSense_curRamSnsPtr
                0x200003dc                CapSense_curSnsIOPtr
 COMMON         0x200003e0        0x4 c:/program files (x86)/cypress/psoc creator/4.2/psoc creator/import/gnu/arm/5.4.1/bin/../lib/gcc/arm-none-eabi/5.4.1/../../../../arm-none-eabi/lib/armv6-m\libg_nano.a(lib_a-reent.o)
                0x200003e0                errno
                0x200003e8                . = ALIGN (0x8)
 *fill*         0x200003e4        0x4 
 *(.ram.b)
                0x200003e8                _end = .
                0x200003e8                __end = .
                0x200003e8                PROVIDE (end, .)
                0x200003e8                PROVIDE (__bss_end__, .)
                0x000049a8                __cy_region_init_ram = LOADADDR (.data)
                0x00000090                __cy_region_init_size_ram = (_edata - ADDR (.data))
                0x000002a8                __cy_region_zero_size_ram = (_end - _edata)

.heap           0x200003e8       0x80 load address 0x00004a38
                0x200003e8                . = _end
                0x20000468                . = (. + 0x80)
 *fill*         0x200003e8       0x80 
                0x20000468                __cy_heap_limit = .

.stack          0x20003800      0x800
                0x20003800                __cy_stack_limit = .
                0x20004000                . = (. + 0x800)
 *fill*         0x20003800      0x800 
                0x00000001                ASSERT ((__cy_stack_limit >= __cy_heap_limit), region RAM overflowed with stack)
                0x00000000                cy_checksum_exclude_size = (CY_APPL_LOADABLE == 0x1)?SIZEOF (.cy_checksum_exclude):0x0
                0x00000001                ASSERT ((cy_checksum_exclude_size <= CY_CHECKSUM_EXCLUDE_SIZE), CY_BOOT: Section .cy_checksum_exclude size exceedes specified limit.)
                0x0001ffc0                cyloadermeta_start = (cy_project_type_bootloader || cy_project_type_app_for_stack_and_copier)?(LENGTH (rom) - CY_METADATA_SIZE):0xf0000000

.cyloadermeta
 *(.cyloadermeta)
                0x0001ffc0                cyloadablemeta_start = cy_project_type_app_for_stack_and_copier?((LENGTH (rom) - CY_FLASH_ROW_SIZE) - CY_METADATA_SIZE):((LENGTH (rom) - (CY_FLASH_ROW_SIZE * (CY_APPL_NUM - 0x1))) - CY_METADATA_SIZE)

.cyloadablemeta
 *(.cyloadablemeta)

.cyflashprotect
                0x90400000       0x40
 *(.cyflashprotect)
 .cyflashprotect
                0x90400000       0x40 .\CortexM0p\ARM_GCC_541\Debug\cymetadata.o
                0x90400000                cy_meta_flashprotect

.cymeta         0x90500000        0xc
 *(.cymeta)
 .cymeta        0x90500000        0xc .\CortexM0p\ARM_GCC_541\Debug\cymetadata.o
                0x90500000                cy_metadata

.cychipprotect  0x90600000        0x1
 *(.cychipprotect)
 .cychipprotect
                0x90600000        0x1 .\CortexM0p\ARM_GCC_541\Debug\cymetadata.o
                0x90600000                cy_meta_chipprotect

.rel.dyn        0x00004a38        0x0 load address 0x90600004
 .rel.iplt      0x00004a38        0x0 c:/program files (x86)/cypress/psoc creator/4.2/psoc creator/import/gnu/arm/5.4.1/bin/../lib/gcc/arm-none-eabi/5.4.1/armv6-m/crtbegin.o

.stab
 *(.stab)

.stabstr
 *(.stabstr)

.debug
 *(.debug)

.line
 *(.line)

.debug_srcinfo
 *(.debug_srcinfo)

.debug_sfnames
 *(.debug_sfnames)

.debug_aranges  0x00000000     0x1530
 *(.debug_aranges)
 .debug_aranges
                0x00000000       0x38 .\CortexM0p\ARM_GCC_541\Debug\main.o
 .debug_aranges
                0x00000038       0x38 .\CortexM0p\ARM_GCC_541\Debug\cyfitter_cfg.o
 .debug_aranges
                0x00000070       0x18 .\CortexM0p\ARM_GCC_541\Debug\cymetadata.o
 .debug_aranges
                0x00000088       0x48 .\CortexM0p\ARM_GCC_541\Debug\Cm0plusStart.o
 .debug_aranges
                0x000000d0       0x60 .\CortexM0p\ARM_GCC_541\Debug\NGFLUI_Vikram.a(EZI2C.o)
 .debug_aranges
                0x00000130       0x78 .\CortexM0p\ARM_GCC_541\Debug\NGFLUI_Vikram.a(EZI2C_EZI2C.o)
 .debug_aranges
                0x000001a8       0x20 .\CortexM0p\ARM_GCC_541\Debug\NGFLUI_Vikram.a(EZI2C_EZI2C_INT.o)
 .debug_aranges
                0x000001c8       0x48 .\CortexM0p\ARM_GCC_541\Debug\NGFLUI_Vikram.a(HB_LED.o)
 .debug_aranges
                0x00000210      0x230 .\CortexM0p\ARM_GCC_541\Debug\NGFLUI_Vikram.a(CyLib.o)
 .debug_aranges
                0x00000440      0x1a8 .\CortexM0p\ARM_GCC_541\Debug\NGFLUI_Vikram.a(CyLFClk.o)
 .debug_aranges
                0x000005e8       0x68 .\CortexM0p\ARM_GCC_541\Debug\NGFLUI_Vikram.a(CapSense_Control.o)
 .debug_aranges
                0x00000650       0x48 .\CortexM0p\ARM_GCC_541\Debug\NGFLUI_Vikram.a(CapSense_Processing.o)
 .debug_aranges
                0x00000698       0x50 .\CortexM0p\ARM_GCC_541\Debug\NGFLUI_Vikram.a(CapSense_Structure.o)
 .debug_aranges
                0x000006e8       0x28 .\CortexM0p\ARM_GCC_541\Debug\NGFLUI_Vikram.a(CapSense_Tuner.o)
 .debug_aranges
                0x00000710       0x70 .\CortexM0p\ARM_GCC_541\Debug\NGFLUI_Vikram.a(CapSense_Filter.o)
 .debug_aranges
                0x00000780       0xe0 .\CortexM0p\ARM_GCC_541\Debug\NGFLUI_Vikram.a(CapSense_Sensing.o)
 .debug_aranges
                0x00000860       0xf0 .\CortexM0p\ARM_GCC_541\Debug\NGFLUI_Vikram.a(CapSense_SensingCSD_LL.o)
 .debug_aranges
                0x00000950      0x210 .\CortexM0p\ARM_GCC_541\Debug\NGFLUI_Vikram.a(CapSense_SelfTest.o)
 .debug_aranges
                0x00000b60       0x80 .\CortexM0p\ARM_GCC_541\Debug\NGFLUI_Vikram.a(CapSense_ISR.o)
 .debug_aranges
                0x00000be0      0x158 .\CortexM0p\ARM_GCC_541\Debug\NGFLUI_Vikram.a(PWM_Volume.o)
 .debug_aranges
                0x00000d38       0x80 .\CortexM0p\ARM_GCC_541\Debug\NGFLUI_Vikram.a(isr_TimeOut.o)
 .debug_aranges
                0x00000db8      0x158 .\CortexM0p\ARM_GCC_541\Debug\NGFLUI_Vikram.a(TimeOut.o)
 .debug_aranges
                0x00000f10      0x158 .\CortexM0p\ARM_GCC_541\Debug\NGFLUI_Vikram.a(PWM_Freq.o)
 .debug_aranges
                0x00001068      0x158 .\CortexM0p\ARM_GCC_541\Debug\NGFLUI_Vikram.a(MatrixTimer.o)
 .debug_aranges
                0x000011c0       0x80 .\CortexM0p\ARM_GCC_541\Debug\NGFLUI_Vikram.a(isr_MatrixTimer.o)
 .debug_aranges
                0x00001240       0x58 .\CortexM0p\ARM_GCC_541\Debug\NGFLUI_Vikram.a(SPI.o)
 .debug_aranges
                0x00001298       0x60 .\CortexM0p\ARM_GCC_541\Debug\NGFLUI_Vikram.a(SPI_SPI_UART.o)
 .debug_aranges
                0x000012f8       0x40 .\CortexM0p\ARM_GCC_541\Debug\NGFLUI_Vikram.a(SPI_SPI.o)
 .debug_aranges
                0x00001338       0x48 .\CortexM0p\ARM_GCC_541\Debug\NGFLUI_Vikram.a(SPI_sclk_m.o)
 .debug_aranges
                0x00001380       0x48 .\CortexM0p\ARM_GCC_541\Debug\NGFLUI_Vikram.a(SPI_ss0_m.o)
 .debug_aranges
                0x000013c8       0x48 .\CortexM0p\ARM_GCC_541\Debug\NGFLUI_Vikram.a(SPI_OE.o)
 .debug_aranges
                0x00001410       0x80 .\CortexM0p\ARM_GCC_541\Debug\NGFLUI_Vikram.a(isr_SPI_Done.o)
 .debug_aranges
                0x00001490       0x20 .\CortexM0p\ARM_GCC_541\Debug\NGFLUI_Vikram.a(CyBootAsmGnu.o)
 .debug_aranges
                0x000014b0       0x48 .\CortexM0p\ARM_GCC_541\Debug\NGFLUI_Vikram.a(CyFlash.o)
 .debug_aranges
                0x000014f8       0x38 .\CortexM0p\ARM_GCC_541\Debug\NGFLUI_Vikram.a(CapSense_INT.o)

.debug_pubnames
 *(.debug_pubnames)

.debug_info     0x00000000    0x11778
 *(.debug_info .gnu.linkonce.wi.*)
 .debug_info    0x00000000      0xf56 .\CortexM0p\ARM_GCC_541\Debug\main.o
 .debug_info    0x00000f56      0x1b2 .\CortexM0p\ARM_GCC_541\Debug\cyfitter_cfg.o
 .debug_info    0x00001108       0xf8 .\CortexM0p\ARM_GCC_541\Debug\cymetadata.o
 .debug_info    0x00001200      0x3a5 .\CortexM0p\ARM_GCC_541\Debug\Cm0plusStart.o
 .debug_info    0x000015a5      0x298 .\CortexM0p\ARM_GCC_541\Debug\NGFLUI_Vikram.a(EZI2C.o)
 .debug_info    0x0000183d      0x4ae .\CortexM0p\ARM_GCC_541\Debug\NGFLUI_Vikram.a(EZI2C_EZI2C.o)
 .debug_info    0x00001ceb      0x284 .\CortexM0p\ARM_GCC_541\Debug\NGFLUI_Vikram.a(EZI2C_EZI2C_INT.o)
 .debug_info    0x00001f6f      0x19d .\CortexM0p\ARM_GCC_541\Debug\NGFLUI_Vikram.a(HB_LED.o)
 .debug_info    0x0000210c     0x15f9 .\CortexM0p\ARM_GCC_541\Debug\NGFLUI_Vikram.a(CyLib.o)
 .debug_info    0x00003705      0xd06 .\CortexM0p\ARM_GCC_541\Debug\NGFLUI_Vikram.a(CyLFClk.o)
 .debug_info    0x0000440b      0xd1d .\CortexM0p\ARM_GCC_541\Debug\NGFLUI_Vikram.a(CapSense_Control.o)
 .debug_info    0x00005128      0xc92 .\CortexM0p\ARM_GCC_541\Debug\NGFLUI_Vikram.a(CapSense_Processing.o)
 .debug_info    0x00005dba      0xf6d .\CortexM0p\ARM_GCC_541\Debug\NGFLUI_Vikram.a(CapSense_Structure.o)
 .debug_info    0x00006d27      0x8ef .\CortexM0p\ARM_GCC_541\Debug\NGFLUI_Vikram.a(CapSense_Tuner.o)
 .debug_info    0x00007616      0x7b9 .\CortexM0p\ARM_GCC_541\Debug\NGFLUI_Vikram.a(CapSense_Filter.o)
 .debug_info    0x00007dcf     0x12f2 .\CortexM0p\ARM_GCC_541\Debug\NGFLUI_Vikram.a(CapSense_Sensing.o)
 .debug_info    0x000090c1     0x13fd .\CortexM0p\ARM_GCC_541\Debug\NGFLUI_Vikram.a(CapSense_SensingCSD_LL.o)
 .debug_info    0x0000a4be     0x28b7 .\CortexM0p\ARM_GCC_541\Debug\NGFLUI_Vikram.a(CapSense_SelfTest.o)
 .debug_info    0x0000cd75      0x305 .\CortexM0p\ARM_GCC_541\Debug\NGFLUI_Vikram.a(CapSense_ISR.o)
 .debug_info    0x0000d07a      0x907 .\CortexM0p\ARM_GCC_541\Debug\NGFLUI_Vikram.a(PWM_Volume.o)
 .debug_info    0x0000d981      0x305 .\CortexM0p\ARM_GCC_541\Debug\NGFLUI_Vikram.a(isr_TimeOut.o)
 .debug_info    0x0000dc86      0x8f6 .\CortexM0p\ARM_GCC_541\Debug\NGFLUI_Vikram.a(TimeOut.o)
 .debug_info    0x0000e57c      0x909 .\CortexM0p\ARM_GCC_541\Debug\NGFLUI_Vikram.a(PWM_Freq.o)
 .debug_info    0x0000ee85      0x8f6 .\CortexM0p\ARM_GCC_541\Debug\NGFLUI_Vikram.a(MatrixTimer.o)
 .debug_info    0x0000f77b      0x305 .\CortexM0p\ARM_GCC_541\Debug\NGFLUI_Vikram.a(isr_MatrixTimer.o)
 .debug_info    0x0000fa80      0x23a .\CortexM0p\ARM_GCC_541\Debug\NGFLUI_Vikram.a(SPI.o)
 .debug_info    0x0000fcba      0x220 .\CortexM0p\ARM_GCC_541\Debug\NGFLUI_Vikram.a(SPI_SPI_UART.o)
 .debug_info    0x0000feda      0x1b4 .\CortexM0p\ARM_GCC_541\Debug\NGFLUI_Vikram.a(SPI_SPI.o)
 .debug_info    0x0001008e      0x19d .\CortexM0p\ARM_GCC_541\Debug\NGFLUI_Vikram.a(SPI_sclk_m.o)
 .debug_info    0x0001022b      0x19d .\CortexM0p\ARM_GCC_541\Debug\NGFLUI_Vikram.a(SPI_ss0_m.o)
 .debug_info    0x000103c8      0x19d .\CortexM0p\ARM_GCC_541\Debug\NGFLUI_Vikram.a(SPI_OE.o)
 .debug_info    0x00010565      0x305 .\CortexM0p\ARM_GCC_541\Debug\NGFLUI_Vikram.a(isr_SPI_Done.o)
 .debug_info    0x0001086a       0xa8 .\CortexM0p\ARM_GCC_541\Debug\NGFLUI_Vikram.a(CyBootAsmGnu.o)
 .debug_info    0x00010912      0x419 .\CortexM0p\ARM_GCC_541\Debug\NGFLUI_Vikram.a(CyFlash.o)
 .debug_info    0x00010d2b      0xa4d .\CortexM0p\ARM_GCC_541\Debug\NGFLUI_Vikram.a(CapSense_INT.o)

.debug_abbrev   0x00000000     0x32c7
 *(.debug_abbrev)
 .debug_abbrev  0x00000000      0x1ed .\CortexM0p\ARM_GCC_541\Debug\main.o
 .debug_abbrev  0x000001ed       0xe4 .\CortexM0p\ARM_GCC_541\Debug\cyfitter_cfg.o
 .debug_abbrev  0x000002d1       0x5d .\CortexM0p\ARM_GCC_541\Debug\cymetadata.o
 .debug_abbrev  0x0000032e      0x1d0 .\CortexM0p\ARM_GCC_541\Debug\Cm0plusStart.o
 .debug_abbrev  0x000004fe      0x118 .\CortexM0p\ARM_GCC_541\Debug\NGFLUI_Vikram.a(EZI2C.o)
 .debug_abbrev  0x00000616      0x165 .\CortexM0p\ARM_GCC_541\Debug\NGFLUI_Vikram.a(EZI2C_EZI2C.o)
 .debug_abbrev  0x0000077b       0xbf .\CortexM0p\ARM_GCC_541\Debug\NGFLUI_Vikram.a(EZI2C_EZI2C_INT.o)
 .debug_abbrev  0x0000083a       0xc8 .\CortexM0p\ARM_GCC_541\Debug\NGFLUI_Vikram.a(HB_LED.o)
 .debug_abbrev  0x00000902      0x272 .\CortexM0p\ARM_GCC_541\Debug\NGFLUI_Vikram.a(CyLib.o)
 .debug_abbrev  0x00000b74      0x207 .\CortexM0p\ARM_GCC_541\Debug\NGFLUI_Vikram.a(CyLFClk.o)
 .debug_abbrev  0x00000d7b      0x243 .\CortexM0p\ARM_GCC_541\Debug\NGFLUI_Vikram.a(CapSense_Control.o)
 .debug_abbrev  0x00000fbe      0x1ed .\CortexM0p\ARM_GCC_541\Debug\NGFLUI_Vikram.a(CapSense_Processing.o)
 .debug_abbrev  0x000011ab      0x248 .\CortexM0p\ARM_GCC_541\Debug\NGFLUI_Vikram.a(CapSense_Structure.o)
 .debug_abbrev  0x000013f3      0x191 .\CortexM0p\ARM_GCC_541\Debug\NGFLUI_Vikram.a(CapSense_Tuner.o)
 .debug_abbrev  0x00001584      0x211 .\CortexM0p\ARM_GCC_541\Debug\NGFLUI_Vikram.a(CapSense_Filter.o)
 .debug_abbrev  0x00001795      0x24a .\CortexM0p\ARM_GCC_541\Debug\NGFLUI_Vikram.a(CapSense_Sensing.o)
 .debug_abbrev  0x000019df      0x2e8 .\CortexM0p\ARM_GCC_541\Debug\NGFLUI_Vikram.a(CapSense_SensingCSD_LL.o)
 .debug_abbrev  0x00001cc7      0x268 .\CortexM0p\ARM_GCC_541\Debug\NGFLUI_Vikram.a(CapSense_SelfTest.o)
 .debug_abbrev  0x00001f2f      0x19a .\CortexM0p\ARM_GCC_541\Debug\NGFLUI_Vikram.a(CapSense_ISR.o)
 .debug_abbrev  0x000020c9      0x119 .\CortexM0p\ARM_GCC_541\Debug\NGFLUI_Vikram.a(PWM_Volume.o)
 .debug_abbrev  0x000021e2      0x19a .\CortexM0p\ARM_GCC_541\Debug\NGFLUI_Vikram.a(isr_TimeOut.o)
 .debug_abbrev  0x0000237c      0x119 .\CortexM0p\ARM_GCC_541\Debug\NGFLUI_Vikram.a(TimeOut.o)
 .debug_abbrev  0x00002495      0x119 .\CortexM0p\ARM_GCC_541\Debug\NGFLUI_Vikram.a(PWM_Freq.o)
 .debug_abbrev  0x000025ae      0x119 .\CortexM0p\ARM_GCC_541\Debug\NGFLUI_Vikram.a(MatrixTimer.o)
 .debug_abbrev  0x000026c7      0x19a .\CortexM0p\ARM_GCC_541\Debug\NGFLUI_Vikram.a(isr_MatrixTimer.o)
 .debug_abbrev  0x00002861       0xd5 .\CortexM0p\ARM_GCC_541\Debug\NGFLUI_Vikram.a(SPI.o)
 .debug_abbrev  0x00002936      0x14f .\CortexM0p\ARM_GCC_541\Debug\NGFLUI_Vikram.a(SPI_SPI_UART.o)
 .debug_abbrev  0x00002a85       0xfb .\CortexM0p\ARM_GCC_541\Debug\NGFLUI_Vikram.a(SPI_SPI.o)
 .debug_abbrev  0x00002b80       0xc8 .\CortexM0p\ARM_GCC_541\Debug\NGFLUI_Vikram.a(SPI_sclk_m.o)
 .debug_abbrev  0x00002c48       0xc8 .\CortexM0p\ARM_GCC_541\Debug\NGFLUI_Vikram.a(SPI_ss0_m.o)
 .debug_abbrev  0x00002d10       0xc8 .\CortexM0p\ARM_GCC_541\Debug\NGFLUI_Vikram.a(SPI_OE.o)
 .debug_abbrev  0x00002dd8      0x19a .\CortexM0p\ARM_GCC_541\Debug\NGFLUI_Vikram.a(isr_SPI_Done.o)
 .debug_abbrev  0x00002f72       0x14 .\CortexM0p\ARM_GCC_541\Debug\NGFLUI_Vikram.a(CyBootAsmGnu.o)
 .debug_abbrev  0x00002f86      0x19e .\CortexM0p\ARM_GCC_541\Debug\NGFLUI_Vikram.a(CyFlash.o)
 .debug_abbrev  0x00003124      0x1a3 .\CortexM0p\ARM_GCC_541\Debug\NGFLUI_Vikram.a(CapSense_INT.o)

.debug_line     0x00000000     0x5592
 *(.debug_line)
 .debug_line    0x00000000      0x48b .\CortexM0p\ARM_GCC_541\Debug\main.o
 .debug_line    0x0000048b       0xde .\CortexM0p\ARM_GCC_541\Debug\cyfitter_cfg.o
 .debug_line    0x00000569      0x141 .\CortexM0p\ARM_GCC_541\Debug\cymetadata.o
 .debug_line    0x000006aa      0x247 .\CortexM0p\ARM_GCC_541\Debug\Cm0plusStart.o
 .debug_line    0x000008f1      0x128 .\CortexM0p\ARM_GCC_541\Debug\NGFLUI_Vikram.a(EZI2C.o)
 .debug_line    0x00000a19      0x167 .\CortexM0p\ARM_GCC_541\Debug\NGFLUI_Vikram.a(EZI2C_EZI2C.o)
 .debug_line    0x00000b80      0x1d2 .\CortexM0p\ARM_GCC_541\Debug\NGFLUI_Vikram.a(EZI2C_EZI2C_INT.o)
 .debug_line    0x00000d52       0xbe .\CortexM0p\ARM_GCC_541\Debug\NGFLUI_Vikram.a(HB_LED.o)
 .debug_line    0x00000e10      0x821 .\CortexM0p\ARM_GCC_541\Debug\NGFLUI_Vikram.a(CyLib.o)
 .debug_line    0x00001631      0x5c1 .\CortexM0p\ARM_GCC_541\Debug\NGFLUI_Vikram.a(CyLFClk.o)
 .debug_line    0x00001bf2      0x235 .\CortexM0p\ARM_GCC_541\Debug\NGFLUI_Vikram.a(CapSense_Control.o)
 .debug_line    0x00001e27      0x2e5 .\CortexM0p\ARM_GCC_541\Debug\NGFLUI_Vikram.a(CapSense_Processing.o)
 .debug_line    0x0000210c      0x202 .\CortexM0p\ARM_GCC_541\Debug\NGFLUI_Vikram.a(CapSense_Structure.o)
 .debug_line    0x0000230e      0x11c .\CortexM0p\ARM_GCC_541\Debug\NGFLUI_Vikram.a(CapSense_Tuner.o)
 .debug_line    0x0000242a      0x1db .\CortexM0p\ARM_GCC_541\Debug\NGFLUI_Vikram.a(CapSense_Filter.o)
 .debug_line    0x00002605      0x46a .\CortexM0p\ARM_GCC_541\Debug\NGFLUI_Vikram.a(CapSense_Sensing.o)
 .debug_line    0x00002a6f      0x480 .\CortexM0p\ARM_GCC_541\Debug\NGFLUI_Vikram.a(CapSense_SensingCSD_LL.o)
 .debug_line    0x00002eef      0xa67 .\CortexM0p\ARM_GCC_541\Debug\NGFLUI_Vikram.a(CapSense_SelfTest.o)
 .debug_line    0x00003956      0x158 .\CortexM0p\ARM_GCC_541\Debug\NGFLUI_Vikram.a(CapSense_ISR.o)
 .debug_line    0x00003aae      0x383 .\CortexM0p\ARM_GCC_541\Debug\NGFLUI_Vikram.a(PWM_Volume.o)
 .debug_line    0x00003e31      0x157 .\CortexM0p\ARM_GCC_541\Debug\NGFLUI_Vikram.a(isr_TimeOut.o)
 .debug_line    0x00003f88      0x37b .\CortexM0p\ARM_GCC_541\Debug\NGFLUI_Vikram.a(TimeOut.o)
 .debug_line    0x00004303      0x381 .\CortexM0p\ARM_GCC_541\Debug\NGFLUI_Vikram.a(PWM_Freq.o)
 .debug_line    0x00004684      0x37f .\CortexM0p\ARM_GCC_541\Debug\NGFLUI_Vikram.a(MatrixTimer.o)
 .debug_line    0x00004a03      0x15b .\CortexM0p\ARM_GCC_541\Debug\NGFLUI_Vikram.a(isr_MatrixTimer.o)
 .debug_line    0x00004b5e      0x108 .\CortexM0p\ARM_GCC_541\Debug\NGFLUI_Vikram.a(SPI.o)
 .debug_line    0x00004c66      0x119 .\CortexM0p\ARM_GCC_541\Debug\NGFLUI_Vikram.a(SPI_SPI_UART.o)
 .debug_line    0x00004d7f       0xf9 .\CortexM0p\ARM_GCC_541\Debug\NGFLUI_Vikram.a(SPI_SPI.o)
 .debug_line    0x00004e78       0xc2 .\CortexM0p\ARM_GCC_541\Debug\NGFLUI_Vikram.a(SPI_sclk_m.o)
 .debug_line    0x00004f3a       0xc1 .\CortexM0p\ARM_GCC_541\Debug\NGFLUI_Vikram.a(SPI_ss0_m.o)
 .debug_line    0x00004ffb       0xbe .\CortexM0p\ARM_GCC_541\Debug\NGFLUI_Vikram.a(SPI_OE.o)
 .debug_line    0x000050b9      0x158 .\CortexM0p\ARM_GCC_541\Debug\NGFLUI_Vikram.a(isr_SPI_Done.o)
 .debug_line    0x00005211       0x68 .\CortexM0p\ARM_GCC_541\Debug\NGFLUI_Vikram.a(CyBootAsmGnu.o)
 .debug_line    0x00005279      0x1e1 .\CortexM0p\ARM_GCC_541\Debug\NGFLUI_Vikram.a(CyFlash.o)
 .debug_line    0x0000545a      0x138 .\CortexM0p\ARM_GCC_541\Debug\NGFLUI_Vikram.a(CapSense_INT.o)

.debug_frame    0x00000000     0x3ba8
 *(.debug_frame)
 .debug_frame   0x00000000       0x90 .\CortexM0p\ARM_GCC_541\Debug\main.o
 .debug_frame   0x00000090       0x6c .\CortexM0p\ARM_GCC_541\Debug\cyfitter_cfg.o
 .debug_frame   0x000000fc       0xbc .\CortexM0p\ARM_GCC_541\Debug\Cm0plusStart.o
 .debug_frame   0x000001b8       0xe8 .\CortexM0p\ARM_GCC_541\Debug\NGFLUI_Vikram.a(EZI2C.o)
 .debug_frame   0x000002a0      0x120 .\CortexM0p\ARM_GCC_541\Debug\NGFLUI_Vikram.a(EZI2C_EZI2C.o)
 .debug_frame   0x000003c0       0x30 .\CortexM0p\ARM_GCC_541\Debug\NGFLUI_Vikram.a(EZI2C_EZI2C_INT.o)
 .debug_frame   0x000003f0       0x70 .\CortexM0p\ARM_GCC_541\Debug\NGFLUI_Vikram.a(HB_LED.o)
 .debug_frame   0x00000460      0x678 .\CortexM0p\ARM_GCC_541\Debug\NGFLUI_Vikram.a(CyLib.o)
 .debug_frame   0x00000ad8      0x484 .\CortexM0p\ARM_GCC_541\Debug\NGFLUI_Vikram.a(CyLFClk.o)
 .debug_frame   0x00000f5c      0x120 .\CortexM0p\ARM_GCC_541\Debug\NGFLUI_Vikram.a(CapSense_Control.o)
 .debug_frame   0x0000107c       0xe0 .\CortexM0p\ARM_GCC_541\Debug\NGFLUI_Vikram.a(CapSense_Processing.o)
 .debug_frame   0x0000115c       0xd0 .\CortexM0p\ARM_GCC_541\Debug\NGFLUI_Vikram.a(CapSense_Structure.o)
 .debug_frame   0x0000122c       0x40 .\CortexM0p\ARM_GCC_541\Debug\NGFLUI_Vikram.a(CapSense_Tuner.o)
 .debug_frame   0x0000126c      0x144 .\CortexM0p\ARM_GCC_541\Debug\NGFLUI_Vikram.a(CapSense_Filter.o)
 .debug_frame   0x000013b0      0x2a8 .\CortexM0p\ARM_GCC_541\Debug\NGFLUI_Vikram.a(CapSense_Sensing.o)
 .debug_frame   0x00001658      0x308 .\CortexM0p\ARM_GCC_541\Debug\NGFLUI_Vikram.a(CapSense_SensingCSD_LL.o)
 .debug_frame   0x00001960      0x76c .\CortexM0p\ARM_GCC_541\Debug\NGFLUI_Vikram.a(CapSense_SelfTest.o)
 .debug_frame   0x000020cc      0x110 .\CortexM0p\ARM_GCC_541\Debug\NGFLUI_Vikram.a(CapSense_ISR.o)
 .debug_frame   0x000021dc      0x3a0 .\CortexM0p\ARM_GCC_541\Debug\NGFLUI_Vikram.a(PWM_Volume.o)
 .debug_frame   0x0000257c      0x110 .\CortexM0p\ARM_GCC_541\Debug\NGFLUI_Vikram.a(isr_TimeOut.o)
 .debug_frame   0x0000268c      0x3a0 .\CortexM0p\ARM_GCC_541\Debug\NGFLUI_Vikram.a(TimeOut.o)
 .debug_frame   0x00002a2c      0x3a0 .\CortexM0p\ARM_GCC_541\Debug\NGFLUI_Vikram.a(PWM_Freq.o)
 .debug_frame   0x00002dcc      0x3a0 .\CortexM0p\ARM_GCC_541\Debug\NGFLUI_Vikram.a(MatrixTimer.o)
 .debug_frame   0x0000316c      0x110 .\CortexM0p\ARM_GCC_541\Debug\NGFLUI_Vikram.a(isr_MatrixTimer.o)
 .debug_frame   0x0000327c       0xd8 .\CortexM0p\ARM_GCC_541\Debug\NGFLUI_Vikram.a(SPI.o)
 .debug_frame   0x00003354       0xb0 .\CortexM0p\ARM_GCC_541\Debug\NGFLUI_Vikram.a(SPI_SPI_UART.o)
 .debug_frame   0x00003404       0x7c .\CortexM0p\ARM_GCC_541\Debug\NGFLUI_Vikram.a(SPI_SPI.o)
 .debug_frame   0x00003480       0x70 .\CortexM0p\ARM_GCC_541\Debug\NGFLUI_Vikram.a(SPI_sclk_m.o)
 .debug_frame   0x000034f0       0x70 .\CortexM0p\ARM_GCC_541\Debug\NGFLUI_Vikram.a(SPI_ss0_m.o)
 .debug_frame   0x00003560       0x70 .\CortexM0p\ARM_GCC_541\Debug\NGFLUI_Vikram.a(SPI_OE.o)
 .debug_frame   0x000035d0      0x110 .\CortexM0p\ARM_GCC_541\Debug\NGFLUI_Vikram.a(isr_SPI_Done.o)
 .debug_frame   0x000036e0       0xa8 .\CortexM0p\ARM_GCC_541\Debug\NGFLUI_Vikram.a(CyFlash.o)
 .debug_frame   0x00003788       0x78 .\CortexM0p\ARM_GCC_541\Debug\NGFLUI_Vikram.a(CapSense_INT.o)
 .debug_frame   0x00003800       0x20 c:/program files (x86)/cypress/psoc creator/4.2/psoc creator/import/gnu/arm/5.4.1/bin/../lib/gcc/arm-none-eabi/5.4.1/armv6-m\libgcc.a(_udivsi3.o)
 .debug_frame   0x00003820       0x20 c:/program files (x86)/cypress/psoc creator/4.2/psoc creator/import/gnu/arm/5.4.1/bin/../lib/gcc/arm-none-eabi/5.4.1/armv6-m\libgcc.a(_divsi3.o)
 .debug_frame   0x00003840       0x20 c:/program files (x86)/cypress/psoc creator/4.2/psoc creator/import/gnu/arm/5.4.1/bin/../lib/gcc/arm-none-eabi/5.4.1/../../../../arm-none-eabi/lib/armv6-m\libg_nano.a(lib_a-errno.o)
 .debug_frame   0x00003860       0x28 c:/program files (x86)/cypress/psoc creator/4.2/psoc creator/import/gnu/arm/5.4.1/bin/../lib/gcc/arm-none-eabi/5.4.1/../../../../arm-none-eabi/lib/armv6-m\libg_nano.a(lib_a-exit.o)
 .debug_frame   0x00003888       0x2c c:/program files (x86)/cypress/psoc creator/4.2/psoc creator/import/gnu/arm/5.4.1/bin/../lib/gcc/arm-none-eabi/5.4.1/../../../../arm-none-eabi/lib/armv6-m\libg_nano.a(lib_a-init.o)
 .debug_frame   0x000038b4       0x28 c:/program files (x86)/cypress/psoc creator/4.2/psoc creator/import/gnu/arm/5.4.1/bin/../lib/gcc/arm-none-eabi/5.4.1/../../../../arm-none-eabi/lib/armv6-m\libg_nano.a(lib_a-memcpy-stub.o)
 .debug_frame   0x000038dc       0x20 c:/program files (x86)/cypress/psoc creator/4.2/psoc creator/import/gnu/arm/5.4.1/bin/../lib/gcc/arm-none-eabi/5.4.1/../../../../arm-none-eabi/lib/armv6-m\libg_nano.a(lib_a-memset.o)
 .debug_frame   0x000038fc       0x50 c:/program files (x86)/cypress/psoc creator/4.2/psoc creator/import/gnu/arm/5.4.1/bin/../lib/gcc/arm-none-eabi/5.4.1/../../../../arm-none-eabi/lib/armv6-m\libg_nano.a(lib_a-sprintf.o)
 .debug_frame   0x0000394c       0x74 c:/program files (x86)/cypress/psoc creator/4.2/psoc creator/import/gnu/arm/5.4.1/bin/../lib/gcc/arm-none-eabi/5.4.1/../../../../arm-none-eabi/lib/armv6-m\libg_nano.a(lib_a-nano-svfprintf.o)
 .debug_frame   0x000039c0       0x54 c:/program files (x86)/cypress/psoc creator/4.2/psoc creator/import/gnu/arm/5.4.1/bin/../lib/gcc/arm-none-eabi/5.4.1/../../../../arm-none-eabi/lib/armv6-m\libg_nano.a(lib_a-nano-vfprintf_i.o)
 .debug_frame   0x00003a14       0x20 c:/program files (x86)/cypress/psoc creator/4.2/psoc creator/import/gnu/arm/5.4.1/bin/../lib/gcc/arm-none-eabi/5.4.1/../../../../arm-none-eabi/lib/armv6-m\libg_nano.a(lib_a-memchr-stub.o)
 .debug_frame   0x00003a34       0x28 c:/program files (x86)/cypress/psoc creator/4.2/psoc creator/import/gnu/arm/5.4.1/bin/../lib/gcc/arm-none-eabi/5.4.1/../../../../arm-none-eabi/lib/armv6-m\libg_nano.a(lib_a-memmove.o)
 .debug_frame   0x00003a5c       0x2c c:/program files (x86)/cypress/psoc creator/4.2/psoc creator/import/gnu/arm/5.4.1/bin/../lib/gcc/arm-none-eabi/5.4.1/../../../../arm-none-eabi/lib/armv6-m\libg_nano.a(lib_a-nano-freer.o)
 .debug_frame   0x00003a88       0x2c c:/program files (x86)/cypress/psoc creator/4.2/psoc creator/import/gnu/arm/5.4.1/bin/../lib/gcc/arm-none-eabi/5.4.1/../../../../arm-none-eabi/lib/armv6-m\libg_nano.a(lib_a-nano-mallocr.o)
 .debug_frame   0x00003ab4       0x30 c:/program files (x86)/cypress/psoc creator/4.2/psoc creator/import/gnu/arm/5.4.1/bin/../lib/gcc/arm-none-eabi/5.4.1/../../../../arm-none-eabi/lib/armv6-m\libg_nano.a(lib_a-nano-reallocr.o)
 .debug_frame   0x00003ae4       0x2c c:/program files (x86)/cypress/psoc creator/4.2/psoc creator/import/gnu/arm/5.4.1/bin/../lib/gcc/arm-none-eabi/5.4.1/../../../../arm-none-eabi/lib/armv6-m\libg_nano.a(lib_a-sbrkr.o)
 .debug_frame   0x00003b10       0x30 c:/program files (x86)/cypress/psoc creator/4.2/psoc creator/import/gnu/arm/5.4.1/bin/../lib/gcc/arm-none-eabi/5.4.1/../../../../arm-none-eabi/lib/armv6-m\libg_nano.a(lib_a-mlock.o)
 .debug_frame   0x00003b40       0x20 c:/program files (x86)/cypress/psoc creator/4.2/psoc creator/import/gnu/arm/5.4.1/bin/../lib/gcc/arm-none-eabi/5.4.1/../../../../arm-none-eabi/lib/armv6-m\libg_nano.a(lib_a-nano-msizer.o)
 .debug_frame   0x00003b60       0x48 c:/program files (x86)/cypress/psoc creator/4.2/psoc creator/import/gnu/arm/5.4.1/bin/../lib/gcc/arm-none-eabi/5.4.1/../../../../arm-none-eabi/lib/armv6-m\libg_nano.a(lib_a-reent.o)

.debug_str      0x00000000     0x5852
 *(.debug_str)
 .debug_str     0x00000000      0xa87 .\CortexM0p\ARM_GCC_541\Debug\main.o
                                0xaf6 (size before relaxing)
 .debug_str     0x00000a87       0xbd .\CortexM0p\ARM_GCC_541\Debug\cyfitter_cfg.o
                                0x267 (size before relaxing)
 .debug_str     0x00000b44       0x59 .\CortexM0p\ARM_GCC_541\Debug\cymetadata.o
                                0x1e4 (size before relaxing)
 .debug_str     0x00000b9d      0x155 .\CortexM0p\ARM_GCC_541\Debug\Cm0plusStart.o
                                0x32b (size before relaxing)
 .debug_str     0x00000cf2      0x138 .\CortexM0p\ARM_GCC_541\Debug\NGFLUI_Vikram.a(EZI2C.o)
                                0x2fa (size before relaxing)
 .debug_str     0x00000e2a      0x223 .\CortexM0p\ARM_GCC_541\Debug\NGFLUI_Vikram.a(EZI2C_EZI2C.o)
                                0x457 (size before relaxing)
 .debug_str     0x0000104d       0xe4 .\CortexM0p\ARM_GCC_541\Debug\NGFLUI_Vikram.a(EZI2C_EZI2C_INT.o)
                                0x3ac (size before relaxing)
 .debug_str     0x00001131       0xb0 .\CortexM0p\ARM_GCC_541\Debug\NGFLUI_Vikram.a(HB_LED.o)
                                0x259 (size before relaxing)
 .debug_str     0x000011e1      0x7e7 .\CortexM0p\ARM_GCC_541\Debug\NGFLUI_Vikram.a(CyLib.o)
                                0xa3b (size before relaxing)
 .debug_str     0x000019c8      0x634 .\CortexM0p\ARM_GCC_541\Debug\NGFLUI_Vikram.a(CyLFClk.o)
                                0x8b5 (size before relaxing)
 .debug_str     0x00001ffc      0x421 .\CortexM0p\ARM_GCC_541\Debug\NGFLUI_Vikram.a(CapSense_Control.o)
                                0xa67 (size before relaxing)
 .debug_str     0x0000241d      0x141 .\CortexM0p\ARM_GCC_541\Debug\NGFLUI_Vikram.a(CapSense_Processing.o)
                                0x925 (size before relaxing)
 .debug_str     0x0000255e      0x33a .\CortexM0p\ARM_GCC_541\Debug\NGFLUI_Vikram.a(CapSense_Structure.o)
                                0xa71 (size before relaxing)
 .debug_str     0x00002898      0x123 .\CortexM0p\ARM_GCC_541\Debug\NGFLUI_Vikram.a(CapSense_Tuner.o)
                                0x778 (size before relaxing)
 .debug_str     0x000029bb      0x1ba .\CortexM0p\ARM_GCC_541\Debug\NGFLUI_Vikram.a(CapSense_Filter.o)
                                0x691 (size before relaxing)
 .debug_str     0x00002b75      0x580 .\CortexM0p\ARM_GCC_541\Debug\NGFLUI_Vikram.a(CapSense_Sensing.o)
                                0xd65 (size before relaxing)
 .debug_str     0x000030f5      0x3a1 .\CortexM0p\ARM_GCC_541\Debug\NGFLUI_Vikram.a(CapSense_SensingCSD_LL.o)
                                0xd6a (size before relaxing)
 .debug_str     0x00003496      0xa0e .\CortexM0p\ARM_GCC_541\Debug\NGFLUI_Vikram.a(CapSense_SelfTest.o)
                               0x143e (size before relaxing)
 .debug_str     0x00003ea4      0x142 .\CortexM0p\ARM_GCC_541\Debug\NGFLUI_Vikram.a(CapSense_ISR.o)
                                0x368 (size before relaxing)
 .debug_str     0x00003fe6      0x48f .\CortexM0p\ARM_GCC_541\Debug\NGFLUI_Vikram.a(PWM_Volume.o)
                                0x69f (size before relaxing)
 .debug_str     0x00004475      0x10d .\CortexM0p\ARM_GCC_541\Debug\NGFLUI_Vikram.a(isr_TimeOut.o)
                                0x35a (size before relaxing)
 .debug_str     0x00004582      0x33a .\CortexM0p\ARM_GCC_541\Debug\NGFLUI_Vikram.a(TimeOut.o)
                                0x621 (size before relaxing)
 .debug_str     0x000048bc      0x388 .\CortexM0p\ARM_GCC_541\Debug\NGFLUI_Vikram.a(PWM_Freq.o)
                                0x64b (size before relaxing)
 .debug_str     0x00004c44      0x3d2 .\CortexM0p\ARM_GCC_541\Debug\NGFLUI_Vikram.a(MatrixTimer.o)
                                0x6c9 (size before relaxing)
 .debug_str     0x00005016      0x13d .\CortexM0p\ARM_GCC_541\Debug\NGFLUI_Vikram.a(isr_MatrixTimer.o)
                                0x392 (size before relaxing)
 .debug_str     0x00005153       0xcb .\CortexM0p\ARM_GCC_541\Debug\NGFLUI_Vikram.a(SPI.o)
                                0x2a2 (size before relaxing)
 .debug_str     0x0000521e      0x114 .\CortexM0p\ARM_GCC_541\Debug\NGFLUI_Vikram.a(SPI_SPI_UART.o)
                                0x2e1 (size before relaxing)
 .debug_str     0x00005332       0xa4 .\CortexM0p\ARM_GCC_541\Debug\NGFLUI_Vikram.a(SPI_SPI.o)
                                0x288 (size before relaxing)