Archive member included to satisfy reference by file (symbol)

.\CortexM0p\ARM_GCC_541\Debug\NGFLUI_Vikram_Slave.a(CapSense_Control.o)
                              .\CortexM0p\ARM_GCC_541\Debug\main.o (CapSense_Start)
.\CortexM0p\ARM_GCC_541\Debug\NGFLUI_Vikram_Slave.a(CapSense_Processing.o)
                              .\CortexM0p\ARM_GCC_541\Debug\NGFLUI_Vikram_Slave.a(CapSense_Control.o) (CapSense_DpInitialize)
.\CortexM0p\ARM_GCC_541\Debug\NGFLUI_Vikram_Slave.a(CapSense_Structure.o)
                              .\CortexM0p\ARM_GCC_541\Debug\NGFLUI_Vikram_Slave.a(CapSense_Control.o) (CapSense_DsInitialize)
.\CortexM0p\ARM_GCC_541\Debug\NGFLUI_Vikram_Slave.a(CapSense_Tuner.o)
                              .\CortexM0p\ARM_GCC_541\Debug\NGFLUI_Vikram_Slave.a(CapSense_Control.o) (CapSense_TuInitialize)
.\CortexM0p\ARM_GCC_541\Debug\NGFLUI_Vikram_Slave.a(CapSense_Filter.o)
                              .\CortexM0p\ARM_GCC_541\Debug\NGFLUI_Vikram_Slave.a(CapSense_Control.o) (CapSense_FtInitialize)
.\CortexM0p\ARM_GCC_541\Debug\NGFLUI_Vikram_Slave.a(CapSense_Sensing.o)
                              .\CortexM0p\ARM_GCC_541\Debug\main.o (CapSense_IsBusy)
.\CortexM0p\ARM_GCC_541\Debug\NGFLUI_Vikram_Slave.a(CapSense_SensingCSD_LL.o)
                              .\CortexM0p\ARM_GCC_541\Debug\NGFLUI_Vikram_Slave.a(CapSense_Sensing.o) (CapSense_SsCSDDisableShieldElectrodes)
.\CortexM0p\ARM_GCC_541\Debug\NGFLUI_Vikram_Slave.a(CapSense_SelfTest.o)
                              .\CortexM0p\ARM_GCC_541\Debug\NGFLUI_Vikram_Slave.a(CapSense_Structure.o) (CapSense_DsUpdateGlobalCrc)
.\CortexM0p\ARM_GCC_541\Debug\NGFLUI_Vikram_Slave.a(EZI2C.o)
                              .\CortexM0p\ARM_GCC_541\Debug\main.o (EZI2C_Start)
.\CortexM0p\ARM_GCC_541\Debug\NGFLUI_Vikram_Slave.a(EZI2C_EZI2C.o)
                              .\CortexM0p\ARM_GCC_541\Debug\NGFLUI_Vikram_Slave.a(EZI2C.o) (EZI2C_EzI2CInit)
.\CortexM0p\ARM_GCC_541\Debug\NGFLUI_Vikram_Slave.a(EZI2C_EZI2C_INT.o)
                              .\CortexM0p\ARM_GCC_541\Debug\NGFLUI_Vikram_Slave.a(EZI2C_EZI2C.o) (EZI2C_EZI2C_STRETCH_ISR)
.\CortexM0p\ARM_GCC_541\Debug\NGFLUI_Vikram_Slave.a(HB_LED.o)
                              .\CortexM0p\ARM_GCC_541\Debug\main.o (HB_LED_Write)
.\CortexM0p\ARM_GCC_541\Debug\NGFLUI_Vikram_Slave.a(Start_Button.o)
                              .\CortexM0p\ARM_GCC_541\Debug\main.o (Start_Button_Write)
.\CortexM0p\ARM_GCC_541\Debug\NGFLUI_Vikram_Slave.a(CapSense_ISR.o)
                              .\CortexM0p\ARM_GCC_541\Debug\NGFLUI_Vikram_Slave.a(CapSense_Sensing.o) (CapSense_ISR_StartEx)
.\CortexM0p\ARM_GCC_541\Debug\NGFLUI_Vikram_Slave.a(CyLib.o)
                              .\CortexM0p\ARM_GCC_541\Debug\NGFLUI_Vikram_Slave.a(CapSense_SensingCSD_LL.o) (CyIntEnable)
.\CortexM0p\ARM_GCC_541\Debug\NGFLUI_Vikram_Slave.a(CyLFClk.o)
                              .\CortexM0p\ARM_GCC_541\Debug\NGFLUI_Vikram_Slave.a(CyLib.o) (CySysClkWcoEnabled)
.\CortexM0p\ARM_GCC_541\Debug\NGFLUI_Vikram_Slave.a(CyBootAsmGnu.o)
                              .\CortexM0p\ARM_GCC_541\Debug\NGFLUI_Vikram_Slave.a(CapSense_SelfTest.o) (CyDelayCycles)
.\CortexM0p\ARM_GCC_541\Debug\NGFLUI_Vikram_Slave.a(CapSense_INT.o)
                              .\CortexM0p\ARM_GCC_541\Debug\NGFLUI_Vikram_Slave.a(CapSense_SensingCSD_LL.o) (CapSense_CSDPostSingleScan)
.\CortexM0p\ARM_GCC_541\Debug\NGFLUI_Vikram_Slave.a(CyFlash.o)
                              .\CortexM0p\ARM_GCC_541\Debug\NGFLUI_Vikram_Slave.a(CyLib.o) (CySysFlashSetWaitCycles)
c:/program files (x86)/cypress/psoc creator/4.2/psoc creator/import/gnu/arm/5.4.1/bin/../lib/gcc/arm-none-eabi/5.4.1/armv6-m\libgcc.a(_udivsi3.o)
                              .\CortexM0p\ARM_GCC_541\Debug\NGFLUI_Vikram_Slave.a(CapSense_Sensing.o) (__aeabi_uidiv)
c:/program files (x86)/cypress/psoc creator/4.2/psoc creator/import/gnu/arm/5.4.1/bin/../lib/gcc/arm-none-eabi/5.4.1/armv6-m\libgcc.a(_divsi3.o)
                              .\CortexM0p\ARM_GCC_541\Debug\NGFLUI_Vikram_Slave.a(CapSense_SelfTest.o) (__aeabi_idiv)
c:/program files (x86)/cypress/psoc creator/4.2/psoc creator/import/gnu/arm/5.4.1/bin/../lib/gcc/arm-none-eabi/5.4.1/armv6-m\libgcc.a(_dvmd_tls.o)
                              c:/program files (x86)/cypress/psoc creator/4.2/psoc creator/import/gnu/arm/5.4.1/bin/../lib/gcc/arm-none-eabi/5.4.1/armv6-m\libgcc.a(_udivsi3.o) (__aeabi_idiv0)
c:/program files (x86)/cypress/psoc creator/4.2/psoc creator/import/gnu/arm/5.4.1/bin/../lib/gcc/arm-none-eabi/5.4.1/../../../../arm-none-eabi/lib/armv6-m\libg_nano.a(lib_a-errno.o)
                              .\CortexM0p\ARM_GCC_541\Debug\Cm0plusStart.o (__errno)
c:/program files (x86)/cypress/psoc creator/4.2/psoc creator/import/gnu/arm/5.4.1/bin/../lib/gcc/arm-none-eabi/5.4.1/../../../../arm-none-eabi/lib/armv6-m\libg_nano.a(lib_a-exit.o)
[...]
Memory Configuration

Name             Origin             Length             Attributes
rom              0x00000000         0x00008000         xr
ram              0x20000000         0x00001000         xrw
*default*        0x00000000         0xffffffff

Linker script and memory map

LOAD c:/program files (x86)/cypress/psoc creator/4.2/psoc creator/import/gnu/arm/5.4.1/bin/../lib/gcc/arm-none-eabi/5.4.1/armv6-m/crti.o
LOAD c:/program files (x86)/cypress/psoc creator/4.2/psoc creator/import/gnu/arm/5.4.1/bin/../lib/gcc/arm-none-eabi/5.4.1/armv6-m/crtbegin.o
LOAD c:/program files (x86)/cypress/psoc creator/4.2/psoc creator/import/gnu/arm/5.4.1/bin/../lib/gcc/arm-none-eabi/5.4.1/../../../../arm-none-eabi/lib/armv6-m/crt0.o
START GROUP
LOAD .\CortexM0p\ARM_GCC_541\Debug\main.o
LOAD .\CortexM0p\ARM_GCC_541\Debug\cyfitter_cfg.o
LOAD .\CortexM0p\ARM_GCC_541\Debug\cymetadata.o
LOAD .\CortexM0p\ARM_GCC_541\Debug\Cm0plusStart.o
LOAD .\CortexM0p\ARM_GCC_541\Debug\NGFLUI_Vikram_Slave.a
LOAD C:\Users\220036621\Documents\PSoC Creator\4.2\Downloads ( 4.2).cylib\CapSense_P4_v6_0\PSoC4\Library\Capsense_P4Library_GCCp.a
END GROUP
START GROUP
LOAD c:/program files (x86)/cypress/psoc creator/4.2/psoc creator/import/gnu/arm/5.4.1/bin/../lib/gcc/arm-none-eabi/5.4.1/armv6-m\libgcc.a
LOAD c:/program files (x86)/cypress/psoc creator/4.2/psoc creator/import/gnu/arm/5.4.1/bin/../lib/gcc/arm-none-eabi/5.4.1/../../../../arm-none-eabi/lib/armv6-m\libg_nano.a
LOAD c:/program files (x86)/cypress/psoc creator/4.2/psoc creator/import/gnu/arm/5.4.1/bin/../lib/gcc/arm-none-eabi/5.4.1/../../../../arm-none-eabi/lib/armv6-m\libc_nano.a
END GROUP
START GROUP
LOAD c:/program files (x86)/cypress/psoc creator/4.2/psoc creator/import/gnu/arm/5.4.1/bin/../lib/gcc/arm-none-eabi/5.4.1/armv6-m\libgcc.a
LOAD c:/program files (x86)/cypress/psoc creator/4.2/psoc creator/import/gnu/arm/5.4.1/bin/../lib/gcc/arm-none-eabi/5.4.1/../../../../arm-none-eabi/lib/armv6-m\libc_nano.a
END GROUP
LOAD c:/program files (x86)/cypress/psoc creator/4.2/psoc creator/import/gnu/arm/5.4.1/bin/../lib/gcc/arm-none-eabi/5.4.1/armv6-m/crtend.o
LOAD c:/program files (x86)/cypress/psoc creator/4.2/psoc creator/import/gnu/arm/5.4.1/bin/../lib/gcc/arm-none-eabi/5.4.1/armv6-m/crtn.o
START GROUP
LOAD c:/program files (x86)/cypress/psoc creator/4.2/psoc creator/import/gnu/arm/5.4.1/bin/../lib/gcc/arm-none-eabi/5.4.1/armv6-m\libgcc.a
LOAD c:/program files (x86)/cypress/psoc creator/4.2/psoc creator/import/gnu/arm/5.4.1/bin/../lib/gcc/arm-none-eabi/5.4.1/../../../../arm-none-eabi/lib/armv6-m\libc.a
LOAD c:/program files (x86)/cypress/psoc creator/4.2/psoc creator/import/gnu/arm/5.4.1/bin/../lib/gcc/arm-none-eabi/5.4.1/../../../../arm-none-eabi/lib/armv6-m\libnosys.a
END GROUP
                0x00000000                CY_APPL_ORIGIN = 0x0
                0x00000080                CY_FLASH_ROW_SIZE = 0x80
                0x00000001                CY_APPL_NUM = 0x1
                0x00000001                CY_APPL_MAX = 0x1
                0x00000040                CY_METADATA_SIZE = 0x40
                0x00000000                CY_APPL_LOADABLE = 0x0
                0x00000000                CY_CHECKSUM_EXCLUDE_SIZE = ALIGN (0x0, CY_FLASH_ROW_SIZE)
                0x00000000                CY_APP_FOR_STACK_AND_COPIER = 0x0
                [!provide]                PROVIDE (__cy_heap_start, _end)
                0x00000001                PROVIDE (__cy_region_num, ((__cy_regions_end - __cy_regions) / 0x10))
                0x20001000                PROVIDE (__cy_stack, (ORIGIN (ram) + LENGTH (ram)))
                [!provide]                PROVIDE (__cy_heap_end, (__cy_stack - 0x400))

.cybootloader   0x00000000        0x0
 *(.cybootloader)
                0x00000000                appl1_start = CY_APPL_ORIGIN?CY_APPL_ORIGIN:ALIGN (CY_FLASH_ROW_SIZE)
                0x00003f80                appl2_start = (appl1_start + ALIGN ((((LENGTH (rom) - appl1_start) - (0x2 * CY_FLASH_ROW_SIZE)) / 0x2), CY_FLASH_ROW_SIZE))
                0x00000000                appl_start = (CY_APPL_NUM == 0x1)?appl1_start:appl2_start
                0x00000001                cy_project_type_bootloader = (appl_start == 0x0)?0x1:0x0
                0x00000000                cy_project_type_app_for_stack_and_copier = (CY_APP_FOR_STACK_AND_COPIER == 0x1)?0x1:0x0

.text           0x00000000     0x313a
 CREATE_OBJECT_SYMBOLS
                0x00000000                PROVIDE (__cy_interrupt_vector, RomVectors)
 *(.romvectors)
 .romvectors    0x00000000       0x10 .\CortexM0p\ARM_GCC_541\Debug\Cm0plusStart.o
                0x00000000                RomVectors
                0x00000001                ASSERT ((. != __cy_interrupt_vector), No interrupt vector)
                0x00000001                ASSERT (CY_APPL_ORIGIN?(SIZEOF (.cybootloader) <= CY_APPL_ORIGIN):0x1, Wrong image location)
                0x00000010                PROVIDE (__cy_reset, Reset)
 *(.text.Reset)
 .text.Reset    0x00000010        0xc .\CortexM0p\ARM_GCC_541\Debug\Cm0plusStart.o
                0x00000010                Reset
                0x00000001                ASSERT ((. != __cy_reset), No reset code)
 *(.psocinit)
 .psocinit      0x0000001c       0xe0 .\CortexM0p\ARM_GCC_541\Debug\cyfitter_cfg.o
                0x00000080                cyfitter_cfg
                0x00000100                . = MAX (., 0x100)
 *fill*         0x000000fc        0x4 
 *(.text .text.* .gnu.linkonce.t.*)
 .text          0x00000100       0x60 c:/program files (x86)/cypress/psoc creator/4.2/psoc creator/import/gnu/arm/5.4.1/bin/../lib/gcc/arm-none-eabi/5.4.1/armv6-m/crtbegin.o
 .text.main     0x00000160      0x154 .\CortexM0p\ARM_GCC_541\Debug\main.o
                0x00000160                main
 .text.AnalogSetDefault
                0x000002b4        0xc .\CortexM0p\ARM_GCC_541\Debug\cyfitter_cfg.o
 .text.IntDefaultHandler
                0x000002c0       0x10 .\CortexM0p\ARM_GCC_541\Debug\Cm0plusStart.o
                0x000002c0                IntDefaultHandler
 .text.Start_c  0x000002d0       0x48 .\CortexM0p\ARM_GCC_541\Debug\Cm0plusStart.o
                0x000002d0                Start_c
 .text.initialize_psoc
                0x00000318       0x40 .\CortexM0p\ARM_GCC_541\Debug\Cm0plusStart.o
                0x00000318                initialize_psoc
 .text.CapSense_Initialize
                0x00000358       0x28 .\CortexM0p\ARM_GCC_541\Debug\NGFLUI_Vikram_Slave.a(CapSense_Control.o)
                0x00000358                CapSense_Initialize
 .text.CapSense_Start
                0x00000380       0x34 .\CortexM0p\ARM_GCC_541\Debug\NGFLUI_Vikram_Slave.a(CapSense_Control.o)
                0x00000380                CapSense_Start
 .text.CapSense_ProcessAllWidgets
                0x000003b4       0x5c .\CortexM0p\ARM_GCC_541\Debug\NGFLUI_Vikram_Slave.a(CapSense_Control.o)
                0x000003b4                CapSense_ProcessAllWidgets
 .text.CapSense_DpInitialize
                0x00000410       0x5c .\CortexM0p\ARM_GCC_541\Debug\NGFLUI_Vikram_Slave.a(CapSense_Processing.o)
                0x00000410                CapSense_DpInitialize
 .text.CapSense_DpUpdateDifferences
                0x0000046c       0x18 .\CortexM0p\ARM_GCC_541\Debug\NGFLUI_Vikram_Slave.a(CapSense_Processing.o)
                0x0000046c                CapSense_DpUpdateDifferences
 .text.CapSense_DpProcessCsdWidgetRawCounts
                0x00000484       0x48 .\CortexM0p\ARM_GCC_541\Debug\NGFLUI_Vikram_Slave.a(CapSense_Processing.o)
                0x00000484                CapSense_DpProcessCsdWidgetRawCounts
 .text.CapSense_DpProcessButton
                0x000004cc       0x64 .\CortexM0p\ARM_GCC_541\Debug\NGFLUI_Vikram_Slave.a(CapSense_Processing.o)
                0x000004cc                CapSense_DpProcessButton
 .text.CapSense_DpProcessCsdWidgetStatus
                0x00000530       0x54 .\CortexM0p\ARM_GCC_541\Debug\NGFLUI_Vikram_Slave.a(CapSense_Processing.o)
                0x00000530                CapSense_DpProcessCsdWidgetStatus
 .text.CapSense_DsInitialize
                0x00000584       0x84 .\CortexM0p\ARM_GCC_541\Debug\NGFLUI_Vikram_Slave.a(CapSense_Structure.o)
                0x00000584                CapSense_DsInitialize
 .text.CapSense_IsAnyWidgetActive
                0x00000608       0x20 .\CortexM0p\ARM_GCC_541\Debug\NGFLUI_Vikram_Slave.a(CapSense_Structure.o)
                0x00000608                CapSense_IsAnyWidgetActive
 .text.CapSense_IsWidgetActive
                0x00000628       0x24 .\CortexM0p\ARM_GCC_541\Debug\NGFLUI_Vikram_Slave.a(CapSense_Structure.o)
                0x00000628                CapSense_IsWidgetActive
 .text.CapSense_TuInitialize
                0x0000064c       0x14 .\CortexM0p\ARM_GCC_541\Debug\NGFLUI_Vikram_Slave.a(CapSense_Tuner.o)
                0x0000064c                CapSense_TuInitialize
 .text.CapSense_RunTuner
                0x00000660      0x110 .\CortexM0p\ARM_GCC_541\Debug\NGFLUI_Vikram_Slave.a(CapSense_Tuner.o)
                0x00000660                CapSense_RunTuner
 .text.CapSense_FtInitialize
                0x00000770        0x4 .\CortexM0p\ARM_GCC_541\Debug\NGFLUI_Vikram_Slave.a(CapSense_Filter.o)
                0x00000770                CapSense_FtInitialize
 .text.CapSense_FtInitializeBaselineChannel
                0x00000774       0x24 .\CortexM0p\ARM_GCC_541\Debug\NGFLUI_Vikram_Slave.a(CapSense_Filter.o)
                0x00000774                CapSense_FtInitializeBaselineChannel
 .text.CapSense_FtInitializeBaseline
                0x00000798       0x20 .\CortexM0p\ARM_GCC_541\Debug\NGFLUI_Vikram_Slave.a(CapSense_Filter.o)
                0x00000798                CapSense_FtInitializeBaseline
 .text.CapSense_InitializeSensorBaseline
                0x000007b8       0x20 .\CortexM0p\ARM_GCC_541\Debug\NGFLUI_Vikram_Slave.a(CapSense_Filter.o)
                0x000007b8                CapSense_InitializeSensorBaseline
 .text.CapSense_InitializeWidgetBaseline
                0x000007d8       0x24 .\CortexM0p\ARM_GCC_541\Debug\NGFLUI_Vikram_Slave.a(CapSense_Filter.o)
                0x000007d8                CapSense_InitializeWidgetBaseline
 .text.CapSense_InitializeAllBaselines
                0x000007fc       0x18 .\CortexM0p\ARM_GCC_541\Debug\NGFLUI_Vikram_Slave.a(CapSense_Filter.o)
                0x000007fc                CapSense_InitializeAllBaselines
 .text.CapSense_FtIIR1stOrder
                0x00000814       0x14 .\CortexM0p\ARM_GCC_541\Debug\NGFLUI_Vikram_Slave.a(CapSense_Filter.o)
                0x00000814                CapSense_FtIIR1stOrder
 .text.CapSense_FtUpdateBaseline
                0x00000828       0xc4 .\CortexM0p\ARM_GCC_541\Debug\NGFLUI_Vikram_Slave.a(CapSense_Filter.o)
                0x00000828                CapSense_FtUpdateBaseline
 .text.CapSense_SsCalcLfsrSize
                0x000008ec       0x84 .\CortexM0p\ARM_GCC_541\Debug\NGFLUI_Vikram_Slave.a(CapSense_Sensing.o)
 .text.CapSense_SsCalcLfsrScale
                0x00000970       0x44 .\CortexM0p\ARM_GCC_541\Debug\NGFLUI_Vikram_Slave.a(CapSense_Sensing.o)
 .text.CapSense_SsCSDDisableMode
                0x000009b4       0x38 .\CortexM0p\ARM_GCC_541\Debug\NGFLUI_Vikram_Slave.a(CapSense_Sensing.o)
 .text.CapSense_IsBusy
                0x000009ec       0x10 .\CortexM0p\ARM_GCC_541\Debug\NGFLUI_Vikram_Slave.a(CapSense_Sensing.o)
                0x000009ec                CapSense_IsBusy
 .text.CapSense_SetupWidget
                0x000009fc       0x4c .\CortexM0p\ARM_GCC_541\Debug\NGFLUI_Vikram_Slave.a(CapSense_Sensing.o)
                0x000009fc                CapSense_SetupWidget
 .text.CapSense_Scan
                0x00000a48       0x2c .\CortexM0p\ARM_GCC_541\Debug\NGFLUI_Vikram_Slave.a(CapSense_Sensing.o)
                0x00000a48                CapSense_Scan
 .text.CapSense_ScanAllWidgets
                0x00000a74       0x48 .\CortexM0p\ARM_GCC_541\Debug\NGFLUI_Vikram_Slave.a(CapSense_Sensing.o)
                0x00000a74                CapSense_ScanAllWidgets
 .text.CapSense_SsSwitchSensingMode
                0x00000abc       0x5c .\CortexM0p\ARM_GCC_541\Debug\NGFLUI_Vikram_Slave.a(CapSense_Sensing.o)
                0x00000abc                CapSense_SsSwitchSensingMode
 .text.CapSense_SsSetIOsInDefaultState
                0x00000b18       0x40 .\CortexM0p\ARM_GCC_541\Debug\NGFLUI_Vikram_Slave.a(CapSense_Sensing.o)
                0x00000b18                CapSense_SsSetIOsInDefaultState
 .text.CapSense_SsPostAllWidgetsScan
                0x00000b58       0x78 .\CortexM0p\ARM_GCC_541\Debug\NGFLUI_Vikram_Slave.a(CapSense_Sensing.o)
                0x00000b58                CapSense_SsPostAllWidgetsScan
 .text.CapSense_SsSetModClkClockDivider
                0x00000bd0       0x30 .\CortexM0p\ARM_GCC_541\Debug\NGFLUI_Vikram_Slave.a(CapSense_Sensing.o)
                0x00000bd0                CapSense_SsSetModClkClockDivider
 .text.CapSense_CalibrateWidget
                0x00000c00       0x44 .\CortexM0p\ARM_GCC_541\Debug\NGFLUI_Vikram_Slave.a(CapSense_Sensing.o)
                0x00000c00                CapSense_CalibrateWidget
 .text.CapSense_CalibrateAllWidgets
                0x00000c44       0x1c .\CortexM0p\ARM_GCC_541\Debug\NGFLUI_Vikram_Slave.a(CapSense_Sensing.o)
                0x00000c44                CapSense_CalibrateAllWidgets
 .text.CapSense_SsClearCSDSensors
                0x00000c60       0x34 .\CortexM0p\ARM_GCC_541\Debug\NGFLUI_Vikram_Slave.a(CapSense_Sensing.o)
                0x00000c60                CapSense_SsClearCSDSensors
 .text.CapSense_SsCSDGetColSnsClkDivider
                0x00000c94       0x10 .\CortexM0p\ARM_GCC_541\Debug\NGFLUI_Vikram_Slave.a(CapSense_Sensing.o)
                0x00000c94                CapSense_SsCSDGetColSnsClkDivider
 .text.CapSense_SsCSDCalcPrsSize
                0x00000ca4       0x24 .\CortexM0p\ARM_GCC_541\Debug\NGFLUI_Vikram_Slave.a(CapSense_Sensing.o)
                0x00000ca4                CapSense_SsCSDCalcPrsSize
 .text.CapSense_SsSetWidgetSenseClkSrc
                0x00000cc8       0x3c .\CortexM0p\ARM_GCC_541\Debug\NGFLUI_Vikram_Slave.a(CapSense_Sensing.o)
 .text.CapSense_SsInitializeSourceSenseClk
                0x00000d04       0x28 .\CortexM0p\ARM_GCC_541\Debug\NGFLUI_Vikram_Slave.a(CapSense_Sensing.o)
                0x00000d04                CapSense_SsInitializeSourceSenseClk
 .text.CapSense_SsInitialize
                0x00000d2c       0x14 .\CortexM0p\ARM_GCC_541\Debug\NGFLUI_Vikram_Slave.a(CapSense_Sensing.o)
                0x00000d2c                CapSense_SsInitialize
 .text.CapSense_BistDischargeExtCapacitors
                0x00000d40       0x68 .\CortexM0p\ARM_GCC_541\Debug\NGFLUI_Vikram_Slave.a(CapSense_Sensing.o)
                0x00000d40                CapSense_BistDischargeExtCapacitors
 .text.CapSense_SsSetShieldDelay
                0x00000da8       0x18 .\CortexM0p\ARM_GCC_541\Debug\NGFLUI_Vikram_Slave.a(CapSense_SensingCSD_LL.o)
 .text.CapSense_SsCSDEnableShieldTank
                0x00000dc0       0x1c .\CortexM0p\ARM_GCC_541\Debug\NGFLUI_Vikram_Slave.a(CapSense_SensingCSD_LL.o)
 .text.CapSense_SsCSDEnableShieldElectrodes
                0x00000ddc       0x44 .\CortexM0p\ARM_GCC_541\Debug\NGFLUI_Vikram_Slave.a(CapSense_SensingCSD_LL.o)
 .text.CapSense_SsCSDSetModeSnsClockDivider
                0x00000e20       0x10 .\CortexM0p\ARM_GCC_541\Debug\NGFLUI_Vikram_Slave.a(CapSense_SensingCSD_LL.o)
 .text.CapSense_SsCSDSetFilterDelay
                0x00000e30       0x54 .\CortexM0p\ARM_GCC_541\Debug\NGFLUI_Vikram_Slave.a(CapSense_SensingCSD_LL.o)
 .text.CapSense_SsCSDConfigIDACs
                0x00000e84       0x1c .\CortexM0p\ARM_GCC_541\Debug\NGFLUI_Vikram_Slave.a(CapSense_SensingCSD_LL.o)
 .text.CapSense_SsCSDSetSingleIdacMode
                0x00000ea0       0x2c .\CortexM0p\ARM_GCC_541\Debug\NGFLUI_Vikram_Slave.a(CapSense_SensingCSD_LL.o)
 .text.CapSense_SsCSDRestoreIdacMode
                0x00000ecc       0x30 .\CortexM0p\ARM_GCC_541\Debug\NGFLUI_Vikram_Slave.a(CapSense_SensingCSD_LL.o)
 .text.CapSense_SsCSDCalibrateCheck
                0x00000efc       0x44 .\CortexM0p\ARM_GCC_541\Debug\NGFLUI_Vikram_Slave.a(CapSense_SensingCSD_LL.o)
 .text.CapSense_SsCSDDisableShieldElectrodes
                0x00000f40       0x50 .\CortexM0p\ARM_GCC_541\Debug\NGFLUI_Vikram_Slave.a(CapSense_SensingCSD_LL.o)
                0x00000f40                CapSense_SsCSDDisableShieldElectrodes
 .text.CapSense_SsCSDInitialize
                0x00000f90      0x140 .\CortexM0p\ARM_GCC_541\Debug\NGFLUI_Vikram_Slave.a(CapSense_SensingCSD_LL.o)
                0x00000f90                CapSense_SsCSDInitialize
 .text.CapSense_SsCSDSetUpIdacs
                0x000010d0       0x4c .\CortexM0p\ARM_GCC_541\Debug\NGFLUI_Vikram_Slave.a(CapSense_SensingCSD_LL.o)
                0x000010d0                CapSense_SsCSDSetUpIdacs
 .text.CapSense_SsCSDGetNumberOfConversions
                0x0000111c       0x28 .\CortexM0p\ARM_GCC_541\Debug\NGFLUI_Vikram_Slave.a(CapSense_SensingCSD_LL.o)
                0x0000111c                CapSense_SsCSDGetNumberOfConversions
 .text.CapSense_SsCSDConfigClock
                0x00001144       0x3c .\CortexM0p\ARM_GCC_541\Debug\NGFLUI_Vikram_Slave.a(CapSense_SensingCSD_LL.o)
                0x00001144                CapSense_SsCSDConfigClock
 .text.CapSense_SsCSDCalculateScanDuration
                0x00001180       0x1c .\CortexM0p\ARM_GCC_541\Debug\NGFLUI_Vikram_Slave.a(CapSense_SensingCSD_LL.o)
                0x00001180                CapSense_SsCSDCalculateScanDuration
 .text.CapSense_SsCSDStartSample
                0x0000119c      0x120 .\CortexM0p\ARM_GCC_541\Debug\NGFLUI_Vikram_Slave.a(CapSense_SensingCSD_LL.o)
                0x0000119c                CapSense_SsCSDStartSample
 .text.CapSense_CSDScanExt
                0x000012bc       0x20 .\CortexM0p\ARM_GCC_541\Debug\NGFLUI_Vikram_Slave.a(CapSense_SensingCSD_LL.o)
                0x000012bc                CapSense_CSDScanExt
 .text.CapSense_CSDConnectSns
                0x000012dc       0x34 .\CortexM0p\ARM_GCC_541\Debug\NGFLUI_Vikram_Slave.a(CapSense_SensingCSD_LL.o)
                0x000012dc                CapSense_CSDConnectSns
 .text.CapSense_CSDScan
                0x00001310       0x68 .\CortexM0p\ARM_GCC_541\Debug\NGFLUI_Vikram_Slave.a(CapSense_SensingCSD_LL.o)
                0x00001310                CapSense_CSDScan
 .text.CapSense_SsCSDConnectSensorExt
                0x00001378       0x20 .\CortexM0p\ARM_GCC_541\Debug\NGFLUI_Vikram_Slave.a(CapSense_SensingCSD_LL.o)
                0x00001378                CapSense_SsCSDConnectSensorExt
 .text.CapSense_CSDDisconnectSns
                0x00001398       0x28 .\CortexM0p\ARM_GCC_541\Debug\NGFLUI_Vikram_Slave.a(CapSense_SensingCSD_LL.o)
                0x00001398                CapSense_CSDDisconnectSns
 .text.CapSense_SsCSDElectrodeCheck
                0x000013c0       0x24 .\CortexM0p\ARM_GCC_541\Debug\NGFLUI_Vikram_Slave.a(CapSense_SensingCSD_LL.o)
                0x000013c0                CapSense_SsCSDElectrodeCheck
 .text.CapSense_CSDSetupWidget
                0x000013e4       0x54 .\CortexM0p\ARM_GCC_541\Debug\NGFLUI_Vikram_Slave.a(CapSense_SensingCSD_LL.o)
                0x000013e4                CapSense_CSDSetupWidget
 .text.CapSense_CSDSetupWidgetExt
                0x00001438       0x64 .\CortexM0p\ARM_GCC_541\Debug\NGFLUI_Vikram_Slave.a(CapSense_SensingCSD_LL.o)
                0x00001438                CapSense_CSDSetupWidgetExt
 .text.CapSense_SsCSDCalibrateOneSensor
                0x0000149c       0xd8 .\CortexM0p\ARM_GCC_541\Debug\NGFLUI_Vikram_Slave.a(CapSense_SensingCSD_LL.o)
 .text.CapSense_CSDCalibrateWidget
                0x00001574       0xfc .\CortexM0p\ARM_GCC_541\Debug\NGFLUI_Vikram_Slave.a(CapSense_SensingCSD_LL.o)
                0x00001574                CapSense_CSDCalibrateWidget
 .text.CapSense_DsCalculateCrc16
                0x00001670       0x50 .\CortexM0p\ARM_GCC_541\Debug\NGFLUI_Vikram_Slave.a(CapSense_SelfTest.o)
 .text.CapSense_BistEnableShieldElectrodes
                0x000016c0       0x44 .\CortexM0p\ARM_GCC_541\Debug\NGFLUI_Vikram_Slave.a(CapSense_SelfTest.o)
 .text.CapSense_BistEnableShieldTank
                0x00001704       0x1c .\CortexM0p\ARM_GCC_541\Debug\NGFLUI_Vikram_Slave.a(CapSense_SelfTest.o)
 .text.CapSense_BistDisableShieldElectrodes
                0x00001720       0x50 .\CortexM0p\ARM_GCC_541\Debug\NGFLUI_Vikram_Slave.a(CapSense_SelfTest.o)
 .text.CapSense_BistPostSingleScan
                0x00001770       0x4c .\CortexM0p\ARM_GCC_541\Debug\NGFLUI_Vikram_Slave.a(CapSense_SelfTest.o)
                0x00001770                CapSense_BistPostSingleScan
 .text.CapSense_BistConfigClock
                0x000017bc       0x10 .\CortexM0p\ARM_GCC_541\Debug\NGFLUI_Vikram_Slave.a(CapSense_SelfTest.o)
 .text.CapSense_BistSetScanDuration
                0x000017cc       0x1c .\CortexM0p\ARM_GCC_541\Debug\NGFLUI_Vikram_Slave.a(CapSense_SelfTest.o)
 .text.CapSense_BistSetIdac
                0x000017e8       0x20 .\CortexM0p\ARM_GCC_541\Debug\NGFLUI_Vikram_Slave.a(CapSense_SelfTest.o)
 .text.CapSense_BistCmodPrecharge
                0x00001808       0xc4 .\CortexM0p\ARM_GCC_541\Debug\NGFLUI_Vikram_Slave.a(CapSense_SelfTest.o)
 .text.CapSense_WaitEndOfScan
                0x000018cc       0x28 .\CortexM0p\ARM_GCC_541\Debug\NGFLUI_Vikram_Slave.a(CapSense_SelfTest.o)
 .text.CapSense_SetElectrodeHsiom
                0x000018f4       0x20 .\CortexM0p\ARM_GCC_541\Debug\NGFLUI_Vikram_Slave.a(CapSense_SelfTest.o)
 .text.CapSense_SetAllIOHsiomState
                0x00001914       0x20 .\CortexM0p\ARM_GCC_541\Debug\NGFLUI_Vikram_Slave.a(CapSense_SelfTest.o)
 .text.CapSense_BistDisableHwSnsCap
                0x00001934       0x4c .\CortexM0p\ARM_GCC_541\Debug\NGFLUI_Vikram_Slave.a(CapSense_SelfTest.o)
 .text.CapSense_SetElectrodePc
                0x00001980       0x24 .\CortexM0p\ARM_GCC_541\Debug\NGFLUI_Vikram_Slave.a(CapSense_SelfTest.o)
 .text.CapSense_SetAllIOPcState
                0x000019a4       0x20 .\CortexM0p\ARM_GCC_541\Debug\NGFLUI_Vikram_Slave.a(CapSense_SelfTest.o)
 .text.CapSense_BistSetInactiveSensorConnection
                0x000019c4       0x8c .\CortexM0p\ARM_GCC_541\Debug\NGFLUI_Vikram_Slave.a(CapSense_SelfTest.o)
 .text.CapSense_BistSetAllInactiveSensorConnection
                0x00001a50       0x2c .\CortexM0p\ARM_GCC_541\Debug\NGFLUI_Vikram_Slave.a(CapSense_SelfTest.o)
 .text.CapSense_SwitchAllIOState
                0x00001a7c       0x48 .\CortexM0p\ARM_GCC_541\Debug\NGFLUI_Vikram_Slave.a(CapSense_SelfTest.o)
 .text.CapSense_BistConnectSensor
                0x00001ac4       0x54 .\CortexM0p\ARM_GCC_541\Debug\NGFLUI_Vikram_Slave.a(CapSense_SelfTest.o)
 .text.CapSense_SetElectrodeDr
                0x00001b18       0x20 .\CortexM0p\ARM_GCC_541\Debug\NGFLUI_Vikram_Slave.a(CapSense_SelfTest.o)
 .text.CapSense_SetAllIODrState
                0x00001b38       0x20 .\CortexM0p\ARM_GCC_541\Debug\NGFLUI_Vikram_Slave.a(CapSense_SelfTest.o)
 .text.CapSense_BistConnectExtCapacitor
                0x00001b58       0x60 .\CortexM0p\ARM_GCC_541\Debug\NGFLUI_Vikram_Slave.a(CapSense_SelfTest.o)
 .text.CapSense_BistConnectShieldAsSensor
                0x00001bb8       0x64 .\CortexM0p\ARM_GCC_541\Debug\NGFLUI_Vikram_Slave.a(CapSense_SelfTest.o)
 .text.CapSense_BistEnableVddaMeasurement
                0x00001c1c       0xfc .\CortexM0p\ARM_GCC_541\Debug\NGFLUI_Vikram_Slave.a(CapSense_SelfTest.o)
 .text.CapSense_BistDisconnectExtCapacitor
                0x00001d18      0x108 .\CortexM0p\ARM_GCC_541\Debug\NGFLUI_Vikram_Slave.a(CapSense_SelfTest.o)
 .text.CapSense_BistEnableHwSnsCap
                0x00001e20      0x1b8 .\CortexM0p\ARM_GCC_541\Debug\NGFLUI_Vikram_Slave.a(CapSense_SelfTest.o)
 .text.CapSense_BistSwitchHwConfig
                0x00001fd8       0x74 .\CortexM0p\ARM_GCC_541\Debug\NGFLUI_Vikram_Slave.a(CapSense_SelfTest.o)
 .text.CapSense_BistTriggerScan
                0x0000204c       0xe4 .\CortexM0p\ARM_GCC_541\Debug\NGFLUI_Vikram_Slave.a(CapSense_SelfTest.o)
 .text.CapSense_BistStartSample
                0x00002130       0x30 .\CortexM0p\ARM_GCC_541\Debug\NGFLUI_Vikram_Slave.a(CapSense_SelfTest.o)
 .text.CapSense_GetCapacitanceExt
                0x00002160       0xcc .\CortexM0p\ARM_GCC_541\Debug\NGFLUI_Vikram_Slave.a(CapSense_SelfTest.o)
 .text.CapSense_GetSensorCapacitanceExt
                0x0000222c       0x34 .\CortexM0p\ARM_GCC_541\Debug\NGFLUI_Vikram_Slave.a(CapSense_SelfTest.o)
 .text.CapSense_GetExtCapCapacitanceExt
                0x00002260       0x2c .\CortexM0p\ARM_GCC_541\Debug\NGFLUI_Vikram_Slave.a(CapSense_SelfTest.o)
 .text.CapSense_MeasureExtCapCapacitance
                0x0000228c       0x6c .\CortexM0p\ARM_GCC_541\Debug\NGFLUI_Vikram_Slave.a(CapSense_SelfTest.o)
 .text.CapSense_DsUpdateWidgetCrc
                0x000022f8       0x20 .\CortexM0p\ARM_GCC_541\Debug\NGFLUI_Vikram_Slave.a(CapSense_SelfTest.o)
                0x000022f8                CapSense_DsUpdateWidgetCrc
 .text.CapSense_UpdateTestResultBaselineDuplication
                0x00002318       0x38 .\CortexM0p\ARM_GCC_541\Debug\NGFLUI_Vikram_Slave.a(CapSense_SelfTest.o)
                0x00002318                CapSense_UpdateTestResultBaselineDuplication
 .text.CapSense_GetExtCapCapacitance
                0x00002350       0x30 .\CortexM0p\ARM_GCC_541\Debug\NGFLUI_Vikram_Slave.a(CapSense_SelfTest.o)
                0x00002350                CapSense_GetExtCapCapacitance
 .text.CapSense_BistDisableMode
                0x00002380       0x14 .\CortexM0p\ARM_GCC_541\Debug\NGFLUI_Vikram_Slave.a(CapSense_SelfTest.o)
                0x00002380                CapSense_BistDisableMode
 .text.CapSense_BistInitialize
                0x00002394       0x10 .\CortexM0p\ARM_GCC_541\Debug\NGFLUI_Vikram_Slave.a(CapSense_SelfTest.o)
                0x00002394                CapSense_BistInitialize
 .text.CapSense_GetSensorCapacitance
                0x000023a4       0x3c .\CortexM0p\ARM_GCC_541\Debug\NGFLUI_Vikram_Slave.a(CapSense_SelfTest.o)
                0x000023a4                CapSense_GetSensorCapacitance
 .text.CapSense_GetShieldCapacitance
                0x000023e0       0x30 .\CortexM0p\ARM_GCC_541\Debug\NGFLUI_Vikram_Slave.a(CapSense_SelfTest.o)
                0x000023e0                CapSense_GetShieldCapacitance
 .text.EZI2C_ScbEnableIntr
                0x00002410        0xc .\CortexM0p\ARM_GCC_541\Debug\NGFLUI_Vikram_Slave.a(EZI2C.o)
 .text.EZI2C_Init
                0x0000241c        0x8 .\CortexM0p\ARM_GCC_541\Debug\NGFLUI_Vikram_Slave.a(EZI2C.o)
                0x0000241c                EZI2C_Init
 .text.EZI2C_Enable
                0x00002424       0x18 .\CortexM0p\ARM_GCC_541\Debug\NGFLUI_Vikram_Slave.a(EZI2C.o)
                0x00002424                EZI2C_Enable
 .text.EZI2C_Start
                0x0000243c       0x20 .\CortexM0p\ARM_GCC_541\Debug\NGFLUI_Vikram_Slave.a(EZI2C.o)
                0x0000243c                EZI2C_Start
 .text.EZI2C_EzI2CInit
                0x0000245c       0xec .\CortexM0p\ARM_GCC_541\Debug\NGFLUI_Vikram_Slave.a(EZI2C_EZI2C.o)
                0x0000245c                EZI2C_EzI2CInit
 .text.EZI2C_EzI2CSetBuffer1
                0x00002548       0x30 .\CortexM0p\ARM_GCC_541\Debug\NGFLUI_Vikram_Slave.a(EZI2C_EZI2C.o)
                0x00002548                EZI2C_EzI2CSetBuffer1
 .text.EZI2C_EzI2CSetBuffer2
                0x00002578       0x30 .\CortexM0p\ARM_GCC_541\Debug\NGFLUI_Vikram_Slave.a(EZI2C_EZI2C.o)
                0x00002578                EZI2C_EzI2CSetBuffer2
 .text.EZI2C_EZI2C_STRETCH_ISR
                0x000025a8      0x460 .\CortexM0p\ARM_GCC_541\Debug\NGFLUI_Vikram_Slave.a(EZI2C_EZI2C_INT.o)
                0x000025a8                EZI2C_EZI2C_STRETCH_ISR
 .text.HB_LED_Write
                0x00002a08       0x18 .\CortexM0p\ARM_GCC_541\Debug\NGFLUI_Vikram_Slave.a(HB_LED.o)
                0x00002a08                HB_LED_Write
 .text.Start_Button_Write
                0x00002a20       0x18 .\CortexM0p\ARM_GCC_541\Debug\NGFLUI_Vikram_Slave.a(Start_Button.o)
                0x00002a20                Start_Button_Write
 .text.CapSense_ISR_SetVector
                0x00002a38        0xc .\CortexM0p\ARM_GCC_541\Debug\NGFLUI_Vikram_Slave.a(CapSense_ISR.o)
                0x00002a38                CapSense_ISR_SetVector
 .text.CapSense_ISR_SetPriority
                0x00002a44       0x24 .\CortexM0p\ARM_GCC_541\Debug\NGFLUI_Vikram_Slave.a(CapSense_ISR.o)
                0x00002a44                CapSense_ISR_SetPriority
 .text.CapSense_ISR_Enable
                0x00002a68       0x10 .\CortexM0p\ARM_GCC_541\Debug\NGFLUI_Vikram_Slave.a(CapSense_ISR.o)
                0x00002a68                CapSense_ISR_Enable
 .text.CapSense_ISR_Disable
                0x00002a78       0x10 .\CortexM0p\ARM_GCC_541\Debug\NGFLUI_Vikram_Slave.a(CapSense_ISR.o)
                0x00002a78                CapSense_ISR_Disable
 .text.CapSense_ISR_StartEx
                0x00002a88       0x1c .\CortexM0p\ARM_GCC_541\Debug\NGFLUI_Vikram_Slave.a(CapSense_ISR.o)
                0x00002a88                CapSense_ISR_StartEx
 .text.CySysClkImoDisableWcoLock
                0x00002aa4       0x4c .\CortexM0p\ARM_GCC_541\Debug\NGFLUI_Vikram_Slave.a(CyLib.o)
                0x00002aa4                CySysClkImoDisableWcoLock
 .text.CySysClkImoGetWcoLock
                0x00002af0       0x14 .\CortexM0p\ARM_GCC_541\Debug\NGFLUI_Vikram_Slave.a(CyLib.o)
                0x00002af0                CySysClkImoGetWcoLock
 .text.CyIntEnable
                0x00002b04       0x14 .\CortexM0p\ARM_GCC_541\Debug\NGFLUI_Vikram_Slave.a(CyLib.o)
                0x00002b04                CyIntEnable
 .text.CyIntDisable
                0x00002b18       0x14 .\CortexM0p\ARM_GCC_541\Debug\NGFLUI_Vikram_Slave.a(CyLib.o)
                0x00002b18                CyIntDisable
 .text.CyIntClearPending
                0x00002b2c       0x14 .\CortexM0p\ARM_GCC_541\Debug\NGFLUI_Vikram_Slave.a(CyLib.o)
                0x00002b2c                CyIntClearPending
 .text.CyHalt   0x00002b40        0x4 .\CortexM0p\ARM_GCC_541\Debug\NGFLUI_Vikram_Slave.a(CyLib.o)
                0x00002b40                CyHalt
 .text.CyIntSetVector
                0x00002b44       0x24 .\CortexM0p\ARM_GCC_541\Debug\NGFLUI_Vikram_Slave.a(CyLib.o)
                0x00002b44                CyIntSetVector
 .text.CyIntSetPriority
                0x00002b68       0x4c .\CortexM0p\ARM_GCC_541\Debug\NGFLUI_Vikram_Slave.a(CyLib.o)
                0x00002b68                CyIntSetPriority
 .text.CyDelay  0x00002bb4       0x30 .\CortexM0p\ARM_GCC_541\Debug\NGFLUI_Vikram_Slave.a(CyLib.o)
                0x00002bb4                CyDelay
 .text.CySysClkImoEnableWcoLock
                0x00002be4       0xd0 .\CortexM0p\ARM_GCC_541\Debug\NGFLUI_Vikram_Slave.a(CyLib.o)
                0x00002be4                CySysClkImoEnableWcoLock
 .text.CySysClkWriteImoFreq
                0x00002cb4       0xd8 .\CortexM0p\ARM_GCC_541\Debug\NGFLUI_Vikram_Slave.a(CyLib.o)
                0x00002cb4                CySysClkWriteImoFreq
 .text.CyDelayUs
                0x00002d8c       0x14 .\CortexM0p\ARM_GCC_541\Debug\NGFLUI_Vikram_Slave.a(CyLib.o)
                0x00002d8c                CyDelayUs
 .text.CySysClkWcoEnabled
                0x00002da0       0x14 .\CortexM0p\ARM_GCC_541\Debug\NGFLUI_Vikram_Slave.a(CyLFClk.o)
                0x00002da0                CySysClkWcoEnabled
 .text.CySysWdtDisable
                0x00002db4       0x10 .\CortexM0p\ARM_GCC_541\Debug\NGFLUI_Vikram_Slave.a(CyLFClk.o)
                0x00002db4                CySysWdtDisable
 *fill*         0x00002dc4        0x4 
 .text          0x00002dc8       0x20 .\CortexM0p\ARM_GCC_541\Debug\NGFLUI_Vikram_Slave.a(CyBootAsmGnu.o)
                0x00002dc8                CyDelayCycles
                0x00002dda                CyEnterCriticalSection
                0x00002de2                CyExitCriticalSection
 .text.CapSense_SsCSDPostScan
                0x00002de8       0x5c .\CortexM0p\ARM_GCC_541\Debug\NGFLUI_Vikram_Slave.a(CapSense_INT.o)
 .text.CapSense_SsCSDInitNextScan
                0x00002e44       0xa8 .\CortexM0p\ARM_GCC_541\Debug\NGFLUI_Vikram_Slave.a(CapSense_INT.o)
 .text.CapSense_CSDPostSingleScan
                0x00002eec       0x2c .\CortexM0p\ARM_GCC_541\Debug\NGFLUI_Vikram_Slave.a(CapSense_INT.o)
                0x00002eec                CapSense_CSDPostSingleScan
 .text.CapSense_CSDPostMultiScan
                0x00002f18       0x3c .\CortexM0p\ARM_GCC_541\Debug\NGFLUI_Vikram_Slave.a(CapSense_INT.o)
                0x00002f18                CapSense_CSDPostMultiScan
 .text.CySysFlashSetWaitCycles
                0x00002f54       0x54 .\CortexM0p\ARM_GCC_541\Debug\NGFLUI_Vikram_Slave.a(CyFlash.o)
                0x00002f54                CySysFlashSetWaitCycles
 .text          0x00002fa8      0x114 c:/program files (x86)/cypress/psoc creator/4.2/psoc creator/import/gnu/arm/5.4.1/bin/../lib/gcc/arm-none-eabi/5.4.1/armv6-m\libgcc.a(_udivsi3.o)
                0x00002fa8                __aeabi_uidiv
                0x00002fa8                __udivsi3
                0x000030b4                __aeabi_uidivmod
 .text          0x000030bc        0x4 c:/program files (x86)/cypress/psoc creator/4.2/psoc creator/import/gnu/arm/5.4.1/bin/../lib/gcc/arm-none-eabi/5.4.1/armv6-m\libgcc.a(_dvmd_tls.o)
                0x000030bc                __aeabi_idiv0
                0x000030bc                __aeabi_ldiv0
 .text.__errno  0x000030c0        0xc c:/program files (x86)/cypress/psoc creator/4.2/psoc creator/import/gnu/arm/5.4.1/bin/../lib/gcc/arm-none-eabi/5.4.1/../../../../arm-none-eabi/lib/armv6-m\libg_nano.a(lib_a-errno.o)
                0x000030c0                __errno
 .text.__libc_init_array
                0x000030cc       0x4c c:/program files (x86)/cypress/psoc creator/4.2/psoc creator/import/gnu/arm/5.4.1/bin/../lib/gcc/arm-none-eabi/5.4.1/../../../../arm-none-eabi/lib/armv6-m\libg_nano.a(lib_a-init.o)
                0x000030cc                __libc_init_array
 .text.memcpy   0x00003118       0x12 c:/program files (x86)/cypress/psoc creator/4.2/psoc creator/import/gnu/arm/5.4.1/bin/../lib/gcc/arm-none-eabi/5.4.1/../../../../arm-none-eabi/lib/armv6-m\libg_nano.a(lib_a-memcpy-stub.o)
                0x00003118                memcpy
 .text.memset   0x0000312a       0x10 c:/program files (x86)/cypress/psoc creator/4.2/psoc creator/import/gnu/arm/5.4.1/bin/../lib/gcc/arm-none-eabi/5.4.1/../../../../arm-none-eabi/lib/armv6-m\libg_nano.a(lib_a-memset.o)
                0x0000312a                memset
 *(.plt)
 *(.gnu.warning)
 *(.glue_7t)
 .glue_7t       0x0000313a        0x0 linker stubs
 *(.glue_7)
 .glue_7        0x0000313a        0x0 linker stubs
 *(.vfp11_veneer)
 .vfp11_veneer  0x0000313a        0x0 linker stubs
 *(.bootloader)
 *(.ARM.extab* .gnu.linkonce.armextab.*)
 *(.gcc_except_table)

.v4_bx          0x0000313c        0x0
 .v4_bx         0x0000313c        0x0 linker stubs

.iplt           0x0000313c        0x0
 .iplt          0x0000313c        0x0 c:/program files (x86)/cypress/psoc creator/4.2/psoc creator/import/gnu/arm/5.4.1/bin/../lib/gcc/arm-none-eabi/5.4.1/armv6-m/crtbegin.o

.eh_frame_hdr
 *(.eh_frame_hdr)

.eh_frame       0x0000313c        0x4
 *(.eh_frame)
 .eh_frame      0x0000313c        0x0 c:/program files (x86)/cypress/psoc creator/4.2/psoc creator/import/gnu/arm/5.4.1/bin/../lib/gcc/arm-none-eabi/5.4.1/armv6-m/crtbegin.o
 .eh_frame      0x0000313c        0x4 c:/program files (x86)/cypress/psoc creator/4.2/psoc creator/import/gnu/arm/5.4.1/bin/../lib/gcc/arm-none-eabi/5.4.1/armv6-m/crtend.o
                [!provide]                PROVIDE (__exidx_start, .)

.ARM.exidx
 *(.ARM.exidx* .gnu.linkonce.armexidx.*)
                0x00003140                __exidx_end = .

.rodata         0x00003140      0x168
 *(.rodata .rodata.* .gnu.linkonce.r.*)
 .rodata        0x00003140       0xd0 .\CortexM0p\ARM_GCC_541\Debug\NGFLUI_Vikram_Slave.a(CapSense_Structure.o)
                0x00003150                CapSense_ramIdacInit
                0x00003154                CapSense_dsFlash
                0x00003194                CapSense_ramWidgetInit
                0x000031b4                CapSense_extCapMap
                0x000031b8                CapSense_shieldIoList
                0x000031d0                CapSense_ioList
 .rodata        0x00003210       0x1c .\CortexM0p\ARM_GCC_541\Debug\NGFLUI_Vikram_Slave.a(CapSense_Tuner.o)
 .rodata        0x0000322c        0x1 .\CortexM0p\ARM_GCC_541\Debug\NGFLUI_Vikram_Slave.a(CapSense_Sensing.o)
                0x0000322c                CapSense_scanFreqIndex
 *fill*         0x0000322d        0x3 
 .rodata        0x00003230       0x40 .\CortexM0p\ARM_GCC_541\Debug\NGFLUI_Vikram_Slave.a(CapSense_SelfTest.o)
 .rodata.str1.1
                0x00003270        0x2 c:/program files (x86)/cypress/psoc creator/4.2/psoc creator/import/gnu/arm/5.4.1/bin/../lib/gcc/arm-none-eabi/5.4.1/../../../../arm-none-eabi/lib/armv6-m\libg_nano.a(lib_a-impure.o)
                0x00003274                . = ALIGN (0x4)
 *fill*         0x00003272        0x2 
 *(.init)
 .init          0x00003274        0x4 c:/program files (x86)/cypress/psoc creator/4.2/psoc creator/import/gnu/arm/5.4.1/bin/../lib/gcc/arm-none-eabi/5.4.1/armv6-m/crti.o
                0x00003274                _init
 .init          0x00003278        0x8 c:/program files (x86)/cypress/psoc creator/4.2/psoc creator/import/gnu/arm/5.4.1/bin/../lib/gcc/arm-none-eabi/5.4.1/armv6-m/crtn.o
                0x00003280                . = ALIGN (0x4)
                0x00003280                __preinit_array_start = .
 *(.preinit_array)
                0x00003280                __preinit_array_end = .
                0x00003280                . = ALIGN (0x4)
                0x00003280                __init_array_start = .
 *(SORT(.init_array.*))
 *(.init_array)
 .init_array    0x00003280        0x4 c:/program files (x86)/cypress/psoc creator/4.2/psoc creator/import/gnu/arm/5.4.1/bin/../lib/gcc/arm-none-eabi/5.4.1/armv6-m/crtbegin.o
 .init_array    0x00003284        0x4 .\CortexM0p\ARM_GCC_541\Debug\Cm0plusStart.o
                0x00003288                __init_array_end = .
                0x00003288                . = ALIGN (0x4)
 *(.fini)
 .fini          0x00003288        0x4 c:/program files (x86)/cypress/psoc creator/4.2/psoc creator/import/gnu/arm/5.4.1/bin/../lib/gcc/arm-none-eabi/5.4.1/armv6-m/crti.o
                0x00003288                _fini
 .fini          0x0000328c        0x8 c:/program files (x86)/cypress/psoc creator/4.2/psoc creator/import/gnu/arm/5.4.1/bin/../lib/gcc/arm-none-eabi/5.4.1/armv6-m/crtn.o
                0x00003294                . = ALIGN (0x4)
                0x00003294                __fini_array_start = .
 *(.fini_array)
 .fini_array    0x00003294        0x4 c:/program files (x86)/cypress/psoc creator/4.2/psoc creator/import/gnu/arm/5.4.1/bin/../lib/gcc/arm-none-eabi/5.4.1/armv6-m/crtbegin.o
 *(SORT(.fini_array.*))
                0x00003298                __fini_array_end = .
                0x00003298                . = ALIGN (0x4)
 *crtbegin.o(.ctors)
 *(EXCLUDE_FILE(*crtend.o) .ctors)
 *(SORT(.ctors.*))
 *crtend.o(.ctors)
                0x00003298                . = ALIGN (0x4)
 *crtbegin.o(.dtors)
 *(EXCLUDE_FILE(*crtend.o) .dtors)
 *(SORT(.dtors.*))
 *crtend.o(.dtors)
                0x00003298                . = ALIGN (0x4)
                0x00003298                __cy_regions = .
                0x00003298        0x4 LONG 0x32a8 __cy_region_init_ram
                0x0000329c        0x4 LONG 0x20000080 __cy_region_start_data
                0x000032a0        0x4 LONG 0x88 __cy_region_init_size_ram
                0x000032a4        0x4 LONG 0xf0 __cy_region_zero_size_ram
                0x000032a8                __cy_regions_end = .
                0x000032a8                . = ALIGN (0x8)
                0x000032a8                _etext = .

.cy_checksum_exclude
                0x000032a8        0x0
 *(.cy_checksum_exclude)

.ramvectors     0x20000000       0x80
                0x20000000                __cy_region_start_ram = .
 *(.ramvectors)
 .ramvectors    0x20000000       0x80 .\CortexM0p\ARM_GCC_541\Debug\Cm0plusStart.o
                0x20000000                CyRamVectors

.noinit
 *(.noinit)

.data           0x20000080       0x88 load address 0x000032a8
                0x20000080                __cy_region_start_data = .
 *(.jcr)
 .jcr           0x20000080        0x0 c:/program files (x86)/cypress/psoc creator/4.2/psoc creator/import/gnu/arm/5.4.1/bin/../lib/gcc/arm-none-eabi/5.4.1/armv6-m/crtbegin.o
 .jcr           0x20000080        0x4 c:/program files (x86)/cypress/psoc creator/4.2/psoc creator/import/gnu/arm/5.4.1/bin/../lib/gcc/arm-none-eabi/5.4.1/armv6-m/crtend.o
 *(.got.plt)
 *(.got)
 *(.shdata)
 *(.data .data.* .gnu.linkonce.d.*)
 .data          0x20000084        0x4 .\CortexM0p\ARM_GCC_541\Debug\NGFLUI_Vikram_Slave.a(CapSense_SensingCSD_LL.o)
                0x20000084                CapSense_configCsd
 .data          0x20000088        0x4 .\CortexM0p\ARM_GCC_541\Debug\NGFLUI_Vikram_Slave.a(CapSense_SelfTest.o)
 .data          0x2000008c       0x14 .\CortexM0p\ARM_GCC_541\Debug\NGFLUI_Vikram_Slave.a(CyLib.o)
                0x2000008c                CySysClkPumpConfig
                0x20000090                cydelay32kMs
                0x20000094                cydelayFreqKhz
                0x20000098                cydelayFreqMhz
                0x2000009c                cydelayFreqHz
 .data.impure_data
                0x200000a0       0x60 c:/program files (x86)/cypress/psoc creator/4.2/psoc creator/import/gnu/arm/5.4.1/bin/../lib/gcc/arm-none-eabi/5.4.1/../../../../arm-none-eabi/lib/armv6-m\libg_nano.a(lib_a-impure.o)
 .data._impure_ptr
                0x20000100        0x4 c:/program files (x86)/cypress/psoc creator/4.2/psoc creator/import/gnu/arm/5.4.1/bin/../lib/gcc/arm-none-eabi/5.4.1/../../../../arm-none-eabi/lib/armv6-m\libg_nano.a(lib_a-impure.o)
                0x20000100                _impure_ptr
                0x20000108                . = ALIGN (0x8)
 *fill*         0x20000104        0x4 
 *(.ram)
                0x20000108                _edata = .

.igot.plt       0x20000108        0x0 load address 0x00003330
 .igot.plt      0x20000108        0x0 c:/program files (x86)/cypress/psoc creator/4.2/psoc creator/import/gnu/arm/5.4.1/bin/../lib/gcc/arm-none-eabi/5.4.1/armv6-m/crtbegin.o

.bss            0x20000108       0xf0 load address 0x00003330
                0x20000108                PROVIDE (__bss_start__, .)
 *(.shbss)
 *(.bss .bss.* .gnu.linkonce.b.*)
 .bss           0x20000108       0x1c c:/program files (x86)/cypress/psoc creator/4.2/psoc creator/import/gnu/arm/5.4.1/bin/../lib/gcc/arm-none-eabi/5.4.1/armv6-m/crtbegin.o
 .bss           0x20000124        0x1 .\CortexM0p\ARM_GCC_541\Debug\NGFLUI_Vikram_Slave.a(CapSense_Control.o)
 *fill*         0x20000125        0x3 
 .bss           0x20000128        0x5 .\CortexM0p\ARM_GCC_541\Debug\NGFLUI_Vikram_Slave.a(CapSense_Structure.o)
 *fill*         0x2000012d        0x3 
 .bss           0x20000130        0x4 .\CortexM0p\ARM_GCC_541\Debug\NGFLUI_Vikram_Slave.a(CapSense_Tuner.o)
 .bss           0x20000134        0x4 .\CortexM0p\ARM_GCC_541\Debug\NGFLUI_Vikram_Slave.a(CapSense_Sensing.o)
                0x20000134                CapSense_currentSenseMethod
                0x20000135                CapSense_requestScanAllWidget
                0x20000136                CapSense_widgetIndex
                0x20000137                CapSense_sensorIndex
 .bss           0x20000138        0x1 .\CortexM0p\ARM_GCC_541\Debug\NGFLUI_Vikram_Slave.a(CapSense_SensingCSD_LL.o)
 *fill*         0x20000139        0x1 
 .bss           0x2000013a        0x4 .\CortexM0p\ARM_GCC_541\Debug\NGFLUI_Vikram_Slave.a(CapSense_SelfTest.o)
 *fill*         0x2000013e        0x2 
 .bss           0x20000140        0x8 .\CortexM0p\ARM_GCC_541\Debug\NGFLUI_Vikram_Slave.a(EZI2C.o)
                0x20000140                EZI2C_initVar
                0x20000144                EZI2C_customIntrHandler
 .bss           0x20000148        0xc .\CortexM0p\ARM_GCC_541\Debug\NGFLUI_Vikram_Slave.a(EZI2C_EZI2C_INT.o)
 *(COMMON)
 COMMON         0x20000154       0x7c .\CortexM0p\ARM_GCC_541\Debug\NGFLUI_Vikram_Slave.a(CapSense_Structure.o)
                0x20000154                CapSense_dsRam
 COMMON         0x200001d0        0x8 .\CortexM0p\ARM_GCC_541\Debug\NGFLUI_Vikram_Slave.a(CapSense_Sensing.o)
                0x200001d0                CapSense_curRamSnsPtr
                0x200001d4                CapSense_curSnsIOPtr
 COMMON         0x200001d8       0x1e .\CortexM0p\ARM_GCC_541\Debug\NGFLUI_Vikram_Slave.a(EZI2C_EZI2C.o)
                0x200001d8                EZI2C_offsetBuf1
                0x200001da                EZI2C_indexBuf2
                0x200001dc                EZI2C_addrBuf2
                0x200001de                EZI2C_indexBuf1
                0x200001e0                EZI2C_fsmState
                0x200001e2                EZI2C_protectBuf1
                0x200001e4                EZI2C_curStatus
                0x200001e5                EZI2C_addrBuf1
                0x200001e6                EZI2C_bufSizeBuf2
                0x200001e8                EZI2C_dataBuffer2
                0x200001ec                EZI2C_dataBuffer1
                0x200001f0                EZI2C_bufSizeBuf1
                0x200001f2                EZI2C_protectBuf2
                0x200001f4                EZI2C_offsetBuf2
                0x200001f8                . = ALIGN (0x8)
 *fill*         0x200001f6        0x2 
 *(.ram.b)
                0x200001f8                _end = .
                0x200001f8                __end = .
                0x200001f8                PROVIDE (end, .)
                0x200001f8                PROVIDE (__bss_end__, .)
                0x000032a8                __cy_region_init_ram = LOADADDR (.data)
                0x00000088                __cy_region_init_size_ram = (_edata - ADDR (.data))
                0x000000f0                __cy_region_zero_size_ram = (_end - _edata)

.heap           0x200001f8       0x80 load address 0x00003330
                0x200001f8                . = _end
                0x20000278                . = (. + 0x80)
 *fill*         0x200001f8       0x80 
                0x20000278                __cy_heap_limit = .

.stack          0x20000c00      0x400
                0x20000c00                __cy_stack_limit = .
                0x20001000                . = (. + 0x400)
 *fill*         0x20000c00      0x400 
                0x00000001                ASSERT ((__cy_stack_limit >= __cy_heap_limit), region RAM overflowed with stack)
                0x00000000                cy_checksum_exclude_size = (CY_APPL_LOADABLE == 0x1)?SIZEOF (.cy_checksum_exclude):0x0
                0x00000001                ASSERT ((cy_checksum_exclude_size <= CY_CHECKSUM_EXCLUDE_SIZE), CY_BOOT: Section .cy_checksum_exclude size exceedes specified limit.)
                0x00007fc0                cyloadermeta_start = (cy_project_type_bootloader || cy_project_type_app_for_stack_and_copier)?(LENGTH (rom) - CY_METADATA_SIZE):0xf0000000

.cyloadermeta
 *(.cyloadermeta)
                0x00007fc0                cyloadablemeta_start = cy_project_type_app_for_stack_and_copier?((LENGTH (rom) - CY_FLASH_ROW_SIZE) - CY_METADATA_SIZE):((LENGTH (rom) - (CY_FLASH_ROW_SIZE * (CY_APPL_NUM - 0x1))) - CY_METADATA_SIZE)

.cyloadablemeta
 *(.cyloadablemeta)

.cyflashprotect
                0x90400000       0x20
 *(.cyflashprotect)
 .cyflashprotect
                0x90400000       0x20 .\CortexM0p\ARM_GCC_541\Debug\cymetadata.o
                0x90400000                cy_meta_flashprotect

.cymeta         0x90500000        0xc
 *(.cymeta)
 .cymeta        0x90500000        0xc .\CortexM0p\ARM_GCC_541\Debug\cymetadata.o
                0x90500000                cy_metadata

.cychipprotect  0x90600000        0x1
 *(.cychipprotect)
 .cychipprotect
                0x90600000        0x1 .\CortexM0p\ARM_GCC_541\Debug\cymetadata.o
                0x90600000                cy_meta_chipprotect

.rel.dyn        0x00003330        0x0 load address 0x90600004
 .rel.iplt      0x00003330        0x0 c:/program files (x86)/cypress/psoc creator/4.2/psoc creator/import/gnu/arm/5.4.1/bin/../lib/gcc/arm-none-eabi/5.4.1/armv6-m/crtbegin.o

.stab
 *(.stab)

.stabstr
 *(.stabstr)

.debug
 *(.debug)

.line
 *(.line)

.debug_srcinfo
 *(.debug_srcinfo)

.debug_sfnames
 *(.debug_sfnames)

.debug_aranges  0x00000000      0xb40
 *(.debug_aranges)
 .debug_aranges
                0x00000000       0x20 .\CortexM0p\ARM_GCC_541\Debug\main.o
 .debug_aranges
                0x00000020       0x38 .\CortexM0p\ARM_GCC_541\Debug\cyfitter_cfg.o
 .debug_aranges
                0x00000058       0x18 .\CortexM0p\ARM_GCC_541\Debug\cymetadata.o
 .debug_aranges
                0x00000070       0x48 .\CortexM0p\ARM_GCC_541\Debug\Cm0plusStart.o
 .debug_aranges
                0x000000b8       0x68 .\CortexM0p\ARM_GCC_541\Debug\NGFLUI_Vikram_Slave.a(CapSense_Control.o)
 .debug_aranges
                0x00000120       0x48 .\CortexM0p\ARM_GCC_541\Debug\NGFLUI_Vikram_Slave.a(CapSense_Processing.o)
 .debug_aranges
                0x00000168       0x50 .\CortexM0p\ARM_GCC_541\Debug\NGFLUI_Vikram_Slave.a(CapSense_Structure.o)
 .debug_aranges
                0x000001b8       0x28 .\CortexM0p\ARM_GCC_541\Debug\NGFLUI_Vikram_Slave.a(CapSense_Tuner.o)
 .debug_aranges
                0x000001e0       0x70 .\CortexM0p\ARM_GCC_541\Debug\NGFLUI_Vikram_Slave.a(CapSense_Filter.o)
 .debug_aranges
                0x00000250       0xe0 .\CortexM0p\ARM_GCC_541\Debug\NGFLUI_Vikram_Slave.a(CapSense_Sensing.o)
 .debug_aranges
                0x00000330       0xf0 .\CortexM0p\ARM_GCC_541\Debug\NGFLUI_Vikram_Slave.a(CapSense_SensingCSD_LL.o)
 .debug_aranges
                0x00000420      0x210 .\CortexM0p\ARM_GCC_541\Debug\NGFLUI_Vikram_Slave.a(CapSense_SelfTest.o)
 .debug_aranges
                0x00000630       0x60 .\CortexM0p\ARM_GCC_541\Debug\NGFLUI_Vikram_Slave.a(EZI2C.o)
 .debug_aranges
                0x00000690       0x78 .\CortexM0p\ARM_GCC_541\Debug\NGFLUI_Vikram_Slave.a(EZI2C_EZI2C.o)
 .debug_aranges
                0x00000708       0x20 .\CortexM0p\ARM_GCC_541\Debug\NGFLUI_Vikram_Slave.a(EZI2C_EZI2C_INT.o)
 .debug_aranges
                0x00000728       0x48 .\CortexM0p\ARM_GCC_541\Debug\NGFLUI_Vikram_Slave.a(HB_LED.o)
 .debug_aranges
                0x00000770       0x48 .\CortexM0p\ARM_GCC_541\Debug\NGFLUI_Vikram_Slave.a(Start_Button.o)
 .debug_aranges
                0x000007b8       0x80 .\CortexM0p\ARM_GCC_541\Debug\NGFLUI_Vikram_Slave.a(CapSense_ISR.o)
 .debug_aranges
                0x00000838      0x190 .\CortexM0p\ARM_GCC_541\Debug\NGFLUI_Vikram_Slave.a(CyLib.o)
 .debug_aranges
                0x000009c8       0xd8 .\CortexM0p\ARM_GCC_541\Debug\NGFLUI_Vikram_Slave.a(CyLFClk.o)
 .debug_aranges
                0x00000aa0       0x20 .\CortexM0p\ARM_GCC_541\Debug\NGFLUI_Vikram_Slave.a(CyBootAsmGnu.o)
 .debug_aranges
                0x00000ac0       0x38 .\CortexM0p\ARM_GCC_541\Debug\NGFLUI_Vikram_Slave.a(CapSense_INT.o)
 .debug_aranges
                0x00000af8       0x48 .\CortexM0p\ARM_GCC_541\Debug\NGFLUI_Vikram_Slave.a(CyFlash.o)

.debug_pubnames
 *(.debug_pubnames)

.debug_info     0x00000000     0xb8ed
 *(.debug_info .gnu.linkonce.wi.*)
 .debug_info    0x00000000      0x91e .\CortexM0p\ARM_GCC_541\Debug\main.o
 .debug_info    0x0000091e      0x154 .\CortexM0p\ARM_GCC_541\Debug\cyfitter_cfg.o
 .debug_info    0x00000a72       0xf8 .\CortexM0p\ARM_GCC_541\Debug\cymetadata.o
 .debug_info    0x00000b6a      0x3a5 .\CortexM0p\ARM_GCC_541\Debug\Cm0plusStart.o
 .debug_info    0x00000f0f      0xb67 .\CortexM0p\ARM_GCC_541\Debug\NGFLUI_Vikram_Slave.a(CapSense_Control.o)
 .debug_info    0x00001a76      0xadc .\CortexM0p\ARM_GCC_541\Debug\NGFLUI_Vikram_Slave.a(CapSense_Processing.o)
 .debug_info    0x00002552      0xcc4 .\CortexM0p\ARM_GCC_541\Debug\NGFLUI_Vikram_Slave.a(CapSense_Structure.o)
 .debug_info    0x00003216      0x739 .\CortexM0p\ARM_GCC_541\Debug\NGFLUI_Vikram_Slave.a(CapSense_Tuner.o)
 .debug_info    0x0000394f      0x7b8 .\CortexM0p\ARM_GCC_541\Debug\NGFLUI_Vikram_Slave.a(CapSense_Filter.o)
 .debug_info    0x00004107     0x113c .\CortexM0p\ARM_GCC_541\Debug\NGFLUI_Vikram_Slave.a(CapSense_Sensing.o)
 .debug_info    0x00005243     0x1247 .\CortexM0p\ARM_GCC_541\Debug\NGFLUI_Vikram_Slave.a(CapSense_SensingCSD_LL.o)
 .debug_info    0x0000648a     0x2701 .\CortexM0p\ARM_GCC_541\Debug\NGFLUI_Vikram_Slave.a(CapSense_SelfTest.o)
 .debug_info    0x00008b8b      0x298 .\CortexM0p\ARM_GCC_541\Debug\NGFLUI_Vikram_Slave.a(EZI2C.o)
 .debug_info    0x00008e23      0x4ae .\CortexM0p\ARM_GCC_541\Debug\NGFLUI_Vikram_Slave.a(EZI2C_EZI2C.o)
 .debug_info    0x000092d1      0x284 .\CortexM0p\ARM_GCC_541\Debug\NGFLUI_Vikram_Slave.a(EZI2C_EZI2C_INT.o)
 .debug_info    0x00009555      0x19d .\CortexM0p\ARM_GCC_541\Debug\NGFLUI_Vikram_Slave.a(HB_LED.o)
 .debug_info    0x000096f2      0x19d .\CortexM0p\ARM_GCC_541\Debug\NGFLUI_Vikram_Slave.a(Start_Button.o)
 .debug_info    0x0000988f      0x305 .\CortexM0p\ARM_GCC_541\Debug\NGFLUI_Vikram_Slave.a(CapSense_ISR.o)
 .debug_info    0x00009b94      0xbcd .\CortexM0p\ARM_GCC_541\Debug\NGFLUI_Vikram_Slave.a(CyLib.o)
 .debug_info    0x0000a761      0x444 .\CortexM0p\ARM_GCC_541\Debug\NGFLUI_Vikram_Slave.a(CyLFClk.o)
 .debug_info    0x0000aba5       0x9a .\CortexM0p\ARM_GCC_541\Debug\NGFLUI_Vikram_Slave.a(CyBootAsmGnu.o)
 .debug_info    0x0000ac3f      0x897 .\CortexM0p\ARM_GCC_541\Debug\NGFLUI_Vikram_Slave.a(CapSense_INT.o)
 .debug_info    0x0000b4d6      0x417 .\CortexM0p\ARM_GCC_541\Debug\NGFLUI_Vikram_Slave.a(CyFlash.o)

.debug_abbrev   0x00000000     0x22e6
 *(.debug_abbrev)
 .debug_abbrev  0x00000000      0x195 .\CortexM0p\ARM_GCC_541\Debug\main.o
 .debug_abbrev  0x00000195       0xf1 .\CortexM0p\ARM_GCC_541\Debug\cyfitter_cfg.o
 .debug_abbrev  0x00000286       0x5d .\CortexM0p\ARM_GCC_541\Debug\cymetadata.o
 .debug_abbrev  0x000002e3      0x1d0 .\CortexM0p\ARM_GCC_541\Debug\Cm0plusStart.o
 .debug_abbrev  0x000004b3      0x227 .\CortexM0p\ARM_GCC_541\Debug\NGFLUI_Vikram_Slave.a(CapSense_Control.o)
 .debug_abbrev  0x000006da      0x1d1 .\CortexM0p\ARM_GCC_541\Debug\NGFLUI_Vikram_Slave.a(CapSense_Processing.o)
 .debug_abbrev  0x000008ab      0x22c .\CortexM0p\ARM_GCC_541\Debug\NGFLUI_Vikram_Slave.a(CapSense_Structure.o)
 .debug_abbrev  0x00000ad7      0x175 .\CortexM0p\ARM_GCC_541\Debug\NGFLUI_Vikram_Slave.a(CapSense_Tuner.o)
 .debug_abbrev  0x00000c4c      0x204 .\CortexM0p\ARM_GCC_541\Debug\NGFLUI_Vikram_Slave.a(CapSense_Filter.o)
 .debug_abbrev  0x00000e50      0x22e .\CortexM0p\ARM_GCC_541\Debug\NGFLUI_Vikram_Slave.a(CapSense_Sensing.o)
 .debug_abbrev  0x0000107e      0x2cc .\CortexM0p\ARM_GCC_541\Debug\NGFLUI_Vikram_Slave.a(CapSense_SensingCSD_LL.o)
 .debug_abbrev  0x0000134a      0x24c .\CortexM0p\ARM_GCC_541\Debug\NGFLUI_Vikram_Slave.a(CapSense_SelfTest.o)
 .debug_abbrev  0x00001596      0x118 .\CortexM0p\ARM_GCC_541\Debug\NGFLUI_Vikram_Slave.a(EZI2C.o)
 .debug_abbrev  0x000016ae      0x165 .\CortexM0p\ARM_GCC_541\Debug\NGFLUI_Vikram_Slave.a(EZI2C_EZI2C.o)
 .debug_abbrev  0x00001813       0xbf .\CortexM0p\ARM_GCC_541\Debug\NGFLUI_Vikram_Slave.a(EZI2C_EZI2C_INT.o)
 .debug_abbrev  0x000018d2       0xc8 .\CortexM0p\ARM_GCC_541\Debug\NGFLUI_Vikram_Slave.a(HB_LED.o)
 .debug_abbrev  0x0000199a       0xc8 .\CortexM0p\ARM_GCC_541\Debug\NGFLUI_Vikram_Slave.a(Start_Button.o)
 .debug_abbrev  0x00001a62      0x19a .\CortexM0p\ARM_GCC_541\Debug\NGFLUI_Vikram_Slave.a(CapSense_ISR.o)
 .debug_abbrev  0x00001bfc      0x202 .\CortexM0p\ARM_GCC_541\Debug\NGFLUI_Vikram_Slave.a(CyLib.o)
 .debug_abbrev  0x00001dfe      0x1af .\CortexM0p\ARM_GCC_541\Debug\NGFLUI_Vikram_Slave.a(CyLFClk.o)
 .debug_abbrev  0x00001fad       0x14 .\CortexM0p\ARM_GCC_541\Debug\NGFLUI_Vikram_Slave.a(CyBootAsmGnu.o)
 .debug_abbrev  0x00001fc1      0x187 .\CortexM0p\ARM_GCC_541\Debug\NGFLUI_Vikram_Slave.a(CapSense_INT.o)
 .debug_abbrev  0x00002148      0x19e .\CortexM0p\ARM_GCC_541\Debug\NGFLUI_Vikram_Slave.a(CyFlash.o)

.debug_line     0x00000000     0x3598
 *(.debug_line)
 .debug_line    0x00000000      0x1d8 .\CortexM0p\ARM_GCC_541\Debug\main.o
 .debug_line    0x000001d8       0xba .\CortexM0p\ARM_GCC_541\Debug\cyfitter_cfg.o
 .debug_line    0x00000292      0x141 .\CortexM0p\ARM_GCC_541\Debug\cymetadata.o
 .debug_line    0x000003d3      0x247 .\CortexM0p\ARM_GCC_541\Debug\Cm0plusStart.o
 .debug_line    0x0000061a      0x235 .\CortexM0p\ARM_GCC_541\Debug\NGFLUI_Vikram_Slave.a(CapSense_Control.o)
 .debug_line    0x0000084f      0x2e5 .\CortexM0p\ARM_GCC_541\Debug\NGFLUI_Vikram_Slave.a(CapSense_Processing.o)
 .debug_line    0x00000b34      0x202 .\CortexM0p\ARM_GCC_541\Debug\NGFLUI_Vikram_Slave.a(CapSense_Structure.o)
 .debug_line    0x00000d36      0x11c .\CortexM0p\ARM_GCC_541\Debug\NGFLUI_Vikram_Slave.a(CapSense_Tuner.o)
 .debug_line    0x00000e52      0x1db .\CortexM0p\ARM_GCC_541\Debug\NGFLUI_Vikram_Slave.a(CapSense_Filter.o)
 .debug_line    0x0000102d      0x46a .\CortexM0p\ARM_GCC_541\Debug\NGFLUI_Vikram_Slave.a(CapSense_Sensing.o)
 .debug_line    0x00001497      0x47e .\CortexM0p\ARM_GCC_541\Debug\NGFLUI_Vikram_Slave.a(CapSense_SensingCSD_LL.o)
 .debug_line    0x00001915      0xa67 .\CortexM0p\ARM_GCC_541\Debug\NGFLUI_Vikram_Slave.a(CapSense_SelfTest.o)
 .debug_line    0x0000237c      0x128 .\CortexM0p\ARM_GCC_541\Debug\NGFLUI_Vikram_Slave.a(EZI2C.o)
 .debug_line    0x000024a4      0x167 .\CortexM0p\ARM_GCC_541\Debug\NGFLUI_Vikram_Slave.a(EZI2C_EZI2C.o)
 .debug_line    0x0000260b      0x1d2 .\CortexM0p\ARM_GCC_541\Debug\NGFLUI_Vikram_Slave.a(EZI2C_EZI2C_INT.o)
 .debug_line    0x000027dd       0xbe .\CortexM0p\ARM_GCC_541\Debug\NGFLUI_Vikram_Slave.a(HB_LED.o)
 .debug_line    0x0000289b       0xc4 .\CortexM0p\ARM_GCC_541\Debug\NGFLUI_Vikram_Slave.a(Start_Button.o)
 .debug_line    0x0000295f      0x158 .\CortexM0p\ARM_GCC_541\Debug\NGFLUI_Vikram_Slave.a(CapSense_ISR.o)
 .debug_line    0x00002ab7      0x4dc .\CortexM0p\ARM_GCC_541\Debug\NGFLUI_Vikram_Slave.a(CyLib.o)
 .debug_line    0x00002f93      0x284 .\CortexM0p\ARM_GCC_541\Debug\NGFLUI_Vikram_Slave.a(CyLFClk.o)
 .debug_line    0x00003217       0x68 .\CortexM0p\ARM_GCC_541\Debug\NGFLUI_Vikram_Slave.a(CyBootAsmGnu.o)
 .debug_line    0x0000327f      0x138 .\CortexM0p\ARM_GCC_541\Debug\NGFLUI_Vikram_Slave.a(CapSense_INT.o)
 .debug_line    0x000033b7      0x1e1 .\CortexM0p\ARM_GCC_541\Debug\NGFLUI_Vikram_Slave.a(CyFlash.o)

.debug_frame    0x00000000     0x1f08
 *(.debug_frame)
 .debug_frame   0x00000000       0x3c .\CortexM0p\ARM_GCC_541\Debug\main.o
 .debug_frame   0x0000003c       0x68 .\CortexM0p\ARM_GCC_541\Debug\cyfitter_cfg.o
 .debug_frame   0x000000a4       0xbc .\CortexM0p\ARM_GCC_541\Debug\Cm0plusStart.o
 .debug_frame   0x00000160      0x120 .\CortexM0p\ARM_GCC_541\Debug\NGFLUI_Vikram_Slave.a(CapSense_Control.o)
 .debug_frame   0x00000280       0xe0 .\CortexM0p\ARM_GCC_541\Debug\NGFLUI_Vikram_Slave.a(CapSense_Processing.o)
 .debug_frame   0x00000360       0xd0 .\CortexM0p\ARM_GCC_541\Debug\NGFLUI_Vikram_Slave.a(CapSense_Structure.o)
 .debug_frame   0x00000430       0x40 .\CortexM0p\ARM_GCC_541\Debug\NGFLUI_Vikram_Slave.a(CapSense_Tuner.o)
 .debug_frame   0x00000470      0x144 .\CortexM0p\ARM_GCC_541\Debug\NGFLUI_Vikram_Slave.a(CapSense_Filter.o)
 .debug_frame   0x000005b4      0x2a8 .\CortexM0p\ARM_GCC_541\Debug\NGFLUI_Vikram_Slave.a(CapSense_Sensing.o)
 .debug_frame   0x0000085c      0x308 .\CortexM0p\ARM_GCC_541\Debug\NGFLUI_Vikram_Slave.a(CapSense_SensingCSD_LL.o)
 .debug_frame   0x00000b64      0x76c .\CortexM0p\ARM_GCC_541\Debug\NGFLUI_Vikram_Slave.a(CapSense_SelfTest.o)
 .debug_frame   0x000012d0       0xe8 .\CortexM0p\ARM_GCC_541\Debug\NGFLUI_Vikram_Slave.a(EZI2C.o)
 .debug_frame   0x000013b8      0x120 .\CortexM0p\ARM_GCC_541\Debug\NGFLUI_Vikram_Slave.a(EZI2C_EZI2C.o)
 .debug_frame   0x000014d8       0x30 .\CortexM0p\ARM_GCC_541\Debug\NGFLUI_Vikram_Slave.a(EZI2C_EZI2C_INT.o)
 .debug_frame   0x00001508       0x70 .\CortexM0p\ARM_GCC_541\Debug\NGFLUI_Vikram_Slave.a(HB_LED.o)
 .debug_frame   0x00001578       0x70 .\CortexM0p\ARM_GCC_541\Debug\NGFLUI_Vikram_Slave.a(Start_Button.o)
 .debug_frame   0x000015e8      0x110 .\CortexM0p\ARM_GCC_541\Debug\NGFLUI_Vikram_Slave.a(CapSense_ISR.o)
 .debug_frame   0x000016f8      0x418 .\CortexM0p\ARM_GCC_541\Debug\NGFLUI_Vikram_Slave.a(CyLib.o)
 .debug_frame   0x00001b10      0x1dc .\CortexM0p\ARM_GCC_541\Debug\NGFLUI_Vikram_Slave.a(CyLFClk.o)
 .debug_frame   0x00001cec       0x78 .\CortexM0p\ARM_GCC_541\Debug\NGFLUI_Vikram_Slave.a(CapSense_INT.o)
 .debug_frame   0x00001d64       0xa8 .\CortexM0p\ARM_GCC_541\Debug\NGFLUI_Vikram_Slave.a(CyFlash.o)
 .debug_frame   0x00001e0c       0x20 c:/program files (x86)/cypress/psoc creator/4.2/psoc creator/import/gnu/arm/5.4.1/bin/../lib/gcc/arm-none-eabi/5.4.1/armv6-m\libgcc.a(_udivsi3.o)
 .debug_frame   0x00001e2c       0x20 c:/program files (x86)/cypress/psoc creator/4.2/psoc creator/import/gnu/arm/5.4.1/bin/../lib/gcc/arm-none-eabi/5.4.1/armv6-m\libgcc.a(_divsi3.o)
 .debug_frame   0x00001e4c       0x20 c:/program files (x86)/cypress/psoc creator/4.2/psoc creator/import/gnu/arm/5.4.1/bin/../lib/gcc/arm-none-eabi/5.4.1/../../../../arm-none-eabi/lib/armv6-m\libg_nano.a(lib_a-errno.o)
 .debug_frame   0x00001e6c       0x28 c:/program files (x86)/cypress/psoc creator/4.2/psoc creator/import/gnu/arm/5.4.1/bin/../lib/gcc/arm-none-eabi/5.4.1/../../../../arm-none-eabi/lib/armv6-m\libg_nano.a(lib_a-exit.o)
 .debug_frame   0x00001e94       0x2c c:/program files (x86)/cypress/psoc creator/4.2/psoc creator/import/gnu/arm/5.4.1/bin/../lib/gcc/arm-none-eabi/5.4.1/../../../../arm-none-eabi/lib/armv6-m\libg_nano.a(lib_a-init.o)
 .debug_frame   0x00001ec0       0x28 c:/program files (x86)/cypress/psoc creator/4.2/psoc creator/import/gnu/arm/5.4.1/bin/../lib/gcc/arm-none-eabi/5.4.1/../../../../arm-none-eabi/lib/armv6-m\libg_nano.a(lib_a-memcpy-stub.o)
 .debug_frame   0x00001ee8       0x20 c:/program files (x86)/cypress/psoc creator/4.2/psoc creator/import/gnu/arm/5.4.1/bin/../lib/gcc/arm-none-eabi/5.4.1/../../../../arm-none-eabi/lib/armv6-m\libg_nano.a(lib_a-memset.o)

.debug_str      0x00000000     0x37bd
 *(.debug_str)
 .debug_str     0x00000000      0x750 .\CortexM0p\ARM_GCC_541\Debug\main.o
                                0x797 (size before relaxing)
 .debug_str     0x00000750       0x91 .\CortexM0p\ARM_GCC_541\Debug\cyfitter_cfg.o
                                0x227 (size before relaxing)
 .debug_str     0x000007e1       0x63 .\CortexM0p\ARM_GCC_541\Debug\cymetadata.o
                                0x1d6 (size before relaxing)
 .debug_str     0x00000844      0x155 .\CortexM0p\ARM_GCC_541\Debug\Cm0plusStart.o
                                0x31d (size before relaxing)
 .debug_str     0x00000999      0x42f .\CortexM0p\ARM_GCC_541\Debug\NGFLUI_Vikram_Slave.a(CapSense_Control.o)
                                0xa17 (size before relaxing)
 .debug_str     0x00000dc8      0x141 .\CortexM0p\ARM_GCC_541\Debug\NGFLUI_Vikram_Slave.a(CapSense_Processing.o)
                                0x8d5 (size before relaxing)
 .debug_str     0x00000f09      0x24e .\CortexM0p\ARM_GCC_541\Debug\NGFLUI_Vikram_Slave.a(CapSense_Structure.o)
                                0x924 (size before relaxing)
 .debug_str     0x00001157      0x15f .\CortexM0p\ARM_GCC_541\Debug\NGFLUI_Vikram_Slave.a(CapSense_Tuner.o)
                                0x728 (size before relaxing)
 .debug_str     0x000012b6      0x1ba .\CortexM0p\ARM_GCC_541\Debug\NGFLUI_Vikram_Slave.a(CapSense_Filter.o)
                                0x683 (size before relaxing)
 .debug_str     0x00001470      0x591 .\CortexM0p\ARM_GCC_541\Debug\NGFLUI_Vikram_Slave.a(CapSense_Sensing.o)
                                0xd15 (size before relaxing)
 .debug_str     0x00001a01      0x3d2 .\CortexM0p\ARM_GCC_541\Debug\NGFLUI_Vikram_Slave.a(CapSense_SensingCSD_LL.o)
                                0xd1a (size before relaxing)
 .debug_str     0x00001dd3      0xa28 .\CortexM0p\ARM_GCC_541\Debug\NGFLUI_Vikram_Slave.a(CapSense_SelfTest.o)
                               0x13ee (size before relaxing)
 .debug_str     0x000027fb      0x119 .\CortexM0p\ARM_GCC_541\Debug\NGFLUI_Vikram_Slave.a(EZI2C.o)
                                0x2ec (size before relaxing)
 .debug_str     0x00002914      0x232 .\CortexM0p\ARM_GCC_541\Debug\NGFLUI_Vikram_Slave.a(EZI2C_EZI2C.o)
                                0x449 (size before relaxing)
 .debug_str     0x00002b46       0xe4 .\CortexM0p\ARM_GCC_541\Debug\NGFLUI_Vikram_Slave.a(EZI2C_EZI2C_INT.o)
                                0x39e (size before relaxing)
 .debug_str     0x00002c2a       0xa5 .\CortexM0p\ARM_GCC_541\Debug\NGFLUI_Vikram_Slave.a(HB_LED.o)
                                0x24b (size before relaxing)
 .debug_str     0x00002ccf       0xa5 .\CortexM0p\ARM_GCC_541\Debug\NGFLUI_Vikram_Slave.a(Start_Button.o)
                                0x275 (size before relaxing)
 .debug_str     0x00002d74      0x14b .\CortexM0p\ARM_GCC_541\Debug\NGFLUI_Vikram_Slave.a(CapSense_ISR.o)
                                0x35a (size before relaxing)
 .debug_str     0x00002ebf      0x478 .\CortexM0p\ARM_GCC_541\Debug\NGFLUI_Vikram_Slave.a(CyLib.o)
                                0x719 (size before relaxing)
 .debug_str     0x00003337      0x2d0 .\CortexM0p\ARM_GCC_541\Debug\NGFLUI_Vikram_Slave.a(CyLFClk.o)
                                0x4c8 (size before relaxing)
 .debug_str     0x00003607       0x99 .\CortexM0p\ARM_GCC_541\Debug\NGFLUI_Vikram_Slave.a(CapSense_INT.o)
                                0x7b2 (size before relaxing)
 .debug_str     0x000036a0      0x11d .\CortexM0p\ARM_GCC_541\Debug\NGFLUI_Vikram_Slave.a(CyFlash.o)
                                0x330 (size before relaxing)

.debug_loc      0x00000000     0x5a1e
 *(.debug_loc)
 .debug_loc     0x00000000      0x1cb .\CortexM0p\ARM_GCC_541\Debug\main.o
 .debug_loc     0x000001cb       0x35 .\CortexM0p\ARM_GCC_541\Debug\cyfitter_cfg.o
 .debug_loc     0x00000200      0x14f .\CortexM0p\ARM_GCC_541\Debug\Cm0plusStart.o
 .debug_loc     0x0000034f      0x448 .\CortexM0p\ARM_GCC_541\Debug\NGFLUI_Vikram_Slave.a(CapSense_Control.o)
 .debug_loc     0x00000797      0x54d .\CortexM0p\ARM_GCC_541\Debug\NGFLUI_Vikram_Slave.a(CapSense_Processing.o)
 .debug_loc     0x00000ce4      0x4a8 .\CortexM0p\ARM_GCC_541\Debug\NGFLUI_Vikram_Slave.a(CapSense_Structure.o)
 .debug_loc     0x0000118c      0x176 .\CortexM0p\ARM_GCC_541\Debug\NGFLUI_Vikram_Slave.a(CapSense_Tuner.o)
 .debug_loc     0x00001302      0x647 .\CortexM0p\ARM_GCC_541\Debug\NGFLUI_Vikram_Slave.a(CapSense_Filter.o)
 .debug_loc     0x00001949      0x7f5 .\CortexM0p\ARM_GCC_541\Debug\NGFLUI_Vikram_Slave.a(CapSense_Sensing.o)
 .debug_loc     0x0000213e      0x916 .\CortexM0p\ARM_GCC_541\Debug\NGFLUI_Vikram_Slave.a(CapSense_SensingCSD_LL.o)
 .debug_loc     0x00002a54     0x1e7b .\CortexM0p\ARM_GCC_541\Debug\NGFLUI_Vikram_Slave.a(CapSense_SelfTest.o)
 .debug_loc     0x000048cf       0x7e .\CortexM0p\ARM_GCC_541\Debug\NGFLUI_Vikram_Slave.a(EZI2C.o)
 .debug_loc     0x0000494d      0x1f0 .\CortexM0p\ARM_GCC_541\Debug\NGFLUI_Vikram_Slave.a(EZI2C_EZI2C.o)
 .debug_loc     0x00004b3d      0x162 .\CortexM0p\ARM_GCC_541\Debug\NGFLUI_Vikram_Slave.a(EZI2C_EZI2C_INT.o)
 .debug_loc     0x00004c9f       0xa2 .\CortexM0p\ARM_GCC_541\Debug\NGFLUI_Vikram_Slave.a(HB_LED.o)
 .debug_loc     0x00004d41       0xa2 .\CortexM0p\ARM_GCC_541\Debug\NGFLUI_Vikram_Slave.a(Start_Button.o)
 .debug_loc     0x00004de3       0x82 .\CortexM0p\ARM_GCC_541\Debug\NGFLUI_Vikram_Slave.a(CapSense_ISR.o)
 .debug_loc     0x00004e65      0x5d9 .\CortexM0p\ARM_GCC_541\Debug\NGFLUI_Vikram_Slave.a(CyLib.o)
 .debug_loc     0x0000543e      0x354 .\CortexM0p\ARM_GCC_541\Debug\NGFLUI_Vikram_Slave.a(CyLFClk.o)
 .debug_loc     0x00005792       0xcf .\CortexM0p\ARM_GCC_541\Debug\NGFLUI_Vikram_Slave.a(CapSense_INT.o)
 .debug_loc     0x00005861      0x1bd .\CortexM0p\ARM_GCC_541\Debug\NGFLUI_Vikram_Slave.a(CyFlash.o)

.debug_macinfo
 *(.debug_macinfo)

.debug_ranges   0x00000000      0x9b8
 *(.debug_ranges)
 .debug_ranges  0x00000000       0x10 .\CortexM0p\ARM_GCC_541\Debug\main.o
 .debug_ranges  0x00000010       0x28 .\CortexM0p\ARM_GCC_541\Debug\cyfitter_cfg.o
 .debug_ranges  0x00000038       0x38 .\CortexM0p\ARM_GCC_541\Debug\Cm0plusStart.o
 .debug_ranges  0x00000070       0x58 .\CortexM0p\ARM_GCC_541\Debug\NGFLUI_Vikram_Slave.a(CapSense_Control.o)
 .debug_ranges  0x000000c8       0x38 .\CortexM0p\ARM_GCC_541\Debug\NGFLUI_Vikram_Slave.a(CapSense_Processing.o)
 .debug_ranges  0x00000100       0x40 .\CortexM0p\ARM_GCC_541\Debug\NGFLUI_Vikram_Slave.a(CapSense_Structure.o)
 .debug_ranges  0x00000140       0x18 .\CortexM0p\ARM_GCC_541\Debug\NGFLUI_Vikram_Slave.a(CapSense_Tuner.o)
 .debug_ranges  0x00000158       0x60 .\CortexM0p\ARM_GCC_541\Debug\NGFLUI_Vikram_Slave.a(CapSense_Filter.o)
 .debug_ranges  0x000001b8       0xd0 .\CortexM0p\ARM_GCC_541\Debug\NGFLUI_Vikram_Slave.a(CapSense_Sensing.o)
 .debug_ranges  0x00000288       0xe0 .\CortexM0p\ARM_GCC_541\Debug\NGFLUI_Vikram_Slave.a(CapSense_SensingCSD_LL.o)
 .debug_ranges  0x00000368      0x200 .\CortexM0p\ARM_GCC_541\Debug\NGFLUI_Vikram_Slave.a(CapSense_SelfTest.o)
 .debug_ranges  0x00000568       0x50 .\CortexM0p\ARM_GCC_541\Debug\NGFLUI_Vikram_Slave.a(EZI2C.o)
 .debug_ranges  0x000005b8       0x68 .\CortexM0p\ARM_GCC_541\Debug\NGFLUI_Vikram_Slave.a(EZI2C_EZI2C.o)
 .debug_ranges  0x00000620       0x10 .\CortexM0p\ARM_GCC_541\Debug\NGFLUI_Vikram_Slave.a(EZI2C_EZI2C_INT.o)
 .debug_ranges  0x00000630       0x38 .\CortexM0p\ARM_GCC_541\Debug\NGFLUI_Vikram_Slave.a(HB_LED.o)
 .debug_ranges  0x00000668       0x38 .\CortexM0p\ARM_GCC_541\Debug\NGFLUI_Vikram_Slave.a(Start_Button.o)
 .debug_ranges  0x000006a0       0x70 .\CortexM0p\ARM_GCC_541\Debug\NGFLUI_Vikram_Slave.a(CapSense_ISR.o)
 .debug_ranges  0x00000710      0x180 .\CortexM0p\ARM_GCC_541\Debug\NGFLUI_Vikram_Slave.a(CyLib.o)
 .debug_ranges  0x00000890       0xc8 .\CortexM0p\ARM_GCC_541\Debug\NGFLUI_Vikram_Slave.a(CyLFClk.o)
 .debug_ranges  0x00000958       0x28 .\CortexM0p\ARM_GCC_541\Debug\NGFLUI_Vikram_Slave.a(CapSense_INT.o)
 .debug_ranges  0x00000980       0x38 .\CortexM0p\ARM_GCC_541\Debug\NGFLUI_Vikram_Slave.a(CyFlash.o)

.comment        0x00000000       0x6e
 .comment       0x00000000       0x6e .\CortexM0p\ARM_GCC_541\Debug\main.o
                                 0x6f (size before relaxing)
 .comment       0x0000006e       0x6f .\CortexM0p\ARM_GCC_541\Debug\cyfitter_cfg.o
 .comment       0x0000006e       0x6f .\CortexM0p\ARM_GCC_541\Debug\cymetadata.o
 .comment       0x0000006e       0x6f .\CortexM0p\ARM_GCC_541\Debug\Cm0plusStart.o
 .comment       0x0000006e       0x6f .\CortexM0p\ARM_GCC_541\Debug\NGFLUI_Vikram_Slave.a(CapSense_Control.o)
 .comment       0x0000006e       0x6f .\CortexM0p\ARM_GCC_541\Debug\NGFLUI_Vikram_Slave.a(CapSense_Processing.o)
 .comment       0x0000006e       0x6f .\CortexM0p\ARM_GCC_541\Debug\NGFLUI_Vikram_Slave.a(CapSense_Structure.o)
 .comment       0x0000006e       0x6f .\CortexM0p\ARM_GCC_541\Debug\NGFLUI_Vikram_Slave.a(CapSense_Tuner.o)
 .comment       0x0000006e       0x6f .\CortexM0p\ARM_GCC_541\Debug\NGFLUI_Vikram_Slave.a(CapSense_Filter.o)
 .comment       0x0000006e       0x6f .\CortexM0p\ARM_GCC_541\Debug\NGFLUI_Vikram_Slave.a(CapSense_Sensing.o)
 .comment       0x0000006e       0x6f .\CortexM0p\ARM_GCC_541\Debug\NGFLUI_Vikram_Slave.a(CapSense_SensingCSD_LL.o)
 .comment       0x0000006e       0x6f .\CortexM0p\ARM_GCC_541\Debug\NGFLUI_Vikram_Slave.a(CapSense_SelfTest.o)
 .comment       0x0000006e       0x6f .\CortexM0p\ARM_GCC_541\Debug\NGFLUI_Vikram_Slave.a(EZI2C.o)
 .comment       0x0000006e       0x6f .\CortexM0p\ARM_GCC_541\Debug\NGFLUI_Vikram_Slave.a(EZI2C_EZI2C.o)
 .comment       0x0000006e       0x6f .\CortexM0p\ARM_GCC_541\Debug\NGFLUI_Vikram_Slave.a(EZI2C_EZI2C_INT.o)
 .comment       0x0000006e       0x6f .\CortexM0p\ARM_GCC_541\Debug\NGFLUI_Vikram_Slave.a(HB_LED.o)
 .comment       0x0000006e       0x6f .\CortexM0p\ARM_GCC_541\Debug\NGFLUI_Vikram_Slave.a(Start_Button.o)
 .comment       0x0000006e       0x6f .\CortexM0p\ARM_GCC_541\Debug\NGFLUI_Vikram_Slave.a(CapSense_ISR.o)
 .comment       0x0000006e       0x6f .\CortexM0p\ARM_GCC_541\Debug\NGFLUI_Vikram_Slave.a(CyLib.o)
 .comment       0x0000006e       0x6f .\CortexM0p\ARM_GCC_541\Debug\NGFLUI_Vikram_Slave.a(CyLFClk.o)
 .comment       0x0000006e       0x6f .\CortexM0p\ARM_GCC_541\Debug\NGFLUI_Vikram_Slave.a(CapSense_INT.o)
 .comment       0x0000006e       0x6f .\CortexM0p\ARM_GCC_541\Debug\NGFLUI_Vikram_Slave.a(CyFlash.o)

.debug_weaknames
 *(.debug_weaknames)

.debug_funcnames
 *(.debug_funcnames)

.debug_typenames
 *(.debug_typenames)

.debug_varnames
 *(.debug_varnames)

.note.gnu.arm.ident
 *(.note.gnu.arm.ident)

.ARM.attributes
                0x00000000       0x28
 *(.ARM.attributes)
 .ARM.attributes
                0x00000000       0x1e c:/program files (x86)/cypress/psoc creator/4.2/psoc creator/import/gnu/arm/5.4.1/bin/../lib/gcc/arm-none-eabi/5.4.1/armv6-m/crti.o
 .ARM.attributes
                0x0000001e       0x2c c:/program files (x86)/cypress/psoc creator/4.2/psoc creator/import/gnu/arm/5.4.1/bin/../lib/gcc/arm-none-eabi/5.4.1/armv6-m/crtbegin.o
 .ARM.attributes
                0x0000004a       0x1b c:/program files (x86)/cypress/psoc creator/4.2/psoc creator/import/gnu/arm/5.4.1/bin/../lib/gcc/arm-none-eabi/5.4.1/../../../../arm-none-eabi/lib/armv6-m/crt0.o
 .ARM.attributes
                0x00000065       0x32 .\CortexM0p\ARM_GCC_541\Debug\main.o
 .ARM.attributes
                0x00000097       0x32 .\CortexM0p\ARM_GCC_541\Debug\cyfitter_cfg.o
 .ARM.attributes
                0x000000c9       0x32 .\CortexM0p\ARM_GCC_541\Debug\cymetadata.o
 .ARM.attributes
                0x000000fb       0x32 .\CortexM0p\ARM_GCC_541\Debug\Cm0plusStart.o
 .ARM.attributes
                0x0000012d       0x32 .\CortexM0p\ARM_GCC_541\Debug\NGFLUI_Vikram_Slave.a(CapSense_Control.o)
 .ARM.attributes
                0x0000015f       0x32 .\CortexM0p\ARM_GCC_541\Debug\NGFLUI_Vikram_Slave.a(CapSense_Processing.o)
 .ARM.attributes
                0x00000191       0x32 .\CortexM0p\ARM_GCC_541\Debug\NGFLUI_Vikram_Slave.a(CapSense_Structure.o)
 .ARM.attributes
                0x000001c3       0x32 .\CortexM0p\ARM_GCC_541\Debug\NGFLUI_Vikram_Slave.a(CapSense_Tuner.o)
 .ARM.attributes
                0x000001f5       0x32 .\CortexM0p\ARM_GCC_541\Debug\NGFLUI_Vikram_Slave.a(CapSense_Filter.o)
 .ARM.attributes
                0x00000227       0x32 .\CortexM0p\ARM_GCC_541\Debug\NGFLUI_Vikram_Slave.a(CapSense_Sensing.o)
 .ARM.attributes
                0x00000259       0x32 .\CortexM0p\ARM_GCC_541\Debug\NGFLUI_Vikram_Slave.a(CapSense_SensingCSD_LL.o)
 .ARM.attributes
                0x0000028b       0x32 .\CortexM0p\ARM_GCC_541\Debug\NGFLUI_Vikram_Slave.a(CapSense_SelfTest.o)
 .ARM.attributes
                0x000002bd       0x32 .\CortexM0p\ARM_GCC_541\Debug\NGFLUI_Vikram_Slave.a(EZI2C.o)
 .ARM.attributes
                0x000002ef       0x32 .\CortexM0p\ARM_GCC_541\Debug\NGFLUI_Vikram_Slave.a(EZI2C_EZI2C.o)
 .ARM.attributes
                0x00000321       0x32 .\CortexM0p\ARM_GCC_541\Debug\NGFLUI_Vikram_Slave.a(EZI2C_EZI2C_INT.o)
 .ARM.attributes
                0x00000353       0x32 .\CortexM0p\ARM_GCC_541\Debug\NGFLUI_Vikram_Slave.a(HB_LED.o)
 .ARM.attributes
                0x00000385       0x32 .\CortexM0p\ARM_GCC_541\Debug\NGFLUI_Vikram_Slave.a(Start_Button.o)
 .ARM.attributes
                0x000003b7       0x32 .\CortexM0p\ARM_GCC_541\Debug\NGFLUI_Vikram_Slave.a(CapSense_ISR.o)
 .ARM.attributes
                0x000003e9       0x32 .\CortexM0p\ARM_GCC_541\Debug\NGFLUI_Vikram_Slave.a(CyLib.o)
 .ARM.attributes
                0x0000041b       0x32 .\CortexM0p\ARM_GCC_541\Debug\NGFLUI_Vikram_Slave.a(CyLFClk.o)
 .ARM.attributes
                0x0000044d       0x22 .\CortexM0p\ARM_GCC_541\Debug\NGFLUI_Vikram_Slave.a(CyBootAsmGnu.o)
 .ARM.attributes
                0x0000046f       0x32 .\CortexM0p\ARM_GCC_541\Debug\NGFLUI_Vikram_Slave.a(CapSense_INT.o)
 .ARM.attributes
                0x000004a1       0x32 .\CortexM0p\ARM_GCC_541\Debug\NGFLUI_Vikram_Slave.a(CyFlash.o)
 .ARM.attributes
                0x000004d3       0x1e c:/program files (x86)/cypress/psoc creator/4.2/psoc creator/import/gnu/arm/5.4.1/bin/../lib/gcc/arm-none-eabi/5.4.1/armv6-m\libgcc.a(_udivsi3.o)
 .ARM.attributes
                0x000004f1       0x1e c:/program files (x86)/cypress/psoc creator/4.2/psoc creator/import/gnu/arm/5.4.1/bin/../lib/gcc/arm-none-eabi/5.4.1/armv6-m\libgcc.a(_divsi3.o)
 .ARM.attributes
                0x0000050f       0x1e c:/program files (x86)/cypress/psoc creator/4.2/psoc creator/import/gnu/arm/5.4.1/bin/../lib/gcc/arm-none-eabi/5.4.1/armv6-m\libgcc.a(_dvmd_tls.o)
 .ARM.attributes
                0x0000052d       0x2c c:/program files (x86)/cypress/psoc creator/4.2/psoc creator/import/gnu/arm/5.4.1/bin/../lib/gcc/arm-none-eabi/5.4.1/../../../../arm-none-eabi/lib/armv6-m\libg_nano.a(lib_a-errno.o)
 .ARM.attributes
                0x00000559       0x2c c:/program files (x86)/cypress/psoc creator/4.2/psoc creator/import/gnu/arm/5.4.1/bin/../lib/gcc/arm-none-eabi/5.4.1/../../../../arm-none-eabi/lib/armv6-m\libg_nano.a(lib_a-exit.o)
 .ARM.attributes
                0x00000585       0x2c c:/program files (x86)/cypress/psoc creator/4.2/psoc creator/import/gnu/arm/5.4.1/bin/../lib/gcc/arm-none-eabi/5.4.1/../../../../arm-none-eabi/lib/armv6-m\libg_nano.a(lib_a-impure.o)
 .ARM.attributes
                0x000005b1       0x2c c:/program files (x86)/cypress/psoc creator/4.2/psoc creator/import/gnu/arm/5.4.1/bin/../lib/gcc/arm-none-eabi/5.4.1/../../../../arm-none-eabi/lib/armv6-m\libg_nano.a(lib_a-init.o)
 .ARM.attributes
                0x000005dd       0x2c c:/program files (x86)/cypress/psoc creator/4.2/psoc creator/import/gnu/arm/5.4.1/bin/../lib/gcc/arm-none-eabi/5.4.1/../../../../arm-none-eabi/lib/armv6-m\libg_nano.a(lib_a-memcpy-stub.o)
 .ARM.attributes
                0x00000609       0x2c c:/program files (x86)/cypress/psoc creator/4.2/psoc creator/import/gnu/arm/5.4.1/bin/../lib/gcc/arm-none-eabi/5.4.1/../../../../arm-none-eabi/lib/armv6-m\libg_nano.a(lib_a-memset.o)
 .ARM.attributes
                0x00000635       0x2c c:/program files (x86)/cypress/psoc creator/4.2/psoc creator/import/gnu/arm/5.4.1/bin/../lib/gcc/arm-none-eabi/5.4.1/armv6-m/crtend.o
 .ARM.attributes
                0x00000661       0x1e c:/program files (x86)/cypress/psoc creator/4.2/psoc creator/import/gnu/arm/5.4.1/bin/../lib/gcc/arm-none-eabi/5.4.1/armv6-m/crtn.o

/DISCARD/
 *(.note.GNU-stack)
OUTPUT(C:\GEA_Cypress_proj\NGFL\Tuning_SW\_old\NGFLUI.cywrk.Archive01\NGFLUI\NGFLUI_Vikram_Slave.cydsn\CortexM0p\ARM_GCC_541\Debug\NGFLUI_Vikram_Slave.elf elf32-littlearm)
